../Modules/Serial_Communication/Src/desktop_app_session.c:38:6:desktopAppSession_init	16	static
../Modules/Serial_Communication/Src/desktop_app_session.c:67:25:desktopAppSession_start	16	static
../Modules/Serial_Communication/Src/desktop_app_session.c:107:25:desktopAppSession_stop	4	static
../Modules/Serial_Communication/Src/desktop_app_session.c:118:25:desktopAppSession_update	8	static
../Modules/Serial_Communication/Src/desktop_app_session.c:150:25:desktopAppSession_enqueueMessage	16	static
../Modules/Serial_Communication/Src/desktop_app_session.c:182:25:desktopAppSession_dequeueMessage	32	static
../Modules/Serial_Communication/Src/desktop_app_session.c:245:25:_handshake	88	static
../Modules/Serial_Communication/Src/desktop_app_session.c:360:25:_session_update	88	static
../Modules/Serial_Communication/Src/desktop_app_session.c:420:25:_listen	72	static
../Modules/Serial_Communication/Src/desktop_app_session.c:471:25:_tell	16	static
