../Modules/Serial_Communication/Src/desktop_app_session.c:38:6:desktopAppSession_init	16	static
../Modules/Serial_Communication/Src/desktop_app_session.c:65:25:desktopAppSession_start	16	static
../Modules/Serial_Communication/Src/desktop_app_session.c:100:25:desktopAppSession_stop	4	static
../Modules/Serial_Communication/Src/desktop_app_session.c:111:25:desktopAppSession_update	8	static
../Modules/Serial_Communication/Src/desktop_app_session.c:139:25:desktopAppSession_enqueueMessage	16	static
../Modules/Serial_Communication/Src/desktop_app_session.c:169:25:desktopAppSession_dequeueMessage	32	static
../Modules/Serial_Communication/Src/desktop_app_session.c:228:25:_handshake	88	static
../Modules/Serial_Communication/Src/desktop_app_session.c:343:25:_session_update	88	static
../Modules/Serial_Communication/Src/desktop_app_session.c:403:25:_listen	72	static
../Modules/Serial_Communication/Src/desktop_app_session.c:454:25:_tell	16	static
