../Modules/Serial_Communication/Src/desktop_app_session.c:38:6:desktopAppSession_init	16	static
../Modules/Serial_Communication/Src/desktop_app_session.c:65:6:sessionOpen	4	static
../Modules/Serial_Communication/Src/desktop_app_session.c:77:25:desktopAppSession_start	16	static
../Modules/Serial_Communication/Src/desktop_app_session.c:117:25:desktopAppSession_stop	4	static
../Modules/Serial_Communication/Src/desktop_app_session.c:128:25:desktopAppSession_update	8	static
../Modules/Serial_Communication/Src/desktop_app_session.c:160:25:desktopAppSession_enqueueMessage	16	static
../Modules/Serial_Communication/Src/desktop_app_session.c:192:25:desktopAppSession_dequeueMessage	32	static
../Modules/Serial_Communication/Src/desktop_app_session.c:255:25:_handshake	88	static
../Modules/Serial_Communication/Src/desktop_app_session.c:370:25:_session_update	88	static
../Modules/Serial_Communication/Src/desktop_app_session.c:431:25:_listen	72	static
../Modules/Serial_Communication/Src/desktop_app_session.c:482:25:_tell	16	static
