../Modules/Serial_Communication/Src/uart_transport_layer.c:47:6:uartTransport_init	16	static
../Modules/Serial_Communication/Src/uart_transport_layer.c:70:6:uartTransport_reset	8	static
../Modules/Serial_Communication/Src/uart_transport_layer.c:90:6:uartTransport_deinit	4	static
../Modules/Serial_Communication/Src/uart_transport_layer.c:111:17:uartTransport_bufferTx	16	static
../Modules/Serial_Communication/Src/uart_transport_layer.c:143:17:uartTransport_debufferRx	16	static
../Modules/Serial_Communication/Src/uart_transport_layer.c:176:17:uartTransport_tx_polled	24	static
../Modules/Serial_Communication/Src/uart_transport_layer.c:228:17:uartTransport_rx_polled	24	static
../Modules/Serial_Communication/Src/uart_transport_layer.c:278:6:_transportLayer_reset	8	static
