../../Drivers/STM32WLxx_HAL_Driver/Inc/stm32wlxx_ll_bus.h:449:22:LL_AHB2_GRP1_EnableClock	8	static
../Core/Src/main.c:68:6:HAL_UART_ErrorCallback	0	static
../Core/Src/main.c:77:6:HAL_UART_TxCpltCallback	0	static
../Core/Src/main.c:87:6:HAL_UART_RxCpltCallback	0	static
../Core/Src/main.c:97:6:HAL_RTC_AlarmAEventCallback	48	static
../Core/Src/main.c:283:6:SystemClock_Config	112	static,ignoring_inline_asm
../Core/Src/main.c:112:5:main	296	static,ignoring_inline_asm
../Core/Src/main.c:493:6:Error_Handler	0	static,ignoring_inline_asm
