../Core/Src/uart_basic_com.c:41:6:uartBasic_init	16	static
../Core/Src/uart_basic_com.c:51:6:uartBasic_TX_IT	16	static
../Core/Src/uart_basic_com.c:79:6:uartBasic_RX_IT	8	static
../Core/Src/uart_basic_com.c:103:6:uartBasic_TX_Poll	16	static
../Core/Src/uart_basic_com.c:134:6:uartBasic_RX_Poll	4	static
../Core/Src/uart_basic_com.c:159:6:uartBasic_get_RX	56	static
../Core/Src/uart_basic_com.c:193:6:uartBasic_RX_Complete_ISR	4	static
../Core/Src/uart_basic_com.c:202:6:uartBasic_TX_Complete_ISR	4	static
../Core/Src/uart_basic_com.c:211:6:uartBasic_Error_ISR	4	static
../Core/Src/uart_basic_com.c:224:6:_txMessage_IT	8	static
../Core/Src/uart_basic_com.c:234:6:_rxMessage_IT	8	static
../Core/Src/uart_basic_com.c:244:6:_txMessage_Poll	8	static
../Core/Src/uart_basic_com.c:254:6:_rxMessage_Poll	8	static
