../Core/Src/uart_basic_com.c:41:6:uartBasic_init	0	static
../Core/Src/uart_basic_com.c:103:6:uartBasic_get_RX	56	static
../Core/Src/uart_basic_com.c:137:6:uartBasic_RX_Complete_ISR	0	static
../Core/Src/uart_basic_com.c:146:6:uartBasic_TX_Complete_ISR	0	static
../Core/Src/uart_basic_com.c:155:6:uartBasic_Error_ISR	0	static
../Core/Src/uart_basic_com.c:168:6:_txMessage_IT	8	static
../Core/Src/uart_basic_com.c:51:6:uartBasic_TX_IT	16	static
../Core/Src/uart_basic_com.c:178:6:_rxMessage_IT	8	static
../Core/Src/uart_basic_com.c:79:6:uartBasic_RX_IT	8	static
../Core/Src/uart_basic_com.c:188:6:_txMessage_Poll	8	static
../Core/Src/uart_basic_com.c:198:6:_rxMessage_Poll	8	static
