../Core/Src/com_session_layer.c:30:6:com_session_init	16	static
../Core/Src/com_session_layer.c:50:16:start_session	16	static
../Core/Src/com_session_layer.c:80:16:session_cycle	8	static
../Core/Src/com_session_layer.c:105:16:tell	16	static
../Core/Src/com_session_layer.c:152:16:listen	24	static
../Core/Src/com_session_layer.c:194:16:_handshake	88	static
../Core/Src/com_session_layer.c:303:16:_session_cycle	88	static
../Core/Src/com_session_layer.c:354:16:_listen	72	static
../Core/Src/com_session_layer.c:402:16:_tell	16	static
../Core/Src/com_session_layer.c:426:16:getCommand	32	static
