../Core/Src/com_session_layer.c:29:6:com_session_init	16	static
../Core/Src/com_session_layer.c:49:16:start_session	16	static
../Core/Src/com_session_layer.c:79:16:session_cycle	8	static
../Core/Src/com_session_layer.c:104:16:tell	24	static
../Core/Src/com_session_layer.c:151:16:listen	24	static
../Core/Src/com_session_layer.c:193:16:_handshake	56	static
../Core/Src/com_session_layer.c:302:16:_session_cycle	56	static
../Core/Src/com_session_layer.c:350:16:_listen	40	static
../Core/Src/com_session_layer.c:398:16:getCommand	24	static
