../../Drivers/STM32WLxx_HAL_Driver/Inc/stm32wlxx_ll_rcc.h:1257:22:LL_RCC_LSE_SetDriveCapability	16	static
../../Drivers/STM32WLxx_HAL_Driver/Inc/stm32wlxx_ll_bus.h:449:22:LL_AHB2_GRP1_EnableClock	24	static
../Core/Src/main.c:67:6:HAL_RTC_AlarmAEventCallback	16	static
../Core/Src/main.c:73:6:event_start	8	static
../Core/Src/main.c:81:6:event_end	8	static
../Core/Src/main.c:95:5:main	120	static
../Core/Src/main.c:256:6:SystemClock_Config	112	static
../Core/Src/main.c:309:13:MX_RTC_Init	80	static
../Core/Src/main.c:395:13:MX_USART2_UART_Init	8	static
../Core/Src/main.c:445:13:MX_GPIO_Init	8	static
../Core/Src/main.c:467:6:Error_Handler	4	static,ignoring_inline_asm
