../../Drivers/STM32WLxx_HAL_Driver/Inc/stm32wlxx_ll_rcc.h:1257:22:LL_RCC_LSE_SetDriveCapability	16	static
../../Drivers/STM32WLxx_HAL_Driver/Inc/stm32wlxx_ll_bus.h:449:22:LL_AHB2_GRP1_EnableClock	24	static
../Core/Src/main.c:68:6:HAL_UART_ErrorCallback	16	static
../Core/Src/main.c:77:6:HAL_UART_TxCpltCallback	16	static
../Core/Src/main.c:87:6:HAL_UART_RxCpltCallback	16	static
../Core/Src/main.c:97:6:HAL_RTC_AlarmAEventCallback	16	static
../Core/Src/main.c:108:5:main	304	static
../Core/Src/main.c:258:6:SystemClock_Config	112	static
../Core/Src/main.c:311:13:MX_RTC_Init	80	static
../Core/Src/main.c:397:13:MX_USART2_UART_Init	8	static
../Core/Src/main.c:447:13:MX_GPIO_Init	8	static
../Core/Src/main.c:469:6:Error_Handler	4	static,ignoring_inline_asm
