Archive member included to satisfy reference by file (symbol)

/Applications/STM32CubeIDE.app/Contents/Eclipse/plugins/com.st.stm32cube.ide.mcu.externaltools.gnu-tools-for-stm32.10.3-2021.10.macos64_1.0.200.202301161003/tools/bin/../lib/gcc/arm-none-eabi/10.3.1/../../../../arm-none-eabi/lib/thumb/v7e-m/nofp/libc_nano.a(lib_a-atoi.o)
                              ./Core/Src/com_presentation_layer.o (atoi)
/Applications/STM32CubeIDE.app/Contents/Eclipse/plugins/com.st.stm32cube.ide.mcu.externaltools.gnu-tools-for-stm32.10.3-2021.10.macos64_1.0.200.202301161003/tools/bin/../lib/gcc/arm-none-eabi/10.3.1/../../../../arm-none-eabi/lib/thumb/v7e-m/nofp/libc_nano.a(lib_a-errno.o)
                              ./Core/Src/syscalls.o (__errno)
/Applications/STM32CubeIDE.app/Contents/Eclipse/plugins/com.st.stm32cube.ide.mcu.externaltools.gnu-tools-for-stm32.10.3-2021.10.macos64_1.0.200.202301161003/tools/bin/../lib/gcc/arm-none-eabi/10.3.1/../../../../arm-none-eabi/lib/thumb/v7e-m/nofp/libc_nano.a(lib_a-exit.o)
                              /Applications/STM32CubeIDE.app/Contents/Eclipse/plugins/com.st.stm32cube.ide.mcu.externaltools.gnu-tools-for-stm32.10.3-2021.10.macos64_1.0.200.202301161003/tools/bin/../lib/gcc/arm-none-eabi/10.3.1/../../../../arm-none-eabi/lib/thumb/v7e-m/nofp/crt0.o (exit)
/Applications/STM32CubeIDE.app/Contents/Eclipse/plugins/com.st.stm32cube.ide.mcu.externaltools.gnu-tools-for-stm32.10.3-2021.10.macos64_1.0.200.202301161003/tools/bin/../lib/gcc/arm-none-eabi/10.3.1/../../../../arm-none-eabi/lib/thumb/v7e-m/nofp/libc_nano.a(lib_a-impure.o)
                              /Applications/STM32CubeIDE.app/Contents/Eclipse/plugins/com.st.stm32cube.ide.mcu.externaltools.gnu-tools-for-stm32.10.3-2021.10.macos64_1.0.200.202301161003/tools/bin/../lib/gcc/arm-none-eabi/10.3.1/../../../../arm-none-eabi/lib/thumb/v7e-m/nofp/libc_nano.a(lib_a-exit.o) (_global_impure_ptr)
/Applications/STM32CubeIDE.app/Contents/Eclipse/plugins/com.st.stm32cube.ide.mcu.externaltools.gnu-tools-for-stm32.10.3-2021.10.macos64_1.0.200.202301161003/tools/bin/../lib/gcc/arm-none-eabi/10.3.1/../../../../arm-none-eabi/lib/thumb/v7e-m/nofp/libc_nano.a(lib_a-init.o)
                              /Applications/STM32CubeIDE.app/Contents/Eclipse/plugins/com.st.stm32cube.ide.mcu.externaltools.gnu-tools-for-stm32.10.3-2021.10.macos64_1.0.200.202301161003/tools/bin/../lib/gcc/arm-none-eabi/10.3.1/../../../../arm-none-eabi/lib/thumb/v7e-m/nofp/crt0.o (__libc_init_array)
/Applications/STM32CubeIDE.app/Contents/Eclipse/plugins/com.st.stm32cube.ide.mcu.externaltools.gnu-tools-for-stm32.10.3-2021.10.macos64_1.0.200.202301161003/tools/bin/../lib/gcc/arm-none-eabi/10.3.1/../../../../arm-none-eabi/lib/thumb/v7e-m/nofp/libc_nano.a(lib_a-memcpy-stub.o)
                              ./Core/Src/com_datalink_layer.o (memcpy)
/Applications/STM32CubeIDE.app/Contents/Eclipse/plugins/com.st.stm32cube.ide.mcu.externaltools.gnu-tools-for-stm32.10.3-2021.10.macos64_1.0.200.202301161003/tools/bin/../lib/gcc/arm-none-eabi/10.3.1/../../../../arm-none-eabi/lib/thumb/v7e-m/nofp/libc_nano.a(lib_a-memset.o)
                              /Applications/STM32CubeIDE.app/Contents/Eclipse/plugins/com.st.stm32cube.ide.mcu.externaltools.gnu-tools-for-stm32.10.3-2021.10.macos64_1.0.200.202301161003/tools/bin/../lib/gcc/arm-none-eabi/10.3.1/../../../../arm-none-eabi/lib/thumb/v7e-m/nofp/crt0.o (memset)
/Applications/STM32CubeIDE.app/Contents/Eclipse/plugins/com.st.stm32cube.ide.mcu.externaltools.gnu-tools-for-stm32.10.3-2021.10.macos64_1.0.200.202301161003/tools/bin/../lib/gcc/arm-none-eabi/10.3.1/../../../../arm-none-eabi/lib/thumb/v7e-m/nofp/libc_nano.a(lib_a-snprintf.o)
                              ./Core/Src/calendar.o (snprintf)
/Applications/STM32CubeIDE.app/Contents/Eclipse/plugins/com.st.stm32cube.ide.mcu.externaltools.gnu-tools-for-stm32.10.3-2021.10.macos64_1.0.200.202301161003/tools/bin/../lib/gcc/arm-none-eabi/10.3.1/../../../../arm-none-eabi/lib/thumb/v7e-m/nofp/libc_nano.a(lib_a-strncmp.o)
                              ./Core/Src/com_presentation_layer.o (strncmp)
/Applications/STM32CubeIDE.app/Contents/Eclipse/plugins/com.st.stm32cube.ide.mcu.externaltools.gnu-tools-for-stm32.10.3-2021.10.macos64_1.0.200.202301161003/tools/bin/../lib/gcc/arm-none-eabi/10.3.1/../../../../arm-none-eabi/lib/thumb/v7e-m/nofp/libc_nano.a(lib_a-strtok.o)
                              ./Core/Src/com_presentation_layer.o (strtok)
/Applications/STM32CubeIDE.app/Contents/Eclipse/plugins/com.st.stm32cube.ide.mcu.externaltools.gnu-tools-for-stm32.10.3-2021.10.macos64_1.0.200.202301161003/tools/bin/../lib/gcc/arm-none-eabi/10.3.1/../../../../arm-none-eabi/lib/thumb/v7e-m/nofp/libc_nano.a(lib_a-strtok_r.o)
[...]
Memory Configuration

Name             Origin             Length             Attributes
RAM              0x0000000020000000 0x0000000000008000 xrw
FLASH            0x0000000008000000 0x0000000000020000 xr
*default*        0x0000000000000000 0xffffffffffffffff

Linker script and memory map

LOAD /Applications/STM32CubeIDE.app/Contents/Eclipse/plugins/com.st.stm32cube.ide.mcu.externaltools.gnu-tools-for-stm32.10.3-2021.10.macos64_1.0.200.202301161003/tools/bin/../lib/gcc/arm-none-eabi/10.3.1/thumb/v7e-m/nofp/crti.o
LOAD /Applications/STM32CubeIDE.app/Contents/Eclipse/plugins/com.st.stm32cube.ide.mcu.externaltools.gnu-tools-for-stm32.10.3-2021.10.macos64_1.0.200.202301161003/tools/bin/../lib/gcc/arm-none-eabi/10.3.1/thumb/v7e-m/nofp/crtbegin.o
LOAD /Applications/STM32CubeIDE.app/Contents/Eclipse/plugins/com.st.stm32cube.ide.mcu.externaltools.gnu-tools-for-stm32.10.3-2021.10.macos64_1.0.200.202301161003/tools/bin/../lib/gcc/arm-none-eabi/10.3.1/../../../../arm-none-eabi/lib/thumb/v7e-m/nofp/crt0.o
LOAD ./Common/System/system_stm32wlxx.o
LOAD ./Core/Src/calendar.o
LOAD ./Core/Src/com_datalink_layer.o
LOAD ./Core/Src/com_presentation_layer.o
LOAD ./Core/Src/com_session_layer.o
LOAD ./Core/Src/com_transport_layer.o
LOAD ./Core/Src/led_debug.o
LOAD ./Core/Src/main.o
LOAD ./Core/Src/rtc_alarm_control.o
LOAD ./Core/Src/stm32wlxx_hal_msp.o
LOAD ./Core/Src/stm32wlxx_it.o
LOAD ./Core/Src/syscalls.o
LOAD ./Core/Src/sysmem.o
LOAD ./Core/Startup/startup_stm32wl55jcix.o
LOAD ./Drivers/STM32WLxx_HAL_Driver/stm32wlxx_hal.o
LOAD ./Drivers/STM32WLxx_HAL_Driver/stm32wlxx_hal_cortex.o
LOAD ./Drivers/STM32WLxx_HAL_Driver/stm32wlxx_hal_dma.o
LOAD ./Drivers/STM32WLxx_HAL_Driver/stm32wlxx_hal_dma_ex.o
LOAD ./Drivers/STM32WLxx_HAL_Driver/stm32wlxx_hal_exti.o
LOAD ./Drivers/STM32WLxx_HAL_Driver/stm32wlxx_hal_flash.o
LOAD ./Drivers/STM32WLxx_HAL_Driver/stm32wlxx_hal_flash_ex.o
LOAD ./Drivers/STM32WLxx_HAL_Driver/stm32wlxx_hal_gpio.o
LOAD ./Drivers/STM32WLxx_HAL_Driver/stm32wlxx_hal_pwr.o
LOAD ./Drivers/STM32WLxx_HAL_Driver/stm32wlxx_hal_pwr_ex.o
LOAD ./Drivers/STM32WLxx_HAL_Driver/stm32wlxx_hal_rcc.o
LOAD ./Drivers/STM32WLxx_HAL_Driver/stm32wlxx_hal_rcc_ex.o
LOAD ./Drivers/STM32WLxx_HAL_Driver/stm32wlxx_hal_rtc.o
LOAD ./Drivers/STM32WLxx_HAL_Driver/stm32wlxx_hal_rtc_ex.o
LOAD ./Drivers/STM32WLxx_HAL_Driver/stm32wlxx_hal_tim.o
LOAD ./Drivers/STM32WLxx_HAL_Driver/stm32wlxx_hal_tim_ex.o
LOAD ./Drivers/STM32WLxx_HAL_Driver/stm32wlxx_hal_uart.o
LOAD ./Drivers/STM32WLxx_HAL_Driver/stm32wlxx_hal_uart_ex.o
START GROUP
LOAD /Applications/STM32CubeIDE.app/Contents/Eclipse/plugins/com.st.stm32cube.ide.mcu.externaltools.gnu-tools-for-stm32.10.3-2021.10.macos64_1.0.200.202301161003/tools/bin/../lib/gcc/arm-none-eabi/10.3.1/../../../../arm-none-eabi/lib/thumb/v7e-m/nofp/libc_nano.a
LOAD /Applications/STM32CubeIDE.app/Contents/Eclipse/plugins/com.st.stm32cube.ide.mcu.externaltools.gnu-tools-for-stm32.10.3-2021.10.macos64_1.0.200.202301161003/tools/bin/../lib/gcc/arm-none-eabi/10.3.1/../../../../arm-none-eabi/lib/thumb/v7e-m/nofp/libm.a
END GROUP
START GROUP
LOAD /Applications/STM32CubeIDE.app/Contents/Eclipse/plugins/com.st.stm32cube.ide.mcu.externaltools.gnu-tools-for-stm32.10.3-2021.10.macos64_1.0.200.202301161003/tools/bin/../lib/gcc/arm-none-eabi/10.3.1/thumb/v7e-m/nofp/libgcc.a
LOAD /Applications/STM32CubeIDE.app/Contents/Eclipse/plugins/com.st.stm32cube.ide.mcu.externaltools.gnu-tools-for-stm32.10.3-2021.10.macos64_1.0.200.202301161003/tools/bin/../lib/gcc/arm-none-eabi/10.3.1/../../../../arm-none-eabi/lib/thumb/v7e-m/nofp/libc_nano.a
END GROUP
START GROUP
LOAD /Applications/STM32CubeIDE.app/Contents/Eclipse/plugins/com.st.stm32cube.ide.mcu.externaltools.gnu-tools-for-stm32.10.3-2021.10.macos64_1.0.200.202301161003/tools/bin/../lib/gcc/arm-none-eabi/10.3.1/thumb/v7e-m/nofp/libgcc.a
LOAD /Applications/STM32CubeIDE.app/Contents/Eclipse/plugins/com.st.stm32cube.ide.mcu.externaltools.gnu-tools-for-stm32.10.3-2021.10.macos64_1.0.200.202301161003/tools/bin/../lib/gcc/arm-none-eabi/10.3.1/../../../../arm-none-eabi/lib/thumb/v7e-m/nofp/libc_nano.a
LOAD /Applications/STM32CubeIDE.app/Contents/Eclipse/plugins/com.st.stm32cube.ide.mcu.externaltools.gnu-tools-for-stm32.10.3-2021.10.macos64_1.0.200.202301161003/tools/bin/../lib/gcc/arm-none-eabi/10.3.1/../../../../arm-none-eabi/lib/thumb/v7e-m/nofp/libnosys.a
END GROUP
START GROUP
LOAD /Applications/STM32CubeIDE.app/Contents/Eclipse/plugins/com.st.stm32cube.ide.mcu.externaltools.gnu-tools-for-stm32.10.3-2021.10.macos64_1.0.200.202301161003/tools/bin/../lib/gcc/arm-none-eabi/10.3.1/thumb/v7e-m/nofp/libgcc.a
LOAD /Applications/STM32CubeIDE.app/Contents/Eclipse/plugins/com.st.stm32cube.ide.mcu.externaltools.gnu-tools-for-stm32.10.3-2021.10.macos64_1.0.200.202301161003/tools/bin/../lib/gcc/arm-none-eabi/10.3.1/../../../../arm-none-eabi/lib/thumb/v7e-m/nofp/libc_nano.a
LOAD /Applications/STM32CubeIDE.app/Contents/Eclipse/plugins/com.st.stm32cube.ide.mcu.externaltools.gnu-tools-for-stm32.10.3-2021.10.macos64_1.0.200.202301161003/tools/bin/../lib/gcc/arm-none-eabi/10.3.1/../../../../arm-none-eabi/lib/thumb/v7e-m/nofp/libnosys.a
END GROUP
LOAD /Applications/STM32CubeIDE.app/Contents/Eclipse/plugins/com.st.stm32cube.ide.mcu.externaltools.gnu-tools-for-stm32.10.3-2021.10.macos64_1.0.200.202301161003/tools/bin/../lib/gcc/arm-none-eabi/10.3.1/thumb/v7e-m/nofp/crtend.o
LOAD /Applications/STM32CubeIDE.app/Contents/Eclipse/plugins/com.st.stm32cube.ide.mcu.externaltools.gnu-tools-for-stm32.10.3-2021.10.macos64_1.0.200.202301161003/tools/bin/../lib/gcc/arm-none-eabi/10.3.1/thumb/v7e-m/nofp/crtn.o
                0x0000000020008000                _estack = (ORIGIN (RAM) + LENGTH (RAM))
                0x0000000000000200                _Min_Heap_Size = 0x200
                0x0000000000000400                _Min_Stack_Size = 0x400

.isr_vector     0x0000000008000000      0x138
                0x0000000008000000                . = ALIGN (0x4)
 *(.isr_vector)
 .isr_vector    0x0000000008000000      0x138 ./Core/Startup/startup_stm32wl55jcix.o
                0x0000000008000000                g_pfnVectors
                0x0000000008000138                . = ALIGN (0x4)

.text           0x0000000008000140     0x7018
                0x0000000008000140                . = ALIGN (0x4)
 *(.text)
 .text          0x0000000008000140       0x40 /Applications/STM32CubeIDE.app/Contents/Eclipse/plugins/com.st.stm32cube.ide.mcu.externaltools.gnu-tools-for-stm32.10.3-2021.10.macos64_1.0.200.202301161003/tools/bin/../lib/gcc/arm-none-eabi/10.3.1/thumb/v7e-m/nofp/crtbegin.o
 .text          0x0000000008000180       0xa0 /Applications/STM32CubeIDE.app/Contents/Eclipse/plugins/com.st.stm32cube.ide.mcu.externaltools.gnu-tools-for-stm32.10.3-2021.10.macos64_1.0.200.202301161003/tools/bin/../lib/gcc/arm-none-eabi/10.3.1/../../../../arm-none-eabi/lib/thumb/v7e-m/nofp/libc_nano.a(lib_a-memchr.o)
                0x0000000008000180                memchr
 .text          0x0000000008000220       0x30 /Applications/STM32CubeIDE.app/Contents/Eclipse/plugins/com.st.stm32cube.ide.mcu.externaltools.gnu-tools-for-stm32.10.3-2021.10.macos64_1.0.200.202301161003/tools/bin/../lib/gcc/arm-none-eabi/10.3.1/thumb/v7e-m/nofp/libgcc.a(_aeabi_uldivmod.o)
                0x0000000008000220                __aeabi_uldivmod
 .text          0x0000000008000250      0x2d0 /Applications/STM32CubeIDE.app/Contents/Eclipse/plugins/com.st.stm32cube.ide.mcu.externaltools.gnu-tools-for-stm32.10.3-2021.10.macos64_1.0.200.202301161003/tools/bin/../lib/gcc/arm-none-eabi/10.3.1/thumb/v7e-m/nofp/libgcc.a(_udivmoddi4.o)
                0x0000000008000250                __udivmoddi4
 .text          0x0000000008000520        0x4 /Applications/STM32CubeIDE.app/Contents/Eclipse/plugins/com.st.stm32cube.ide.mcu.externaltools.gnu-tools-for-stm32.10.3-2021.10.macos64_1.0.200.202301161003/tools/bin/../lib/gcc/arm-none-eabi/10.3.1/thumb/v7e-m/nofp/libgcc.a(_dvmd_tls.o)
                0x0000000008000520                __aeabi_ldiv0
                0x0000000008000520                __aeabi_idiv0
 *(.text*)
 .text.SystemInit
                0x0000000008000524        0xc ./Common/System/system_stm32wlxx.o
                0x0000000008000524                SystemInit
 .text.calendar_init
                0x0000000008000530       0x94 ./Core/Src/calendar.o
                0x0000000008000530                calendar_init
 .text.calendar_start
                0x00000000080005c4       0x90 ./Core/Src/calendar.o
                0x00000000080005c4                calendar_start
 .text.calendar_setDateTime
                0x0000000008000654       0x2c ./Core/Src/calendar.o
                0x0000000008000654                calendar_setDateTime
 .text.calendar_getDateTime
                0x0000000008000680       0x32 ./Core/Src/calendar.o
                0x0000000008000680                calendar_getDateTime
 *fill*         0x00000000080006b2        0x2 
 .text.calendar_addEvent
                0x00000000080006b4       0x34 ./Core/Src/calendar.o
                0x00000000080006b4                calendar_addEvent
 .text.calendar_handleAlarm
                0x00000000080006e8      0x20c ./Core/Src/calendar.o
                0x00000000080006e8                calendar_handleAlarm
 .text.calendar_AlarmA_ISR
                0x00000000080008f4       0x18 ./Core/Src/calendar.o
                0x00000000080008f4                calendar_AlarmA_ISR
 .text.compareDateTime
                0x000000000800090c       0x3c ./Core/Src/calendar.o
                0x000000000800090c                compareDateTime
 .text.dateTimeToSeconds
                0x0000000008000948       0x68 ./Core/Src/calendar.o
                0x0000000008000948                dateTimeToSeconds
 .text.getNextAlarm
                0x00000000080009b0      0x250 ./Core/Src/calendar.o
                0x00000000080009b0                getNextAlarm
 .text._addEvent
                0x0000000008000c00      0x120 ./Core/Src/calendar.o
                0x0000000008000c00                _addEvent
 .text._copyEvent
                0x0000000008000d20       0x84 ./Core/Src/calendar.o
                0x0000000008000d20                _copyEvent
 .text.composeMessage
                0x0000000008000da4       0x2c ./Core/Src/com_datalink_layer.o
                0x0000000008000da4                composeMessage
 .text.decomposeMessage
                0x0000000008000dd0       0x2c ./Core/Src/com_datalink_layer.o
                0x0000000008000dd0                decomposeMessage
 .text.code_to_appActions
                0x0000000008000dfc       0xbc ./Core/Src/com_presentation_layer.o
                0x0000000008000dfc                code_to_appActions
 .text.parseDateTime
                0x0000000008000eb8       0xa8 ./Core/Src/com_presentation_layer.o
                0x0000000008000eb8                parseDateTime
 .text.formatDateTime
                0x0000000008000f60       0x58 ./Core/Src/com_presentation_layer.o
                0x0000000008000f60                formatDateTime
 .text.parseEvent
                0x0000000008000fb8      0x138 ./Core/Src/com_presentation_layer.o
                0x0000000008000fb8                parseEvent
 .text.com_session_init
                0x00000000080010f0       0x38 ./Core/Src/com_session_layer.o
                0x00000000080010f0                com_session_init
 .text.start_session
                0x0000000008001128       0x50 ./Core/Src/com_session_layer.o
                0x0000000008001128                start_session
 .text.session_cycle
                0x0000000008001178       0x30 ./Core/Src/com_session_layer.o
                0x0000000008001178                session_cycle
 .text.tell     0x00000000080011a8       0x44 ./Core/Src/com_session_layer.o
                0x00000000080011a8                tell
 .text._handshake
                0x00000000080011ec      0x1d0 ./Core/Src/com_session_layer.o
                0x00000000080011ec                _handshake
 .text._session_cycle
                0x00000000080013bc       0xdc ./Core/Src/com_session_layer.o
                0x00000000080013bc                _session_cycle
 .text._listen  0x0000000008001498       0xa4 ./Core/Src/com_session_layer.o
                0x0000000008001498                _listen
 .text._tell    0x000000000800153c       0x2e ./Core/Src/com_session_layer.o
                0x000000000800153c                _tell
 *fill*         0x000000000800156a        0x2 
 .text.getCommand
                0x000000000800156c       0x6c ./Core/Src/com_session_layer.o
                0x000000000800156c                getCommand
 .text.com_transport_init
                0x00000000080015d8       0x3c ./Core/Src/com_transport_layer.o
                0x00000000080015d8                com_transport_init
 .text.queue_tx
                0x0000000008001614       0x4c ./Core/Src/com_transport_layer.o
                0x0000000008001614                queue_tx
 .text.dequeue_rx
                0x0000000008001660       0x70 ./Core/Src/com_transport_layer.o
                0x0000000008001660                dequeue_rx
 .text.tx       0x00000000080016d0       0x74 ./Core/Src/com_transport_layer.o
                0x00000000080016d0                tx
 .text.rx       0x0000000008001744       0x70 ./Core/Src/com_transport_layer.o
                0x0000000008001744                rx
 .text.LL_AHB2_GRP1_EnableClock
                0x00000000080017b4       0x30 ./Core/Src/led_debug.o
 .text.LL_AHB2_GRP1_IsEnabledClock
                0x00000000080017e4       0x28 ./Core/Src/led_debug.o
 .text.LL_AHB2_GRP1_DisableClock
                0x000000000800180c       0x24 ./Core/Src/led_debug.o
 .text.activate_led
                0x0000000008001830       0x68 ./Core/Src/led_debug.o
                0x0000000008001830                activate_led
 .text.deactivate_led
                0x0000000008001898       0x40 ./Core/Src/led_debug.o
                0x0000000008001898                deactivate_led
 .text.LL_RCC_LSE_SetDriveCapability
                0x00000000080018d8       0x2a ./Core/Src/main.o
 .text.LL_AHB2_GRP1_EnableClock
                0x0000000008001902       0x30 ./Core/Src/main.o
 .text.HAL_RTC_AlarmAEventCallback
                0x0000000008001932       0x14 ./Core/Src/main.o
                0x0000000008001932                HAL_RTC_AlarmAEventCallback
 *fill*         0x0000000008001946        0x2 
 .text.event_start
                0x0000000008001948       0x24 ./Core/Src/main.o
                0x0000000008001948                event_start
 .text.event_end
                0x000000000800196c       0x24 ./Core/Src/main.o
                0x000000000800196c                event_end
 .text.main     0x0000000008001990      0x180 ./Core/Src/main.o
                0x0000000008001990                main
 .text.SystemClock_Config
                0x0000000008001b10       0xbc ./Core/Src/main.o
                0x0000000008001b10                SystemClock_Config
 .text.MX_RTC_Init
                0x0000000008001bcc      0x13c ./Core/Src/main.o
 .text.MX_USART2_UART_Init
                0x0000000008001d08       0xac ./Core/Src/main.o
 .text.MX_GPIO_Init
                0x0000000008001db4       0x1a ./Core/Src/main.o
 .text.Error_Handler
                0x0000000008001dce        0xa ./Core/Src/main.o
                0x0000000008001dce                Error_Handler
 .text.rtcAlarmControl_init
                0x0000000008001dd8       0x1c ./Core/Src/rtc_alarm_control.o
                0x0000000008001dd8                rtcAlarmControl_init
 .text.setDateTime
                0x0000000008001df4      0x194 ./Core/Src/rtc_alarm_control.o
                0x0000000008001df4                setDateTime
 .text.getDateTime
                0x0000000008001f88      0x128 ./Core/Src/rtc_alarm_control.o
                0x0000000008001f88                getDateTime
 .text.setAlarm_A
                0x00000000080020b0      0x138 ./Core/Src/rtc_alarm_control.o
                0x00000000080020b0                setAlarm_A
 .text.diableAlarm_A
                0x00000000080021e8       0x28 ./Core/Src/rtc_alarm_control.o
                0x00000000080021e8                diableAlarm_A
 .text.LL_RCC_EnableRTC
                0x0000000008002210       0x20 ./Core/Src/stm32wlxx_hal_msp.o
 .text.LL_AHB2_GRP1_EnableClock
                0x0000000008002230       0x30 ./Core/Src/stm32wlxx_hal_msp.o
 .text.LL_APB1_GRP1_EnableClock
                0x0000000008002260       0x30 ./Core/Src/stm32wlxx_hal_msp.o
 .text.HAL_MspInit
                0x0000000008002290        0xc ./Core/Src/stm32wlxx_hal_msp.o
                0x0000000008002290                HAL_MspInit
 .text.HAL_RTC_MspInit
                0x000000000800229c       0x58 ./Core/Src/stm32wlxx_hal_msp.o
                0x000000000800229c                HAL_RTC_MspInit
 .text.HAL_UART_MspInit
                0x00000000080022f4       0x8c ./Core/Src/stm32wlxx_hal_msp.o
                0x00000000080022f4                HAL_UART_MspInit
 .text.NMI_Handler
                0x0000000008002380        0x6 ./Core/Src/stm32wlxx_it.o
                0x0000000008002380                NMI_Handler
 .text.HardFault_Handler
                0x0000000008002386        0x6 ./Core/Src/stm32wlxx_it.o
                0x0000000008002386                HardFault_Handler
 .text.MemManage_Handler
                0x000000000800238c        0x6 ./Core/Src/stm32wlxx_it.o
                0x000000000800238c                MemManage_Handler
 .text.BusFault_Handler
                0x0000000008002392        0x6 ./Core/Src/stm32wlxx_it.o
                0x0000000008002392                BusFault_Handler
 .text.UsageFault_Handler
                0x0000000008002398        0x6 ./Core/Src/stm32wlxx_it.o
                0x0000000008002398                UsageFault_Handler
 .text.SVC_Handler
                0x000000000800239e        0xc ./Core/Src/stm32wlxx_it.o
                0x000000000800239e                SVC_Handler
 .text.DebugMon_Handler
                0x00000000080023aa        0xc ./Core/Src/stm32wlxx_it.o
                0x00000000080023aa                DebugMon_Handler
 .text.PendSV_Handler
                0x00000000080023b6        0xc ./Core/Src/stm32wlxx_it.o
                0x00000000080023b6                PendSV_Handler
 .text.SysTick_Handler
                0x00000000080023c2        0xc ./Core/Src/stm32wlxx_it.o
                0x00000000080023c2                SysTick_Handler
 *fill*         0x00000000080023ce        0x2 
 .text.RTC_Alarm_IRQHandler
                0x00000000080023d0       0x14 ./Core/Src/stm32wlxx_it.o
                0x00000000080023d0                RTC_Alarm_IRQHandler
 .text._getpid  0x00000000080023e4        0xe ./Core/Src/syscalls.o
                0x00000000080023e4                _getpid
 .text._kill    0x00000000080023f2       0x20 ./Core/Src/syscalls.o
                0x00000000080023f2                _kill
 .text._exit    0x0000000008002412       0x14 ./Core/Src/syscalls.o
                0x0000000008002412                _exit
 .text._read    0x0000000008002426       0x3a ./Core/Src/syscalls.o
                0x0000000008002426                _read
 .text._write   0x0000000008002460       0x38 ./Core/Src/syscalls.o
                0x0000000008002460                _write
 .text._close   0x0000000008002498       0x16 ./Core/Src/syscalls.o
                0x0000000008002498                _close
 .text._fstat   0x00000000080024ae       0x1e ./Core/Src/syscalls.o
                0x00000000080024ae                _fstat
 .text._isatty  0x00000000080024cc       0x14 ./Core/Src/syscalls.o
                0x00000000080024cc                _isatty
 .text._lseek   0x00000000080024e0       0x18 ./Core/Src/syscalls.o
                0x00000000080024e0                _lseek
 .text._sbrk    0x00000000080024f8       0x6c ./Core/Src/sysmem.o
                0x00000000080024f8                _sbrk
 .text.Reset_Handler
                0x0000000008002564       0x50 ./Core/Startup/startup_stm32wl55jcix.o
                0x0000000008002564                Reset_Handler
 .text.Default_Handler
                0x00000000080025b4        0x2 ./Core/Startup/startup_stm32wl55jcix.o
                0x00000000080025b4                DMA2_Channel3_IRQHandler
                0x00000000080025b4                TIM1_CC_IRQHandler
                0x00000000080025b4                EXTI3_IRQHandler
                0x00000000080025b4                LPTIM2_IRQHandler
                0x00000000080025b4                I2C3_ER_IRQHandler
                0x00000000080025b4                LPTIM3_IRQHandler
                0x00000000080025b4                EXTI0_IRQHandler
                0x00000000080025b4                I2C2_EV_IRQHandler
                0x00000000080025b4                TAMP_STAMP_LSECSS_SSRU_IRQHandler
                0x00000000080025b4                SPI1_IRQHandler
                0x00000000080025b4                DMA2_Channel2_IRQHandler
                0x00000000080025b4                DMA1_Channel4_IRQHandler
                0x00000000080025b4                PKA_IRQHandler
                0x00000000080025b4                TIM17_IRQHandler
                0x00000000080025b4                DMA1_Channel7_IRQHandler
                0x00000000080025b4                SUBGHZSPI_IRQHandler
                0x00000000080025b4                IPCC_C1_TX_IRQHandler
                0x00000000080025b4                DMA2_Channel1_IRQHandler
                0x00000000080025b4                I2C1_EV_IRQHandler
                0x00000000080025b4                SUBGHZ_Radio_IRQHandler
                0x00000000080025b4                DMAMUX1_OVR_IRQHandler
                0x00000000080025b4                DMA1_Channel6_IRQHandler
                0x00000000080025b4                TIM16_IRQHandler
                0x00000000080025b4                DMA2_Channel4_IRQHandler
                0x00000000080025b4                RCC_IRQHandler
                0x00000000080025b4                TIM1_TRG_COM_IRQHandler
                0x00000000080025b4                DMA1_Channel1_IRQHandler
                0x00000000080025b4                Default_Handler
                0x00000000080025b4                DMA2_Channel7_IRQHandler
                0x00000000080025b4                EXTI15_10_IRQHandler
                0x00000000080025b4                IPCC_C1_RX_IRQHandler
                0x00000000080025b4                ADC_IRQHandler
                0x00000000080025b4                C2SEV_PWR_C2H_IRQHandler
                0x00000000080025b4                I2C3_EV_IRQHandler
                0x00000000080025b4                EXTI9_5_IRQHandler
                0x00000000080025b4                RTC_WKUP_IRQHandler
                0x00000000080025b4                PVD_PVM_IRQHandler
                0x00000000080025b4                SPI2_IRQHandler
                0x00000000080025b4                DMA2_Channel5_IRQHandler
                0x00000000080025b4                DMA1_Channel5_IRQHandler
                0x00000000080025b4                EXTI4_IRQHandler
                0x00000000080025b4                RNG_IRQHandler
                0x00000000080025b4                DMA1_Channel3_IRQHandler
                0x00000000080025b4                COMP_IRQHandler
                0x00000000080025b4                HSEM_IRQHandler
                0x00000000080025b4                TIM1_UP_IRQHandler
                0x00000000080025b4                WWDG_IRQHandler
                0x00000000080025b4                LPUART1_IRQHandler
                0x00000000080025b4                DMA2_Channel6_IRQHandler
                0x00000000080025b4                TIM2_IRQHandler
                0x00000000080025b4                TIM1_BRK_IRQHandler
                0x00000000080025b4                DAC_IRQHandler
                0x00000000080025b4                EXTI1_IRQHandler
                0x00000000080025b4                AES_IRQHandler
                0x00000000080025b4                USART2_IRQHandler
                0x00000000080025b4                I2C2_ER_IRQHandler
                0x00000000080025b4                DMA1_Channel2_IRQHandler
                0x00000000080025b4                FLASH_IRQHandler
                0x00000000080025b4                USART1_IRQHandler
                0x00000000080025b4                I2C1_ER_IRQHandler
                0x00000000080025b4                LPTIM1_IRQHandler
                0x00000000080025b4                EXTI2_IRQHandler
 *fill*         0x00000000080025b6        0x2 
 .text.HAL_Init
                0x00000000080025b8       0x40 ./Drivers/STM32WLxx_HAL_Driver/stm32wlxx_hal.o
                0x00000000080025b8                HAL_Init
 .text.HAL_InitTick
                0x00000000080025f8       0x74 ./Drivers/STM32WLxx_HAL_Driver/stm32wlxx_hal.o
                0x00000000080025f8                HAL_InitTick
 .text.HAL_IncTick
                0x000000000800266c       0x24 ./Drivers/STM32WLxx_HAL_Driver/stm32wlxx_hal.o
                0x000000000800266c                HAL_IncTick
 .text.HAL_GetTick
                0x0000000008002690       0x14 ./Drivers/STM32WLxx_HAL_Driver/stm32wlxx_hal.o
                0x0000000008002690                HAL_GetTick
 .text.__NVIC_SetPriorityGrouping
                0x00000000080026a4       0x48 ./Drivers/STM32WLxx_HAL_Driver/stm32wlxx_hal_cortex.o
 .text.__NVIC_GetPriorityGrouping
                0x00000000080026ec       0x1c ./Drivers/STM32WLxx_HAL_Driver/stm32wlxx_hal_cortex.o
 .text.__NVIC_EnableIRQ
                0x0000000008002708       0x38 ./Drivers/STM32WLxx_HAL_Driver/stm32wlxx_hal_cortex.o
 .text.__NVIC_SetPriority
                0x0000000008002740       0x54 ./Drivers/STM32WLxx_HAL_Driver/stm32wlxx_hal_cortex.o
 .text.NVIC_EncodePriority
                0x0000000008002794       0x64 ./Drivers/STM32WLxx_HAL_Driver/stm32wlxx_hal_cortex.o
 .text.SysTick_Config
                0x00000000080027f8       0x44 ./Drivers/STM32WLxx_HAL_Driver/stm32wlxx_hal_cortex.o
 .text.HAL_NVIC_SetPriorityGrouping
                0x000000000800283c       0x16 ./Drivers/STM32WLxx_HAL_Driver/stm32wlxx_hal_cortex.o
                0x000000000800283c                HAL_NVIC_SetPriorityGrouping
 .text.HAL_NVIC_SetPriority
                0x0000000008002852       0x34 ./Drivers/STM32WLxx_HAL_Driver/stm32wlxx_hal_cortex.o
                0x0000000008002852                HAL_NVIC_SetPriority
 .text.HAL_NVIC_EnableIRQ
                0x0000000008002886       0x1c ./Drivers/STM32WLxx_HAL_Driver/stm32wlxx_hal_cortex.o
                0x0000000008002886                HAL_NVIC_EnableIRQ
 .text.HAL_SYSTICK_Config
                0x00000000080028a2       0x18 ./Drivers/STM32WLxx_HAL_Driver/stm32wlxx_hal_cortex.o
                0x00000000080028a2                HAL_SYSTICK_Config
 *fill*         0x00000000080028ba        0x2 
 .text.HAL_GPIO_Init
                0x00000000080028bc      0x2c0 ./Drivers/STM32WLxx_HAL_Driver/stm32wlxx_hal_gpio.o
                0x00000000080028bc                HAL_GPIO_Init
 .text.HAL_GPIO_DeInit
                0x0000000008002b7c      0x19c ./Drivers/STM32WLxx_HAL_Driver/stm32wlxx_hal_gpio.o
                0x0000000008002b7c                HAL_GPIO_DeInit
 .text.HAL_GPIO_WritePin
                0x0000000008002d18       0x2e ./Drivers/STM32WLxx_HAL_Driver/stm32wlxx_hal_gpio.o
                0x0000000008002d18                HAL_GPIO_WritePin
 *fill*         0x0000000008002d46        0x2 
 .text.HAL_PWR_EnableBkUpAccess
                0x0000000008002d48       0x1c ./Drivers/STM32WLxx_HAL_Driver/stm32wlxx_hal_pwr.o
                0x0000000008002d48                HAL_PWR_EnableBkUpAccess
 .text.LL_PWR_EnableBootC2
                0x0000000008002d64       0x1c ./Drivers/STM32WLxx_HAL_Driver/stm32wlxx_hal_pwr_ex.o
 .text.HAL_PWREx_GetVoltageRange
                0x0000000008002d80       0x18 ./Drivers/STM32WLxx_HAL_Driver/stm32wlxx_hal_pwr_ex.o
                0x0000000008002d80                HAL_PWREx_GetVoltageRange
 .text.HAL_PWREx_ReleaseCore
                0x0000000008002d98       0x14 ./Drivers/STM32WLxx_HAL_Driver/stm32wlxx_hal_pwr_ex.o
                0x0000000008002d98                HAL_PWREx_ReleaseCore
 .text.LL_PWR_IsEnabledBkUpAccess
                0x0000000008002dac       0x24 ./Drivers/STM32WLxx_HAL_Driver/stm32wlxx_hal_rcc.o
 .text.LL_RCC_HSE_EnableTcxo
                0x0000000008002dd0       0x1c ./Drivers/STM32WLxx_HAL_Driver/stm32wlxx_hal_rcc.o
 .text.LL_RCC_HSE_DisableTcxo
                0x0000000008002dec       0x1c ./Drivers/STM32WLxx_HAL_Driver/stm32wlxx_hal_rcc.o
 .text.LL_RCC_HSE_IsEnabledDiv2
                0x0000000008002e08       0x22 ./Drivers/STM32WLxx_HAL_Driver/stm32wlxx_hal_rcc.o
 .text.LL_RCC_HSE_Enable
                0x0000000008002e2a       0x1c ./Drivers/STM32WLxx_HAL_Driver/stm32wlxx_hal_rcc.o
 .text.LL_RCC_HSE_Disable
                0x0000000008002e46       0x1c ./Drivers/STM32WLxx_HAL_Driver/stm32wlxx_hal_rcc.o
 .text.LL_RCC_HSE_IsReady
                0x0000000008002e62       0x22 ./Drivers/STM32WLxx_HAL_Driver/stm32wlxx_hal_rcc.o
 .text.LL_RCC_HSI_Enable
                0x0000000008002e84       0x1c ./Drivers/STM32WLxx_HAL_Driver/stm32wlxx_hal_rcc.o
 .text.LL_RCC_HSI_Disable
                0x0000000008002ea0       0x1c ./Drivers/STM32WLxx_HAL_Driver/stm32wlxx_hal_rcc.o
 .text.LL_RCC_HSI_IsReady
                0x0000000008002ebc       0x22 ./Drivers/STM32WLxx_HAL_Driver/stm32wlxx_hal_rcc.o
 .text.LL_RCC_HSI_SetCalibTrimming
                0x0000000008002ede       0x28 ./Drivers/STM32WLxx_HAL_Driver/stm32wlxx_hal_rcc.o
 .text.LL_RCC_LSE_IsReady
                0x0000000008002f06       0x22 ./Drivers/STM32WLxx_HAL_Driver/stm32wlxx_hal_rcc.o
 .text.LL_RCC_LSI_Enable
                0x0000000008002f28       0x20 ./Drivers/STM32WLxx_HAL_Driver/stm32wlxx_hal_rcc.o
 .text.LL_RCC_LSI_Disable
                0x0000000008002f48       0x20 ./Drivers/STM32WLxx_HAL_Driver/stm32wlxx_hal_rcc.o
 .text.LL_RCC_LSI_IsReady
                0x0000000008002f68       0x22 ./Drivers/STM32WLxx_HAL_Driver/stm32wlxx_hal_rcc.o
 .text.LL_RCC_MSI_Enable
                0x0000000008002f8a       0x1c ./Drivers/STM32WLxx_HAL_Driver/stm32wlxx_hal_rcc.o
 .text.LL_RCC_MSI_Disable
                0x0000000008002fa6       0x1c ./Drivers/STM32WLxx_HAL_Driver/stm32wlxx_hal_rcc.o
 .text.LL_RCC_MSI_IsReady
                0x0000000008002fc2       0x20 ./Drivers/STM32WLxx_HAL_Driver/stm32wlxx_hal_rcc.o
 .text.LL_RCC_MSI_IsEnabledRangeSelect
                0x0000000008002fe2       0x20 ./Drivers/STM32WLxx_HAL_Driver/stm32wlxx_hal_rcc.o
 .text.LL_RCC_MSI_GetRange
                0x0000000008003002       0x16 ./Drivers/STM32WLxx_HAL_Driver/stm32wlxx_hal_rcc.o
 .text.LL_RCC_MSI_GetRangeAfterStandby
                0x0000000008003018       0x18 ./Drivers/STM32WLxx_HAL_Driver/stm32wlxx_hal_rcc.o
 .text.LL_RCC_MSI_SetCalibTrimming
                0x0000000008003030       0x28 ./Drivers/STM32WLxx_HAL_Driver/stm32wlxx_hal_rcc.o
 .text.LL_RCC_SetSysClkSource
                0x0000000008003058       0x26 ./Drivers/STM32WLxx_HAL_Driver/stm32wlxx_hal_rcc.o
 .text.LL_RCC_GetSysClkSource
                0x000000000800307e       0x16 ./Drivers/STM32WLxx_HAL_Driver/stm32wlxx_hal_rcc.o
 .text.LL_RCC_SetAHBPrescaler
                0x0000000008003094       0x26 ./Drivers/STM32WLxx_HAL_Driver/stm32wlxx_hal_rcc.o
 .text.LL_C2_RCC_SetAHBPrescaler
                0x00000000080030ba       0x2a ./Drivers/STM32WLxx_HAL_Driver/stm32wlxx_hal_rcc.o
 .text.LL_RCC_SetAHB3Prescaler
                0x00000000080030e4       0x2c ./Drivers/STM32WLxx_HAL_Driver/stm32wlxx_hal_rcc.o
 .text.LL_RCC_SetAPB1Prescaler
                0x0000000008003110       0x26 ./Drivers/STM32WLxx_HAL_Driver/stm32wlxx_hal_rcc.o
 .text.LL_RCC_SetAPB2Prescaler
                0x0000000008003136       0x26 ./Drivers/STM32WLxx_HAL_Driver/stm32wlxx_hal_rcc.o
 .text.LL_RCC_GetAHBPrescaler
                0x000000000800315c       0x16 ./Drivers/STM32WLxx_HAL_Driver/stm32wlxx_hal_rcc.o
 .text.LL_RCC_GetAHB3Prescaler
                0x0000000008003172       0x1a ./Drivers/STM32WLxx_HAL_Driver/stm32wlxx_hal_rcc.o
 .text.LL_RCC_GetAPB1Prescaler
                0x000000000800318c       0x16 ./Drivers/STM32WLxx_HAL_Driver/stm32wlxx_hal_rcc.o
 .text.LL_RCC_GetAPB2Prescaler
                0x00000000080031a2       0x16 ./Drivers/STM32WLxx_HAL_Driver/stm32wlxx_hal_rcc.o
 .text.LL_RCC_PLL_Enable
                0x00000000080031b8       0x1c ./Drivers/STM32WLxx_HAL_Driver/stm32wlxx_hal_rcc.o
 .text.LL_RCC_PLL_Disable
                0x00000000080031d4       0x1c ./Drivers/STM32WLxx_HAL_Driver/stm32wlxx_hal_rcc.o
 .text.LL_RCC_PLL_IsReady
                0x00000000080031f0       0x22 ./Drivers/STM32WLxx_HAL_Driver/stm32wlxx_hal_rcc.o
 .text.LL_RCC_PLL_GetN
                0x0000000008003212       0x18 ./Drivers/STM32WLxx_HAL_Driver/stm32wlxx_hal_rcc.o
 .text.LL_RCC_PLL_GetR
                0x000000000800322a       0x16 ./Drivers/STM32WLxx_HAL_Driver/stm32wlxx_hal_rcc.o
 .text.LL_RCC_PLL_GetDivider
                0x0000000008003240       0x16 ./Drivers/STM32WLxx_HAL_Driver/stm32wlxx_hal_rcc.o
 .text.LL_RCC_PLL_GetMainSource
                0x0000000008003256       0x16 ./Drivers/STM32WLxx_HAL_Driver/stm32wlxx_hal_rcc.o
 .text.LL_RCC_IsActiveFlag_HPRE
                0x000000000800326c       0x22 ./Drivers/STM32WLxx_HAL_Driver/stm32wlxx_hal_rcc.o
 .text.LL_RCC_IsActiveFlag_C2HPRE
                0x000000000800328e       0x24 ./Drivers/STM32WLxx_HAL_Driver/stm32wlxx_hal_rcc.o
 .text.LL_RCC_IsActiveFlag_SHDHPRE
                0x00000000080032b2       0x24 ./Drivers/STM32WLxx_HAL_Driver/stm32wlxx_hal_rcc.o
 .text.LL_RCC_IsActiveFlag_PPRE1
                0x00000000080032d6       0x22 ./Drivers/STM32WLxx_HAL_Driver/stm32wlxx_hal_rcc.o
 .text.LL_RCC_IsActiveFlag_PPRE2
                0x00000000080032f8       0x22 ./Drivers/STM32WLxx_HAL_Driver/stm32wlxx_hal_rcc.o
 *fill*         0x000000000800331a        0x2 
 .text.HAL_RCC_OscConfig
                0x000000000800331c      0x704 ./Drivers/STM32WLxx_HAL_Driver/stm32wlxx_hal_rcc.o
                0x000000000800331c                HAL_RCC_OscConfig
 .text.HAL_RCC_ClockConfig
                0x0000000008003a20      0x284 ./Drivers/STM32WLxx_HAL_Driver/stm32wlxx_hal_rcc.o
                0x0000000008003a20                HAL_RCC_ClockConfig
 .text.HAL_RCC_GetSysClockFreq
                0x0000000008003ca4      0x140 ./Drivers/STM32WLxx_HAL_Driver/stm32wlxx_hal_rcc.o
                0x0000000008003ca4                HAL_RCC_GetSysClockFreq
 .text.HAL_RCC_GetHCLKFreq
                0x0000000008003de4       0x28 ./Drivers/STM32WLxx_HAL_Driver/stm32wlxx_hal_rcc.o
                0x0000000008003de4                HAL_RCC_GetHCLKFreq
 .text.HAL_RCC_GetPCLK1Freq
                0x0000000008003e0c       0x24 ./Drivers/STM32WLxx_HAL_Driver/stm32wlxx_hal_rcc.o
                0x0000000008003e0c                HAL_RCC_GetPCLK1Freq
 .text.HAL_RCC_GetPCLK2Freq
                0x0000000008003e30       0x24 ./Drivers/STM32WLxx_HAL_Driver/stm32wlxx_hal_rcc.o
                0x0000000008003e30                HAL_RCC_GetPCLK2Freq
 .text.RCC_SetFlashLatencyFromMSIRange
                0x0000000008003e54       0x60 ./Drivers/STM32WLxx_HAL_Driver/stm32wlxx_hal_rcc.o
 .text.RCC_SetFlashLatency
                0x0000000008003eb4      0x104 ./Drivers/STM32WLxx_HAL_Driver/stm32wlxx_hal_rcc.o
 .text.LL_RCC_LSE_IsReady
                0x0000000008003fb8       0x22 ./Drivers/STM32WLxx_HAL_Driver/stm32wlxx_hal_rcc_ex.o
 .text.LL_RCC_SetUSARTClockSource
                0x0000000008003fda       0x30 ./Drivers/STM32WLxx_HAL_Driver/stm32wlxx_hal_rcc_ex.o
 .text.LL_RCC_SetI2SClockSource
                0x000000000800400a       0x2a ./Drivers/STM32WLxx_HAL_Driver/stm32wlxx_hal_rcc_ex.o
 .text.LL_RCC_SetLPUARTClockSource
                0x0000000008004034       0x2a ./Drivers/STM32WLxx_HAL_Driver/stm32wlxx_hal_rcc_ex.o
 .text.LL_RCC_SetI2CClockSource
                0x000000000800405e       0x38 ./Drivers/STM32WLxx_HAL_Driver/stm32wlxx_hal_rcc_ex.o
 .text.LL_RCC_SetLPTIMClockSource
                0x0000000008004096       0x32 ./Drivers/STM32WLxx_HAL_Driver/stm32wlxx_hal_rcc_ex.o
 .text.LL_RCC_SetRNGClockSource
                0x00000000080040c8       0x2a ./Drivers/STM32WLxx_HAL_Driver/stm32wlxx_hal_rcc_ex.o
 .text.LL_RCC_SetADCClockSource
                0x00000000080040f2       0x2a ./Drivers/STM32WLxx_HAL_Driver/stm32wlxx_hal_rcc_ex.o
 .text.LL_RCC_SetRTCClockSource
                0x000000000800411c       0x2a ./Drivers/STM32WLxx_HAL_Driver/stm32wlxx_hal_rcc_ex.o
 .text.LL_RCC_GetRTCClockSource
                0x0000000008004146       0x18 ./Drivers/STM32WLxx_HAL_Driver/stm32wlxx_hal_rcc_ex.o
 .text.LL_RCC_ForceBackupDomainReset
                0x000000000800415e       0x20 ./Drivers/STM32WLxx_HAL_Driver/stm32wlxx_hal_rcc_ex.o
 .text.LL_RCC_ReleaseBackupDomainReset
                0x000000000800417e       0x20 ./Drivers/STM32WLxx_HAL_Driver/stm32wlxx_hal_rcc_ex.o
 *fill*         0x000000000800419e        0x2 
 .text.HAL_RCCEx_PeriphCLKConfig
                0x00000000080041a0      0x234 ./Drivers/STM32WLxx_HAL_Driver/stm32wlxx_hal_rcc_ex.o
                0x00000000080041a0                HAL_RCCEx_PeriphCLKConfig
 .text.HAL_RTC_Init
                0x00000000080043d4      0x104 ./Drivers/STM32WLxx_HAL_Driver/stm32wlxx_hal_rtc.o
                0x00000000080043d4                HAL_RTC_Init
 .text.HAL_RTC_SetTime
                0x00000000080044d8      0x138 ./Drivers/STM32WLxx_HAL_Driver/stm32wlxx_hal_rtc.o
                0x00000000080044d8                HAL_RTC_SetTime
 .text.HAL_RTC_GetTime
                0x0000000008004610       0xc4 ./Drivers/STM32WLxx_HAL_Driver/stm32wlxx_hal_rtc.o
                0x0000000008004610                HAL_RTC_GetTime
 .text.HAL_RTC_SetDate
                0x00000000080046d4      0x10c ./Drivers/STM32WLxx_HAL_Driver/stm32wlxx_hal_rtc.o
                0x00000000080046d4                HAL_RTC_SetDate
 .text.HAL_RTC_GetDate
                0x00000000080047e0       0x9c ./Drivers/STM32WLxx_HAL_Driver/stm32wlxx_hal_rtc.o
                0x00000000080047e0                HAL_RTC_GetDate
 .text.HAL_RTC_SetAlarm_IT
                0x000000000800487c      0x218 ./Drivers/STM32WLxx_HAL_Driver/stm32wlxx_hal_rtc.o
                0x000000000800487c                HAL_RTC_SetAlarm_IT
 .text.HAL_RTC_DeactivateAlarm
                0x0000000008004a94       0xb8 ./Drivers/STM32WLxx_HAL_Driver/stm32wlxx_hal_rtc.o
                0x0000000008004a94                HAL_RTC_DeactivateAlarm
 .text.HAL_RTC_AlarmIRQHandler
                0x0000000008004b4c       0x54 ./Drivers/STM32WLxx_HAL_Driver/stm32wlxx_hal_rtc.o
                0x0000000008004b4c                HAL_RTC_AlarmIRQHandler
 .text.HAL_RTC_WaitForSynchro
                0x0000000008004ba0       0x4c ./Drivers/STM32WLxx_HAL_Driver/stm32wlxx_hal_rtc.o
                0x0000000008004ba0                HAL_RTC_WaitForSynchro
 .text.RTC_EnterInitMode
                0x0000000008004bec       0x68 ./Drivers/STM32WLxx_HAL_Driver/stm32wlxx_hal_rtc.o
                0x0000000008004bec                RTC_EnterInitMode
 .text.RTC_ExitInitMode
                0x0000000008004c54       0x7c ./Drivers/STM32WLxx_HAL_Driver/stm32wlxx_hal_rtc.o
                0x0000000008004c54                RTC_ExitInitMode
 .text.RTC_ByteToBcd2
                0x0000000008004cd0       0x3e ./Drivers/STM32WLxx_HAL_Driver/stm32wlxx_hal_rtc.o
                0x0000000008004cd0                RTC_ByteToBcd2
 .text.RTC_Bcd2ToByte
                0x0000000008004d0e       0x36 ./Drivers/STM32WLxx_HAL_Driver/stm32wlxx_hal_rtc.o
                0x0000000008004d0e                RTC_Bcd2ToByte
 .text.HAL_RTCEx_AlarmBEventCallback
                0x0000000008004d44       0x12 ./Drivers/STM32WLxx_HAL_Driver/stm32wlxx_hal_rtc_ex.o
                0x0000000008004d44                HAL_RTCEx_AlarmBEventCallback
 .text.LL_RCC_GetUSARTClockSource
                0x0000000008004d56       0x24 ./Drivers/STM32WLxx_HAL_Driver/stm32wlxx_hal_uart.o
 .text.LL_RCC_GetLPUARTClockSource
                0x0000000008004d7a       0x1e ./Drivers/STM32WLxx_HAL_Driver/stm32wlxx_hal_uart.o
 .text.HAL_UART_Init
                0x0000000008004d98       0xa0 ./Drivers/STM32WLxx_HAL_Driver/stm32wlxx_hal_uart.o
                0x0000000008004d98                HAL_UART_Init
 .text.HAL_UART_Transmit
                0x0000000008004e38      0x10c ./Drivers/STM32WLxx_HAL_Driver/stm32wlxx_hal_uart.o
                0x0000000008004e38                HAL_UART_Transmit
 .text.HAL_UART_Receive
                0x0000000008004f44      0x188 ./Drivers/STM32WLxx_HAL_Driver/stm32wlxx_hal_uart.o
                0x0000000008004f44                HAL_UART_Receive
 .text.UART_SetConfig
                0x00000000080050cc      0x4e8 ./Drivers/STM32WLxx_HAL_Driver/stm32wlxx_hal_uart.o
                0x00000000080050cc                UART_SetConfig
 .text.UART_AdvFeatureConfig
                0x00000000080055b4      0x142 ./Drivers/STM32WLxx_HAL_Driver/stm32wlxx_hal_uart.o
                0x00000000080055b4                UART_AdvFeatureConfig
 .text.UART_CheckIdleState
                0x00000000080056f6       0x9c ./Drivers/STM32WLxx_HAL_Driver/stm32wlxx_hal_uart.o
                0x00000000080056f6                UART_CheckIdleState
 .text.UART_WaitOnFlagUntilTimeout
                0x0000000008005792      0x190 ./Drivers/STM32WLxx_HAL_Driver/stm32wlxx_hal_uart.o
                0x0000000008005792                UART_WaitOnFlagUntilTimeout
 .text.HAL_UARTEx_DisableFifoMode
                0x0000000008005922       0x70 ./Drivers/STM32WLxx_HAL_Driver/stm32wlxx_hal_uart_ex.o
                0x0000000008005922                HAL_UARTEx_DisableFifoMode
 .text.HAL_UARTEx_SetTxFifoThreshold
                0x0000000008005992       0x7c ./Drivers/STM32WLxx_HAL_Driver/stm32wlxx_hal_uart_ex.o
                0x0000000008005992                HAL_UARTEx_SetTxFifoThreshold
 .text.HAL_UARTEx_SetRxFifoThreshold
                0x0000000008005a0e       0x7c ./Drivers/STM32WLxx_HAL_Driver/stm32wlxx_hal_uart_ex.o
                0x0000000008005a0e                HAL_UARTEx_SetRxFifoThreshold
 *fill*         0x0000000008005a8a        0x2 
 .text.UARTEx_SetNbDataToProcess
                0x0000000008005a8c       0x98 ./Drivers/STM32WLxx_HAL_Driver/stm32wlxx_hal_uart_ex.o
 .text.atoi     0x0000000008005b24        0x8 /Applications/STM32CubeIDE.app/Contents/Eclipse/plugins/com.st.stm32cube.ide.mcu.externaltools.gnu-tools-for-stm32.10.3-2021.10.macos64_1.0.200.202301161003/tools/bin/../lib/gcc/arm-none-eabi/10.3.1/../../../../arm-none-eabi/lib/thumb/v7e-m/nofp/libc_nano.a(lib_a-atoi.o)
                0x0000000008005b24                atoi
 .text.__errno  0x0000000008005b2c        0xc /Applications/STM32CubeIDE.app/Contents/Eclipse/plugins/com.st.stm32cube.ide.mcu.externaltools.gnu-tools-for-stm32.10.3-2021.10.macos64_1.0.200.202301161003/tools/bin/../lib/gcc/arm-none-eabi/10.3.1/../../../../arm-none-eabi/lib/thumb/v7e-m/nofp/libc_nano.a(lib_a-errno.o)
                0x0000000008005b2c                __errno
 .text.__libc_init_array
                0x0000000008005b38       0x48 /Applications/STM32CubeIDE.app/Contents/Eclipse/plugins/com.st.stm32cube.ide.mcu.externaltools.gnu-tools-for-stm32.10.3-2021.10.macos64_1.0.200.202301161003/tools/bin/../lib/gcc/arm-none-eabi/10.3.1/../../../../arm-none-eabi/lib/thumb/v7e-m/nofp/libc_nano.a(lib_a-init.o)
                0x0000000008005b38                __libc_init_array
 .text.memcpy   0x0000000008005b80       0x1c /Applications/STM32CubeIDE.app/Contents/Eclipse/plugins/com.st.stm32cube.ide.mcu.externaltools.gnu-tools-for-stm32.10.3-2021.10.macos64_1.0.200.202301161003/tools/bin/../lib/gcc/arm-none-eabi/10.3.1/../../../../arm-none-eabi/lib/thumb/v7e-m/nofp/libc_nano.a(lib_a-memcpy-stub.o)
                0x0000000008005b80                memcpy
 .text.memset   0x0000000008005b9c       0x10 /Applications/STM32CubeIDE.app/Contents/Eclipse/plugins/com.st.stm32cube.ide.mcu.externaltools.gnu-tools-for-stm32.10.3-2021.10.macos64_1.0.200.202301161003/tools/bin/../lib/gcc/arm-none-eabi/10.3.1/../../../../arm-none-eabi/lib/thumb/v7e-m/nofp/libc_nano.a(lib_a-memset.o)
                0x0000000008005b9c                memset
 .text.snprintf
                0x0000000008005bac       0x68 /Applications/STM32CubeIDE.app/Contents/Eclipse/plugins/com.st.stm32cube.ide.mcu.externaltools.gnu-tools-for-stm32.10.3-2021.10.macos64_1.0.200.202301161003/tools/bin/../lib/gcc/arm-none-eabi/10.3.1/../../../../arm-none-eabi/lib/thumb/v7e-m/nofp/libc_nano.a(lib_a-snprintf.o)
                0x0000000008005bac                snprintf
                0x0000000008005bac                sniprintf
 .text.strncmp  0x0000000008005c14       0x28 /Applications/STM32CubeIDE.app/Contents/Eclipse/plugins/com.st.stm32cube.ide.mcu.externaltools.gnu-tools-for-stm32.10.3-2021.10.macos64_1.0.200.202301161003/tools/bin/../lib/gcc/arm-none-eabi/10.3.1/../../../../arm-none-eabi/lib/thumb/v7e-m/nofp/libc_nano.a(lib_a-strncmp.o)
                0x0000000008005c14                strncmp
 .text.strtok   0x0000000008005c3c       0x68 /Applications/STM32CubeIDE.app/Contents/Eclipse/plugins/com.st.stm32cube.ide.mcu.externaltools.gnu-tools-for-stm32.10.3-2021.10.macos64_1.0.200.202301161003/tools/bin/../lib/gcc/arm-none-eabi/10.3.1/../../../../arm-none-eabi/lib/thumb/v7e-m/nofp/libc_nano.a(lib_a-strtok.o)
                0x0000000008005c3c                strtok
 .text.__strtok_r
                0x0000000008005ca4       0x50 /Applications/STM32CubeIDE.app/Contents/Eclipse/plugins/com.st.stm32cube.ide.mcu.externaltools.gnu-tools-for-stm32.10.3-2021.10.macos64_1.0.200.202301161003/tools/bin/../lib/gcc/arm-none-eabi/10.3.1/../../../../arm-none-eabi/lib/thumb/v7e-m/nofp/libc_nano.a(lib_a-strtok_r.o)
                0x0000000008005ca4                __strtok_r
 .text._strtol_l.constprop.0
                0x0000000008005cf4       0xf8 /Applications/STM32CubeIDE.app/Contents/Eclipse/plugins/com.st.stm32cube.ide.mcu.externaltools.gnu-tools-for-stm32.10.3-2021.10.macos64_1.0.200.202301161003/tools/bin/../lib/gcc/arm-none-eabi/10.3.1/../../../../arm-none-eabi/lib/thumb/v7e-m/nofp/libc_nano.a(lib_a-strtol.o)
 .text.strtol   0x0000000008005dec       0x14 /Applications/STM32CubeIDE.app/Contents/Eclipse/plugins/com.st.stm32cube.ide.mcu.externaltools.gnu-tools-for-stm32.10.3-2021.10.macos64_1.0.200.202301161003/tools/bin/../lib/gcc/arm-none-eabi/10.3.1/../../../../arm-none-eabi/lib/thumb/v7e-m/nofp/libc_nano.a(lib_a-strtol.o)
                0x0000000008005dec                strtol
 .text.__assert_func
                0x0000000008005e00       0x3c /Applications/STM32CubeIDE.app/Contents/Eclipse/plugins/com.st.stm32cube.ide.mcu.externaltools.gnu-tools-for-stm32.10.3-2021.10.macos64_1.0.200.202301161003/tools/bin/../lib/gcc/arm-none-eabi/10.3.1/../../../../arm-none-eabi/lib/thumb/v7e-m/nofp/libc_nano.a(lib_a-assert.o)
                0x0000000008005e00                __assert_func
 .text.fprintf  0x0000000008005e3c       0x24 /Applications/STM32CubeIDE.app/Contents/Eclipse/plugins/com.st.stm32cube.ide.mcu.externaltools.gnu-tools-for-stm32.10.3-2021.10.macos64_1.0.200.202301161003/tools/bin/../lib/gcc/arm-none-eabi/10.3.1/../../../../arm-none-eabi/lib/thumb/v7e-m/nofp/libc_nano.a(lib_a-fprintf.o)
                0x0000000008005e3c                fprintf
                0x0000000008005e3c                fiprintf
 .text.malloc   0x0000000008005e60       0x10 /Applications/STM32CubeIDE.app/Contents/Eclipse/plugins/com.st.stm32cube.ide.mcu.externaltools.gnu-tools-for-stm32.10.3-2021.10.macos64_1.0.200.202301161003/tools/bin/../lib/gcc/arm-none-eabi/10.3.1/../../../../arm-none-eabi/lib/thumb/v7e-m/nofp/libc_nano.a(lib_a-malloc.o)
                0x0000000008005e60                malloc
 .text._free_r  0x0000000008005e70       0x94 /Applications/STM32CubeIDE.app/Contents/Eclipse/plugins/com.st.stm32cube.ide.mcu.externaltools.gnu-tools-for-stm32.10.3-2021.10.macos64_1.0.200.202301161003/tools/bin/../lib/gcc/arm-none-eabi/10.3.1/../../../../arm-none-eabi/lib/thumb/v7e-m/nofp/libc_nano.a(lib_a-nano-freer.o)
                0x0000000008005e70                _free_r
 .text.sbrk_aligned
                0x0000000008005f04       0x40 /Applications/STM32CubeIDE.app/Contents/Eclipse/plugins/com.st.stm32cube.ide.mcu.externaltools.gnu-tools-for-stm32.10.3-2021.10.macos64_1.0.200.202301161003/tools/bin/../lib/gcc/arm-none-eabi/10.3.1/../../../../arm-none-eabi/lib/thumb/v7e-m/nofp/libc_nano.a(lib_a-nano-mallocr.o)
 .text._malloc_r
                0x0000000008005f44       0xe8 /Applications/STM32CubeIDE.app/Contents/Eclipse/plugins/com.st.stm32cube.ide.mcu.externaltools.gnu-tools-for-stm32.10.3-2021.10.macos64_1.0.200.202301161003/tools/bin/../lib/gcc/arm-none-eabi/10.3.1/../../../../arm-none-eabi/lib/thumb/v7e-m/nofp/libc_nano.a(lib_a-nano-mallocr.o)
                0x0000000008005f44                _malloc_r
 .text.__ssputs_r
                0x000000000800602c       0xb6 /Applications/STM32CubeIDE.app/Contents/Eclipse/plugins/com.st.stm32cube.ide.mcu.externaltools.gnu-tools-for-stm32.10.3-2021.10.macos64_1.0.200.202301161003/tools/bin/../lib/gcc/arm-none-eabi/10.3.1/../../../../arm-none-eabi/lib/thumb/v7e-m/nofp/libc_nano.a(lib_a-nano-svfprintf.o)
                0x000000000800602c                __ssputs_r
 *fill*         0x00000000080060e2        0x2 
 .text._svfprintf_r
                0x00000000080060e4      0x200 /Applications/STM32CubeIDE.app/Contents/Eclipse/plugins/com.st.stm32cube.ide.mcu.externaltools.gnu-tools-for-stm32.10.3-2021.10.macos64_1.0.200.202301161003/tools/bin/../lib/gcc/arm-none-eabi/10.3.1/../../../../arm-none-eabi/lib/thumb/v7e-m/nofp/libc_nano.a(lib_a-nano-svfprintf.o)
                0x00000000080060e4                _svfprintf_r
                0x00000000080060e4                _svfiprintf_r
 .text.__sfputc_r
                0x00000000080062e4       0x2a /Applications/STM32CubeIDE.app/Contents/Eclipse/plugins/com.st.stm32cube.ide.mcu.externaltools.gnu-tools-for-stm32.10.3-2021.10.macos64_1.0.200.202301161003/tools/bin/../lib/gcc/arm-none-eabi/10.3.1/../../../../arm-none-eabi/lib/thumb/v7e-m/nofp/libc_nano.a(lib_a-nano-vfprintf.o)
 .text.__sfputs_r
                0x000000000800630e       0x24 /Applications/STM32CubeIDE.app/Contents/Eclipse/plugins/com.st.stm32cube.ide.mcu.externaltools.gnu-tools-for-stm32.10.3-2021.10.macos64_1.0.200.202301161003/tools/bin/../lib/gcc/arm-none-eabi/10.3.1/../../../../arm-none-eabi/lib/thumb/v7e-m/nofp/libc_nano.a(lib_a-nano-vfprintf.o)
                0x000000000800630e                __sfputs_r
 *fill*         0x0000000008006332        0x2 
 .text._vfprintf_r
                0x0000000008006334      0x260 /Applications/STM32CubeIDE.app/Contents/Eclipse/plugins/com.st.stm32cube.ide.mcu.externaltools.gnu-tools-for-stm32.10.3-2021.10.macos64_1.0.200.202301161003/tools/bin/../lib/gcc/arm-none-eabi/10.3.1/../../../../arm-none-eabi/lib/thumb/v7e-m/nofp/libc_nano.a(lib_a-nano-vfprintf.o)
                0x0000000008006334                _vfiprintf_r
                0x0000000008006334                _vfprintf_r
 .text._printf_common
                0x0000000008006594       0xda /Applications/STM32CubeIDE.app/Contents/Eclipse/plugins/com.st.stm32cube.ide.mcu.externaltools.gnu-tools-for-stm32.10.3-2021.10.macos64_1.0.200.202301161003/tools/bin/../lib/gcc/arm-none-eabi/10.3.1/../../../../arm-none-eabi/lib/thumb/v7e-m/nofp/libc_nano.a(lib_a-nano-vfprintf_i.o)
                0x0000000008006594                _printf_common
 *fill*         0x000000000800666e        0x2 
 .text._printf_i
                0x0000000008006670      0x24c /Applications/STM32CubeIDE.app/Contents/Eclipse/plugins/com.st.stm32cube.ide.mcu.externaltools.gnu-tools-for-stm32.10.3-2021.10.macos64_1.0.200.202301161003/tools/bin/../lib/gcc/arm-none-eabi/10.3.1/../../../../arm-none-eabi/lib/thumb/v7e-m/nofp/libc_nano.a(lib_a-nano-vfprintf_i.o)
                0x0000000008006670                _printf_i
 .text._sbrk_r  0x00000000080068bc       0x20 /Applications/STM32CubeIDE.app/Contents/Eclipse/plugins/com.st.stm32cube.ide.mcu.externaltools.gnu-tools-for-stm32.10.3-2021.10.macos64_1.0.200.202301161003/tools/bin/../lib/gcc/arm-none-eabi/10.3.1/../../../../arm-none-eabi/lib/thumb/v7e-m/nofp/libc_nano.a(lib_a-sbrkr.o)
                0x00000000080068bc                _sbrk_r
 .text.__swbuf_r
                0x00000000080068dc       0xa4 /Applications/STM32CubeIDE.app/Contents/Eclipse/plugins/com.st.stm32cube.ide.mcu.externaltools.gnu-tools-for-stm32.10.3-2021.10.macos64_1.0.200.202301161003/tools/bin/../lib/gcc/arm-none-eabi/10.3.1/../../../../arm-none-eabi/lib/thumb/v7e-m/nofp/libc_nano.a(lib_a-wbuf.o)
                0x00000000080068dc                __swbuf_r
 .text.__swsetup_r
                0x0000000008006980       0xdc /Applications/STM32CubeIDE.app/Contents/Eclipse/plugins/com.st.stm32cube.ide.mcu.externaltools.gnu-tools-for-stm32.10.3-2021.10.macos64_1.0.200.202301161003/tools/bin/../lib/gcc/arm-none-eabi/10.3.1/../../../../arm-none-eabi/lib/thumb/v7e-m/nofp/libc_nano.a(lib_a-wsetup.o)
                0x0000000008006980                __swsetup_r
 .text.abort    0x0000000008006a5c        0xe /Applications/STM32CubeIDE.app/Contents/Eclipse/plugins/com.st.stm32cube.ide.mcu.externaltools.gnu-tools-for-stm32.10.3-2021.10.macos64_1.0.200.202301161003/tools/bin/../lib/gcc/arm-none-eabi/10.3.1/../../../../arm-none-eabi/lib/thumb/v7e-m/nofp/libc_nano.a(lib_a-abort.o)
                0x0000000008006a5c                abort
 *fill*         0x0000000008006a6a        0x2 
 .text.__sflush_r
                0x0000000008006a6c      0x104 /Applications/STM32CubeIDE.app/Contents/Eclipse/plugins/com.st.stm32cube.ide.mcu.externaltools.gnu-tools-for-stm32.10.3-2021.10.macos64_1.0.200.202301161003/tools/bin/../lib/gcc/arm-none-eabi/10.3.1/../../../../arm-none-eabi/lib/thumb/v7e-m/nofp/libc_nano.a(lib_a-fflush.o)
                0x0000000008006a6c                __sflush_r
 .text._fflush_r
                0x0000000008006b70       0x78 /Applications/STM32CubeIDE.app/Contents/Eclipse/plugins/com.st.stm32cube.ide.mcu.externaltools.gnu-tools-for-stm32.10.3-2021.10.macos64_1.0.200.202301161003/tools/bin/../lib/gcc/arm-none-eabi/10.3.1/../../../../arm-none-eabi/lib/thumb/v7e-m/nofp/libc_nano.a(lib_a-fflush.o)
                0x0000000008006b70                _fflush_r
 .text.std      0x0000000008006be8       0x48 /Applications/STM32CubeIDE.app/Contents/Eclipse/plugins/com.st.stm32cube.ide.mcu.externaltools.gnu-tools-for-stm32.10.3-2021.10.macos64_1.0.200.202301161003/tools/bin/../lib/gcc/arm-none-eabi/10.3.1/../../../../arm-none-eabi/lib/thumb/v7e-m/nofp/libc_nano.a(lib_a-findfp.o)
 .text._cleanup_r
                0x0000000008006c30        0xc /Applications/STM32CubeIDE.app/Contents/Eclipse/plugins/com.st.stm32cube.ide.mcu.externaltools.gnu-tools-for-stm32.10.3-2021.10.macos64_1.0.200.202301161003/tools/bin/../lib/gcc/arm-none-eabi/10.3.1/../../../../arm-none-eabi/lib/thumb/v7e-m/nofp/libc_nano.a(lib_a-findfp.o)
                0x0000000008006c30                _cleanup_r
 .text.__sfmoreglue
                0x0000000008006c3c       0x2c /Applications/STM32CubeIDE.app/Contents/Eclipse/plugins/com.st.stm32cube.ide.mcu.externaltools.gnu-tools-for-stm32.10.3-2021.10.macos64_1.0.200.202301161003/tools/bin/../lib/gcc/arm-none-eabi/10.3.1/../../../../arm-none-eabi/lib/thumb/v7e-m/nofp/libc_nano.a(lib_a-findfp.o)
                0x0000000008006c3c                __sfmoreglue
 .text.__sfp_lock_acquire
                0x0000000008006c68        0xc /Applications/STM32CubeIDE.app/Contents/Eclipse/plugins/com.st.stm32cube.ide.mcu.externaltools.gnu-tools-for-stm32.10.3-2021.10.macos64_1.0.200.202301161003/tools/bin/../lib/gcc/arm-none-eabi/10.3.1/../../../../arm-none-eabi/lib/thumb/v7e-m/nofp/libc_nano.a(lib_a-findfp.o)
                0x0000000008006c68                __sfp_lock_acquire
 .text.__sfp_lock_release
                0x0000000008006c74        0xc /Applications/STM32CubeIDE.app/Contents/Eclipse/plugins/com.st.stm32cube.ide.mcu.externaltools.gnu-tools-for-stm32.10.3-2021.10.macos64_1.0.200.202301161003/tools/bin/../lib/gcc/arm-none-eabi/10.3.1/../../../../arm-none-eabi/lib/thumb/v7e-m/nofp/libc_nano.a(lib_a-findfp.o)
                0x0000000008006c74                __sfp_lock_release
 .text.__sinit_lock_acquire
                0x0000000008006c80        0xc /Applications/STM32CubeIDE.app/Contents/Eclipse/plugins/com.st.stm32cube.ide.mcu.externaltools.gnu-tools-for-stm32.10.3-2021.10.macos64_1.0.200.202301161003/tools/bin/../lib/gcc/arm-none-eabi/10.3.1/../../../../arm-none-eabi/lib/thumb/v7e-m/nofp/libc_nano.a(lib_a-findfp.o)
                0x0000000008006c80                __sinit_lock_acquire
 .text.__sinit_lock_release
                0x0000000008006c8c        0xc /Applications/STM32CubeIDE.app/Contents/Eclipse/plugins/com.st.stm32cube.ide.mcu.externaltools.gnu-tools-for-stm32.10.3-2021.10.macos64_1.0.200.202301161003/tools/bin/../lib/gcc/arm-none-eabi/10.3.1/../../../../arm-none-eabi/lib/thumb/v7e-m/nofp/libc_nano.a(lib_a-findfp.o)
                0x0000000008006c8c                __sinit_lock_release
 .text.__sinit  0x0000000008006c98       0x70 /Applications/STM32CubeIDE.app/Contents/Eclipse/plugins/com.st.stm32cube.ide.mcu.externaltools.gnu-tools-for-stm32.10.3-2021.10.macos64_1.0.200.202301161003/tools/bin/../lib/gcc/arm-none-eabi/10.3.1/../../../../arm-none-eabi/lib/thumb/v7e-m/nofp/libc_nano.a(lib_a-findfp.o)
                0x0000000008006c98                __sinit
 .text.__sfp    0x0000000008006d08       0x8c /Applications/STM32CubeIDE.app/Contents/Eclipse/plugins/com.st.stm32cube.ide.mcu.externaltools.gnu-tools-for-stm32.10.3-2021.10.macos64_1.0.200.202301161003/tools/bin/../lib/gcc/arm-none-eabi/10.3.1/../../../../arm-none-eabi/lib/thumb/v7e-m/nofp/libc_nano.a(lib_a-findfp.o)
                0x0000000008006d08                __sfp
 .text._fwalk_reent
                0x0000000008006d94       0x3e /Applications/STM32CubeIDE.app/Contents/Eclipse/plugins/com.st.stm32cube.ide.mcu.externaltools.gnu-tools-for-stm32.10.3-2021.10.macos64_1.0.200.202301161003/tools/bin/../lib/gcc/arm-none-eabi/10.3.1/../../../../arm-none-eabi/lib/thumb/v7e-m/nofp/libc_nano.a(lib_a-fwalk.o)
                0x0000000008006d94                _fwalk_reent
 .text.__retarget_lock_init_recursive
                0x0000000008006dd2        0x2 /Applications/STM32CubeIDE.app/Contents/Eclipse/plugins/com.st.stm32cube.ide.mcu.externaltools.gnu-tools-for-stm32.10.3-2021.10.macos64_1.0.200.202301161003/tools/bin/../lib/gcc/arm-none-eabi/10.3.1/../../../../arm-none-eabi/lib/thumb/v7e-m/nofp/libc_nano.a(lib_a-lock.o)
                0x0000000008006dd2                __retarget_lock_init_recursive
 .text.__retarget_lock_acquire_recursive
                0x0000000008006dd4        0x2 /Applications/STM32CubeIDE.app/Contents/Eclipse/plugins/com.st.stm32cube.ide.mcu.externaltools.gnu-tools-for-stm32.10.3-2021.10.macos64_1.0.200.202301161003/tools/bin/../lib/gcc/arm-none-eabi/10.3.1/../../../../arm-none-eabi/lib/thumb/v7e-m/nofp/libc_nano.a(lib_a-lock.o)
                0x0000000008006dd4                __retarget_lock_acquire_recursive
 .text.__retarget_lock_release_recursive
                0x0000000008006dd6        0x2 /Applications/STM32CubeIDE.app/Contents/Eclipse/plugins/com.st.stm32cube.ide.mcu.externaltools.gnu-tools-for-stm32.10.3-2021.10.macos64_1.0.200.202301161003/tools/bin/../lib/gcc/arm-none-eabi/10.3.1/../../../../arm-none-eabi/lib/thumb/v7e-m/nofp/libc_nano.a(lib_a-lock.o)
                0x0000000008006dd6                __retarget_lock_release_recursive
 .text.__swhatbuf_r
                0x0000000008006dd8       0x4a /Applications/STM32CubeIDE.app/Contents/Eclipse/plugins/com.st.stm32cube.ide.mcu.externaltools.gnu-tools-for-stm32.10.3-2021.10.macos64_1.0.200.202301161003/tools/bin/../lib/gcc/arm-none-eabi/10.3.1/../../../../arm-none-eabi/lib/thumb/v7e-m/nofp/libc_nano.a(lib_a-makebuf.o)
                0x0000000008006dd8                __swhatbuf_r
 *fill*         0x0000000008006e22        0x2 
 .text.__smakebuf_r
                0x0000000008006e24       0x80 /Applications/STM32CubeIDE.app/Contents/Eclipse/plugins/com.st.stm32cube.ide.mcu.externaltools.gnu-tools-for-stm32.10.3-2021.10.macos64_1.0.200.202301161003/tools/bin/../lib/gcc/arm-none-eabi/10.3.1/../../../../arm-none-eabi/lib/thumb/v7e-m/nofp/libc_nano.a(lib_a-makebuf.o)
                0x0000000008006e24                __smakebuf_r
 .text.memmove  0x0000000008006ea4       0x34 /Applications/STM32CubeIDE.app/Contents/Eclipse/plugins/com.st.stm32cube.ide.mcu.externaltools.gnu-tools-for-stm32.10.3-2021.10.macos64_1.0.200.202301161003/tools/bin/../lib/gcc/arm-none-eabi/10.3.1/../../../../arm-none-eabi/lib/thumb/v7e-m/nofp/libc_nano.a(lib_a-memmove.o)
                0x0000000008006ea4                memmove
 .text.__malloc_lock
                0x0000000008006ed8        0xc /Applications/STM32CubeIDE.app/Contents/Eclipse/plugins/com.st.stm32cube.ide.mcu.externaltools.gnu-tools-for-stm32.10.3-2021.10.macos64_1.0.200.202301161003/tools/bin/../lib/gcc/arm-none-eabi/10.3.1/../../../../arm-none-eabi/lib/thumb/v7e-m/nofp/libc_nano.a(lib_a-mlock.o)
                0x0000000008006ed8                __malloc_lock
 .text.__malloc_unlock
                0x0000000008006ee4        0xc /Applications/STM32CubeIDE.app/Contents/Eclipse/plugins/com.st.stm32cube.ide.mcu.externaltools.gnu-tools-for-stm32.10.3-2021.10.macos64_1.0.200.202301161003/tools/bin/../lib/gcc/arm-none-eabi/10.3.1/../../../../arm-none-eabi/lib/thumb/v7e-m/nofp/libc_nano.a(lib_a-mlock.o)
                0x0000000008006ee4                __malloc_unlock
 .text._realloc_r
                0x0000000008006ef0       0x5e /Applications/STM32CubeIDE.app/Contents/Eclipse/plugins/com.st.stm32cube.ide.mcu.externaltools.gnu-tools-for-stm32.10.3-2021.10.macos64_1.0.200.202301161003/tools/bin/../lib/gcc/arm-none-eabi/10.3.1/../../../../arm-none-eabi/lib/thumb/v7e-m/nofp/libc_nano.a(lib_a-nano-reallocr.o)
                0x0000000008006ef0                _realloc_r
 .text._raise_r
                0x0000000008006f4e       0x50 /Applications/STM32CubeIDE.app/Contents/Eclipse/plugins/com.st.stm32cube.ide.mcu.externaltools.gnu-tools-for-stm32.10.3-2021.10.macos64_1.0.200.202301161003/tools/bin/../lib/gcc/arm-none-eabi/10.3.1/../../../../arm-none-eabi/lib/thumb/v7e-m/nofp/libc_nano.a(lib_a-signal.o)
                0x0000000008006f4e                _raise_r
 *fill*         0x0000000008006f9e        0x2 
 .text.raise    0x0000000008006fa0       0x10 /Applications/STM32CubeIDE.app/Contents/Eclipse/plugins/com.st.stm32cube.ide.mcu.externaltools.gnu-tools-for-stm32.10.3-2021.10.macos64_1.0.200.202301161003/tools/bin/../lib/gcc/arm-none-eabi/10.3.1/../../../../arm-none-eabi/lib/thumb/v7e-m/nofp/libc_nano.a(lib_a-signal.o)
                0x0000000008006fa0                raise
 .text._kill_r  0x0000000008006fb0       0x24 /Applications/STM32CubeIDE.app/Contents/Eclipse/plugins/com.st.stm32cube.ide.mcu.externaltools.gnu-tools-for-stm32.10.3-2021.10.macos64_1.0.200.202301161003/tools/bin/../lib/gcc/arm-none-eabi/10.3.1/../../../../arm-none-eabi/lib/thumb/v7e-m/nofp/libc_nano.a(lib_a-signalr.o)
                0x0000000008006fb0                _kill_r
 .text._getpid_r
                0x0000000008006fd4        0x4 /Applications/STM32CubeIDE.app/Contents/Eclipse/plugins/com.st.stm32cube.ide.mcu.externaltools.gnu-tools-for-stm32.10.3-2021.10.macos64_1.0.200.202301161003/tools/bin/../lib/gcc/arm-none-eabi/10.3.1/../../../../arm-none-eabi/lib/thumb/v7e-m/nofp/libc_nano.a(lib_a-signalr.o)
                0x0000000008006fd4                _getpid_r
 .text.__sread  0x0000000008006fd8       0x22 /Applications/STM32CubeIDE.app/Contents/Eclipse/plugins/com.st.stm32cube.ide.mcu.externaltools.gnu-tools-for-stm32.10.3-2021.10.macos64_1.0.200.202301161003/tools/bin/../lib/gcc/arm-none-eabi/10.3.1/../../../../arm-none-eabi/lib/thumb/v7e-m/nofp/libc_nano.a(lib_a-stdio.o)
                0x0000000008006fd8                __sread
 .text.__swrite
                0x0000000008006ffa       0x38 /Applications/STM32CubeIDE.app/Contents/Eclipse/plugins/com.st.stm32cube.ide.mcu.externaltools.gnu-tools-for-stm32.10.3-2021.10.macos64_1.0.200.202301161003/tools/bin/../lib/gcc/arm-none-eabi/10.3.1/../../../../arm-none-eabi/lib/thumb/v7e-m/nofp/libc_nano.a(lib_a-stdio.o)
                0x0000000008006ffa                __swrite
 .text.__sseek  0x0000000008007032       0x24 /Applications/STM32CubeIDE.app/Contents/Eclipse/plugins/com.st.stm32cube.ide.mcu.externaltools.gnu-tools-for-stm32.10.3-2021.10.macos64_1.0.200.202301161003/tools/bin/../lib/gcc/arm-none-eabi/10.3.1/../../../../arm-none-eabi/lib/thumb/v7e-m/nofp/libc_nano.a(lib_a-stdio.o)
                0x0000000008007032                __sseek
 .text.__sclose
                0x0000000008007056        0x8 /Applications/STM32CubeIDE.app/Contents/Eclipse/plugins/com.st.stm32cube.ide.mcu.externaltools.gnu-tools-for-stm32.10.3-2021.10.macos64_1.0.200.202301161003/tools/bin/../lib/gcc/arm-none-eabi/10.3.1/../../../../arm-none-eabi/lib/thumb/v7e-m/nofp/libc_nano.a(lib_a-stdio.o)
                0x0000000008007056                __sclose
 *fill*         0x000000000800705e        0x2 
 .text._write_r
                0x0000000008007060       0x24 /Applications/STM32CubeIDE.app/Contents/Eclipse/plugins/com.st.stm32cube.ide.mcu.externaltools.gnu-tools-for-stm32.10.3-2021.10.macos64_1.0.200.202301161003/tools/bin/../lib/gcc/arm-none-eabi/10.3.1/../../../../arm-none-eabi/lib/thumb/v7e-m/nofp/libc_nano.a(lib_a-writer.o)
                0x0000000008007060                _write_r
 .text._close_r
                0x0000000008007084       0x20 /Applications/STM32CubeIDE.app/Contents/Eclipse/plugins/com.st.stm32cube.ide.mcu.externaltools.gnu-tools-for-stm32.10.3-2021.10.macos64_1.0.200.202301161003/tools/bin/../lib/gcc/arm-none-eabi/10.3.1/../../../../arm-none-eabi/lib/thumb/v7e-m/nofp/libc_nano.a(lib_a-closer.o)
                0x0000000008007084                _close_r
 .text._fstat_r
                0x00000000080070a4       0x24 /Applications/STM32CubeIDE.app/Contents/Eclipse/plugins/com.st.stm32cube.ide.mcu.externaltools.gnu-tools-for-stm32.10.3-2021.10.macos64_1.0.200.202301161003/tools/bin/../lib/gcc/arm-none-eabi/10.3.1/../../../../arm-none-eabi/lib/thumb/v7e-m/nofp/libc_nano.a(lib_a-fstatr.o)
                0x00000000080070a4                _fstat_r
 .text._isatty_r
                0x00000000080070c8       0x20 /Applications/STM32CubeIDE.app/Contents/Eclipse/plugins/com.st.stm32cube.ide.mcu.externaltools.gnu-tools-for-stm32.10.3-2021.10.macos64_1.0.200.202301161003/tools/bin/../lib/gcc/arm-none-eabi/10.3.1/../../../../arm-none-eabi/lib/thumb/v7e-m/nofp/libc_nano.a(lib_a-isattyr.o)
                0x00000000080070c8                _isatty_r
 .text._lseek_r
                0x00000000080070e8       0x24 /Applications/STM32CubeIDE.app/Contents/Eclipse/plugins/com.st.stm32cube.ide.mcu.externaltools.gnu-tools-for-stm32.10.3-2021.10.macos64_1.0.200.202301161003/tools/bin/../lib/gcc/arm-none-eabi/10.3.1/../../../../arm-none-eabi/lib/thumb/v7e-m/nofp/libc_nano.a(lib_a-lseekr.o)
                0x00000000080070e8                _lseek_r
 .text._malloc_usable_size_r
                0x000000000800710c       0x10 /Applications/STM32CubeIDE.app/Contents/Eclipse/plugins/com.st.stm32cube.ide.mcu.externaltools.gnu-tools-for-stm32.10.3-2021.10.macos64_1.0.200.202301161003/tools/bin/../lib/gcc/arm-none-eabi/10.3.1/../../../../arm-none-eabi/lib/thumb/v7e-m/nofp/libc_nano.a(lib_a-nano-msizer.o)
                0x000000000800710c                _malloc_usable_size_r
 .text._read_r  0x000000000800711c       0x24 /Applications/STM32CubeIDE.app/Contents/Eclipse/plugins/com.st.stm32cube.ide.mcu.externaltools.gnu-tools-for-stm32.10.3-2021.10.macos64_1.0.200.202301161003/tools/bin/../lib/gcc/arm-none-eabi/10.3.1/../../../../arm-none-eabi/lib/thumb/v7e-m/nofp/libc_nano.a(lib_a-readr.o)
                0x000000000800711c                _read_r
 *(.glue_7)
 .glue_7        0x0000000008007140        0x0 linker stubs
 *(.glue_7t)
 .glue_7t       0x0000000008007140        0x0 linker stubs
 *(.eh_frame)
 .eh_frame      0x0000000008007140        0x0 /Applications/STM32CubeIDE.app/Contents/Eclipse/plugins/com.st.stm32cube.ide.mcu.externaltools.gnu-tools-for-stm32.10.3-2021.10.macos64_1.0.200.202301161003/tools/bin/../lib/gcc/arm-none-eabi/10.3.1/thumb/v7e-m/nofp/crtbegin.o
 *(.init)
 .init          0x0000000008007140        0x4 /Applications/STM32CubeIDE.app/Contents/Eclipse/plugins/com.st.stm32cube.ide.mcu.externaltools.gnu-tools-for-stm32.10.3-2021.10.macos64_1.0.200.202301161003/tools/bin/../lib/gcc/arm-none-eabi/10.3.1/thumb/v7e-m/nofp/crti.o
                0x0000000008007140                _init
 .init          0x0000000008007144        0x8 /Applications/STM32CubeIDE.app/Contents/Eclipse/plugins/com.st.stm32cube.ide.mcu.externaltools.gnu-tools-for-stm32.10.3-2021.10.macos64_1.0.200.202301161003/tools/bin/../lib/gcc/arm-none-eabi/10.3.1/thumb/v7e-m/nofp/crtn.o
 *(.fini)
 .fini          0x000000000800714c        0x4 /Applications/STM32CubeIDE.app/Contents/Eclipse/plugins/com.st.stm32cube.ide.mcu.externaltools.gnu-tools-for-stm32.10.3-2021.10.macos64_1.0.200.202301161003/tools/bin/../lib/gcc/arm-none-eabi/10.3.1/thumb/v7e-m/nofp/crti.o
                0x000000000800714c                _fini
 .fini          0x0000000008007150        0x8 /Applications/STM32CubeIDE.app/Contents/Eclipse/plugins/com.st.stm32cube.ide.mcu.externaltools.gnu-tools-for-stm32.10.3-2021.10.macos64_1.0.200.202301161003/tools/bin/../lib/gcc/arm-none-eabi/10.3.1/thumb/v7e-m/nofp/crtn.o
                0x0000000008007158                . = ALIGN (0x4)
                0x0000000008007158                _etext = .

.vfp11_veneer   0x0000000008007158        0x0
 .vfp11_veneer  0x0000000008007158        0x0 linker stubs

.v4_bx          0x0000000008007158        0x0
 .v4_bx         0x0000000008007158        0x0 linker stubs

.iplt           0x0000000008007158        0x0
 .iplt          0x0000000008007158        0x0 /Applications/STM32CubeIDE.app/Contents/Eclipse/plugins/com.st.stm32cube.ide.mcu.externaltools.gnu-tools-for-stm32.10.3-2021.10.macos64_1.0.200.202301161003/tools/bin/../lib/gcc/arm-none-eabi/10.3.1/thumb/v7e-m/nofp/crtbegin.o

.rodata         0x0000000008007158      0x470
                0x0000000008007158                . = ALIGN (0x4)
 *(.rodata)
 .rodata        0x0000000008007158       0x21 ./Core/Src/calendar.o
 *fill*         0x0000000008007179        0x3 
 .rodata        0x000000000800717c       0x4e ./Core/Src/com_presentation_layer.o
 *fill*         0x00000000080071ca        0x2 
 .rodata        0x00000000080071cc       0x3e ./Core/Src/com_session_layer.o
 *fill*         0x000000000800720a        0x2 
 .rodata        0x000000000800720c       0x8d ./Core/Src/main.o
 *fill*         0x0000000008007299        0x3 
 .rodata        0x000000000800729c       0x1c ./Drivers/STM32WLxx_HAL_Driver/stm32wlxx_hal_rcc.o
 *(.rodata*)
 .rodata.AHBPrescTable
                0x00000000080072b8       0x40 ./Common/System/system_stm32wlxx.o
                0x00000000080072b8                AHBPrescTable
 .rodata.APBPrescTable
                0x00000000080072f8       0x20 ./Common/System/system_stm32wlxx.o
                0x00000000080072f8                APBPrescTable
 .rodata.MSIRangeTable
                0x0000000008007318       0x40 ./Common/System/system_stm32wlxx.o
                0x0000000008007318                MSIRangeTable
 .rodata.UARTPrescTable
                0x0000000008007358       0x18 ./Drivers/STM32WLxx_HAL_Driver/stm32wlxx_hal_uart.o
                0x0000000008007358                UARTPrescTable
 .rodata.numerator.1
                0x0000000008007370        0x8 ./Drivers/STM32WLxx_HAL_Driver/stm32wlxx_hal_uart_ex.o
 .rodata.denominator.0
                0x0000000008007378        0x8 ./Drivers/STM32WLxx_HAL_Driver/stm32wlxx_hal_uart_ex.o
 .rodata._global_impure_ptr
                0x0000000008007380        0x4 /Applications/STM32CubeIDE.app/Contents/Eclipse/plugins/com.st.stm32cube.ide.mcu.externaltools.gnu-tools-for-stm32.10.3-2021.10.macos64_1.0.200.202301161003/tools/bin/../lib/gcc/arm-none-eabi/10.3.1/../../../../arm-none-eabi/lib/thumb/v7e-m/nofp/libc_nano.a(lib_a-impure.o)
                0x0000000008007380                _global_impure_ptr
 .rodata.strtok.str1.1
                0x0000000008007384       0x74 /Applications/STM32CubeIDE.app/Contents/Eclipse/plugins/com.st.stm32cube.ide.mcu.externaltools.gnu-tools-for-stm32.10.3-2021.10.macos64_1.0.200.202301161003/tools/bin/../lib/gcc/arm-none-eabi/10.3.1/../../../../arm-none-eabi/lib/thumb/v7e-m/nofp/libc_nano.a(lib_a-strtok.o)
 .rodata.__assert_func.str1.1
                0x00000000080073f8       0x3c /Applications/STM32CubeIDE.app/Contents/Eclipse/plugins/com.st.stm32cube.ide.mcu.externaltools.gnu-tools-for-stm32.10.3-2021.10.macos64_1.0.200.202301161003/tools/bin/../lib/gcc/arm-none-eabi/10.3.1/../../../../arm-none-eabi/lib/thumb/v7e-m/nofp/libc_nano.a(lib_a-assert.o)
                                         0x3d (size before relaxing)
 .rodata._ctype_
                0x0000000008007434      0x101 /Applications/STM32CubeIDE.app/Contents/Eclipse/plugins/com.st.stm32cube.ide.mcu.externaltools.gnu-tools-for-stm32.10.3-2021.10.macos64_1.0.200.202301161003/tools/bin/../lib/gcc/arm-none-eabi/10.3.1/../../../../arm-none-eabi/lib/thumb/v7e-m/nofp/libc_nano.a(lib_a-ctype_.o)
                0x0000000008007434                _ctype_
 .rodata._svfprintf_r.str1.1
                0x0000000008007535       0x11 /Applications/STM32CubeIDE.app/Contents/Eclipse/plugins/com.st.stm32cube.ide.mcu.externaltools.gnu-tools-for-stm32.10.3-2021.10.macos64_1.0.200.202301161003/tools/bin/../lib/gcc/arm-none-eabi/10.3.1/../../../../arm-none-eabi/lib/thumb/v7e-m/nofp/libc_nano.a(lib_a-nano-svfprintf.o)
 .rodata._vfprintf_r.str1.1
                0x0000000008007546       0x11 /Applications/STM32CubeIDE.app/Contents/Eclipse/plugins/com.st.stm32cube.ide.mcu.externaltools.gnu-tools-for-stm32.10.3-2021.10.macos64_1.0.200.202301161003/tools/bin/../lib/gcc/arm-none-eabi/10.3.1/../../../../arm-none-eabi/lib/thumb/v7e-m/nofp/libc_nano.a(lib_a-nano-vfprintf.o)
 .rodata._printf_i.str1.1
                0x0000000008007546       0x22 /Applications/STM32CubeIDE.app/Contents/Eclipse/plugins/com.st.stm32cube.ide.mcu.externaltools.gnu-tools-for-stm32.10.3-2021.10.macos64_1.0.200.202301161003/tools/bin/../lib/gcc/arm-none-eabi/10.3.1/../../../../arm-none-eabi/lib/thumb/v7e-m/nofp/libc_nano.a(lib_a-nano-vfprintf_i.o)
 .rodata.__sf_fake_stderr
                0x0000000008007568       0x20 /Applications/STM32CubeIDE.app/Contents/Eclipse/plugins/com.st.stm32cube.ide.mcu.externaltools.gnu-tools-for-stm32.10.3-2021.10.macos64_1.0.200.202301161003/tools/bin/../lib/gcc/arm-none-eabi/10.3.1/../../../../arm-none-eabi/lib/thumb/v7e-m/nofp/libc_nano.a(lib_a-findfp.o)
                0x0000000008007568                __sf_fake_stderr
 .rodata.__sf_fake_stdin
                0x0000000008007588       0x20 /Applications/STM32CubeIDE.app/Contents/Eclipse/plugins/com.st.stm32cube.ide.mcu.externaltools.gnu-tools-for-stm32.10.3-2021.10.macos64_1.0.200.202301161003/tools/bin/../lib/gcc/arm-none-eabi/10.3.1/../../../../arm-none-eabi/lib/thumb/v7e-m/nofp/libc_nano.a(lib_a-findfp.o)
                0x0000000008007588                __sf_fake_stdin
 .rodata.__sf_fake_stdout
                0x00000000080075a8       0x20 /Applications/STM32CubeIDE.app/Contents/Eclipse/plugins/com.st.stm32cube.ide.mcu.externaltools.gnu-tools-for-stm32.10.3-2021.10.macos64_1.0.200.202301161003/tools/bin/../lib/gcc/arm-none-eabi/10.3.1/../../../../arm-none-eabi/lib/thumb/v7e-m/nofp/libc_nano.a(lib_a-findfp.o)
                0x00000000080075a8                __sf_fake_stdout
                0x00000000080075c8                . = ALIGN (0x4)

.ARM.extab      0x00000000080075c8        0x0
                0x00000000080075c8                . = ALIGN (0x4)
 *(.ARM.extab* .gnu.linkonce.armextab.*)
                0x00000000080075c8                . = ALIGN (0x4)

.ARM            0x00000000080075c8        0x8
                0x00000000080075c8                . = ALIGN (0x4)
                0x00000000080075c8                __exidx_start = .
 *(.ARM.exidx*)
 .ARM.exidx     0x00000000080075c8        0x8 /Applications/STM32CubeIDE.app/Contents/Eclipse/plugins/com.st.stm32cube.ide.mcu.externaltools.gnu-tools-for-stm32.10.3-2021.10.macos64_1.0.200.202301161003/tools/bin/../lib/gcc/arm-none-eabi/10.3.1/thumb/v7e-m/nofp/libgcc.a(_udivmoddi4.o)
                0x00000000080075d0                __exidx_end = .
                0x00000000080075d0                . = ALIGN (0x4)

.rel.dyn        0x00000000080075d0        0x0
 .rel.iplt      0x00000000080075d0        0x0 /Applications/STM32CubeIDE.app/Contents/Eclipse/plugins/com.st.stm32cube.ide.mcu.externaltools.gnu-tools-for-stm32.10.3-2021.10.macos64_1.0.200.202301161003/tools/bin/../lib/gcc/arm-none-eabi/10.3.1/thumb/v7e-m/nofp/crtbegin.o

.preinit_array  0x00000000080075d0        0x0
                0x00000000080075d0                . = ALIGN (0x4)
                0x00000000080075d0                PROVIDE (__preinit_array_start = .)
 *(.preinit_array*)
                0x00000000080075d0                PROVIDE (__preinit_array_end = .)
                0x00000000080075d0                . = ALIGN (0x4)

.init_array     0x00000000080075d0        0x4
                0x00000000080075d0                . = ALIGN (0x4)
                0x00000000080075d0                PROVIDE (__init_array_start = .)
 *(SORT_BY_NAME(.init_array.*))
 *(.init_array*)
 .init_array    0x00000000080075d0        0x4 /Applications/STM32CubeIDE.app/Contents/Eclipse/plugins/com.st.stm32cube.ide.mcu.externaltools.gnu-tools-for-stm32.10.3-2021.10.macos64_1.0.200.202301161003/tools/bin/../lib/gcc/arm-none-eabi/10.3.1/thumb/v7e-m/nofp/crtbegin.o
                0x00000000080075d4                PROVIDE (__init_array_end = .)
                0x00000000080075d4                . = ALIGN (0x4)

.fini_array     0x00000000080075d4        0x4
                0x00000000080075d4                . = ALIGN (0x4)
                [!provide]                        PROVIDE (__fini_array_start = .)
 *(SORT_BY_NAME(.fini_array.*))
 *(.fini_array*)
 .fini_array    0x00000000080075d4        0x4 /Applications/STM32CubeIDE.app/Contents/Eclipse/plugins/com.st.stm32cube.ide.mcu.externaltools.gnu-tools-for-stm32.10.3-2021.10.macos64_1.0.200.202301161003/tools/bin/../lib/gcc/arm-none-eabi/10.3.1/thumb/v7e-m/nofp/crtbegin.o
                [!provide]                        PROVIDE (__fini_array_end = .)
                0x00000000080075d8                . = ALIGN (0x4)
                0x00000000080075d8                _sidata = LOADADDR (.data)

.data           0x0000000020000000       0x78 load address 0x00000000080075d8
                0x0000000020000000                . = ALIGN (0x4)
                0x0000000020000000                _sdata = .
 *(.data)
 *(.data*)
 .data.SystemCoreClock
                0x0000000020000000        0x4 ./Common/System/system_stm32wlxx.o
                0x0000000020000000                SystemCoreClock
 .data._calendarHead
                0x0000000020000004        0x4 ./Core/Src/calendar.o
 .data._currentEvent
                0x0000000020000008        0x4 ./Core/Src/calendar.o
 .data.uwTickPrio
                0x000000002000000c        0x4 ./Drivers/STM32WLxx_HAL_Driver/stm32wlxx_hal.o
                0x000000002000000c                uwTickPrio
 .data.uwTickFreq
                0x0000000020000010        0x1 ./Drivers/STM32WLxx_HAL_Driver/stm32wlxx_hal.o
                0x0000000020000010                uwTickFreq
 *fill*         0x0000000020000011        0x3 
 .data._impure_ptr
                0x0000000020000014        0x4 /Applications/STM32CubeIDE.app/Contents/Eclipse/plugins/com.st.stm32cube.ide.mcu.externaltools.gnu-tools-for-stm32.10.3-2021.10.macos64_1.0.200.202301161003/tools/bin/../lib/gcc/arm-none-eabi/10.3.1/../../../../arm-none-eabi/lib/thumb/v7e-m/nofp/libc_nano.a(lib_a-impure.o)
                0x0000000020000014                _impure_ptr
 .data.impure_data
                0x0000000020000018       0x60 /Applications/STM32CubeIDE.app/Contents/Eclipse/plugins/com.st.stm32cube.ide.mcu.externaltools.gnu-tools-for-stm32.10.3-2021.10.macos64_1.0.200.202301161003/tools/bin/../lib/gcc/arm-none-eabi/10.3.1/../../../../arm-none-eabi/lib/thumb/v7e-m/nofp/libc_nano.a(lib_a-impure.o)
 *(.RamFunc)
 *(.RamFunc*)
                0x0000000020000078                . = ALIGN (0x4)
                0x0000000020000078                _edata = .

.igot.plt       0x0000000020000078        0x0 load address 0x0000000008007650
 .igot.plt      0x0000000020000078        0x0 /Applications/STM32CubeIDE.app/Contents/Eclipse/plugins/com.st.stm32cube.ide.mcu.externaltools.gnu-tools-for-stm32.10.3-2021.10.macos64_1.0.200.202301161003/tools/bin/../lib/gcc/arm-none-eabi/10.3.1/thumb/v7e-m/nofp/crtbegin.o
                0x0000000020000078                . = ALIGN (0x4)

.bss            0x0000000020000078     0x1de4 load address 0x0000000008007650
                0x0000000020000078                _sbss = .
                0x0000000020000078                __bss_start__ = _sbss
 *(.bss)
 .bss           0x0000000020000078       0x1c /Applications/STM32CubeIDE.app/Contents/Eclipse/plugins/com.st.stm32cube.ide.mcu.externaltools.gnu-tools-for-stm32.10.3-2021.10.macos64_1.0.200.202301161003/tools/bin/../lib/gcc/arm-none-eabi/10.3.1/thumb/v7e-m/nofp/crtbegin.o
 *(.bss*)
 .bss._isInit   0x0000000020000094        0x1 ./Core/Src/calendar.o
 .bss._alarmAFired
                0x0000000020000095        0x1 ./Core/Src/calendar.o
 *fill*         0x0000000020000096        0x2 
 .bss._hrtc     0x0000000020000098        0x4 ./Core/Src/calendar.o
                0x0000000020000098                _hrtc
 .bss._calendarEvents
                0x000000002000009c     0x1c00 ./Core/Src/calendar.o
                0x000000002000009c                _calendarEvents
 .bss._calendarFree
                0x0000000020001c9c        0x4 ./Core/Src/calendar.o
 .bss._isInEvent
                0x0000000020001ca0        0x1 ./Core/Src/calendar.o
 .bss._sessionOpen
                0x0000000020001ca1        0x1 ./Core/Src/com_session_layer.o
 .bss._sessionInit
                0x0000000020001ca2        0x1 ./Core/Src/com_session_layer.o
 *fill*         0x0000000020001ca3        0x1 
 .bss._messageCommand
                0x0000000020001ca4        0x4 ./Core/Src/com_session_layer.o
 .bss._messageData
                0x0000000020001ca8       0x3c ./Core/Src/com_session_layer.o
 .bss._messageReady
                0x0000000020001ce4        0x1 ./Core/Src/com_session_layer.o
 *fill*         0x0000000020001ce5        0x3 
 .bss._uartHandle
                0x0000000020001ce8        0x4 ./Core/Src/com_transport_layer.o
 .bss._txBuffer
                0x0000000020001cec       0x40 ./Core/Src/com_transport_layer.o
 .bss._rxBuffer
                0x0000000020001d2c       0x40 ./Core/Src/com_transport_layer.o
 .bss._txBuffer_full
                0x0000000020001d6c        0x1 ./Core/Src/com_transport_layer.o
 .bss._rxBuffer_full
                0x0000000020001d6d        0x1 ./Core/Src/com_transport_layer.o
 *fill*         0x0000000020001d6e        0x2 
 .bss.gpioB_isEnabled
                0x0000000020001d70        0x4 ./Core/Src/led_debug.o
                0x0000000020001d70                gpioB_isEnabled
 .bss.hrtc      0x0000000020001d74       0x38 ./Core/Src/main.o
                0x0000000020001d74                hrtc
 .bss.huart2    0x0000000020001dac       0x94 ./Core/Src/main.o
                0x0000000020001dac                huart2
 .bss._rtc_handle
                0x0000000020001e40        0x4 ./Core/Src/rtc_alarm_control.o
                0x0000000020001e40                _rtc_handle
 .bss.__sbrk_heap_end
                0x0000000020001e44        0x4 ./Core/Src/sysmem.o
 .bss.uwTick    0x0000000020001e48        0x4 ./Drivers/STM32WLxx_HAL_Driver/stm32wlxx_hal.o
                0x0000000020001e48                uwTick
 .bss.__malloc_free_list
                0x0000000020001e4c        0x4 /Applications/STM32CubeIDE.app/Contents/Eclipse/plugins/com.st.stm32cube.ide.mcu.externaltools.gnu-tools-for-stm32.10.3-2021.10.macos64_1.0.200.202301161003/tools/bin/../lib/gcc/arm-none-eabi/10.3.1/../../../../arm-none-eabi/lib/thumb/v7e-m/nofp/libc_nano.a(lib_a-nano-mallocr.o)
                0x0000000020001e4c                __malloc_free_list
 .bss.__malloc_sbrk_start
                0x0000000020001e50        0x4 /Applications/STM32CubeIDE.app/Contents/Eclipse/plugins/com.st.stm32cube.ide.mcu.externaltools.gnu-tools-for-stm32.10.3-2021.10.macos64_1.0.200.202301161003/tools/bin/../lib/gcc/arm-none-eabi/10.3.1/../../../../arm-none-eabi/lib/thumb/v7e-m/nofp/libc_nano.a(lib_a-nano-mallocr.o)
                0x0000000020001e50                __malloc_sbrk_start
 .bss.__lock___malloc_recursive_mutex
                0x0000000020001e54        0x1 /Applications/STM32CubeIDE.app/Contents/Eclipse/plugins/com.st.stm32cube.ide.mcu.externaltools.gnu-tools-for-stm32.10.3-2021.10.macos64_1.0.200.202301161003/tools/bin/../lib/gcc/arm-none-eabi/10.3.1/../../../../arm-none-eabi/lib/thumb/v7e-m/nofp/libc_nano.a(lib_a-lock.o)
                0x0000000020001e54                __lock___malloc_recursive_mutex
 .bss.__lock___sfp_recursive_mutex
                0x0000000020001e55        0x1 /Applications/STM32CubeIDE.app/Contents/Eclipse/plugins/com.st.stm32cube.ide.mcu.externaltools.gnu-tools-for-stm32.10.3-2021.10.macos64_1.0.200.202301161003/tools/bin/../lib/gcc/arm-none-eabi/10.3.1/../../../../arm-none-eabi/lib/thumb/v7e-m/nofp/libc_nano.a(lib_a-lock.o)
                0x0000000020001e55                __lock___sfp_recursive_mutex
 .bss.__lock___sinit_recursive_mutex
                0x0000000020001e56        0x1 /Applications/STM32CubeIDE.app/Contents/Eclipse/plugins/com.st.stm32cube.ide.mcu.externaltools.gnu-tools-for-stm32.10.3-2021.10.macos64_1.0.200.202301161003/tools/bin/../lib/gcc/arm-none-eabi/10.3.1/../../../../arm-none-eabi/lib/thumb/v7e-m/nofp/libc_nano.a(lib_a-lock.o)
                0x0000000020001e56                __lock___sinit_recursive_mutex
 *fill*         0x0000000020001e57        0x1 
 .bss.errno     0x0000000020001e58        0x4 /Applications/STM32CubeIDE.app/Contents/Eclipse/plugins/com.st.stm32cube.ide.mcu.externaltools.gnu-tools-for-stm32.10.3-2021.10.macos64_1.0.200.202301161003/tools/bin/../lib/gcc/arm-none-eabi/10.3.1/../../../../arm-none-eabi/lib/thumb/v7e-m/nofp/libc_nano.a(lib_a-reent.o)
                0x0000000020001e58                errno
 *(COMMON)
                0x0000000020001e5c                . = ALIGN (0x4)
                0x0000000020001e5c                _ebss = .
                0x0000000020001e5c                __bss_end__ = _ebss

._user_heap_stack
                0x0000000020001e5c      0x604 load address 0x0000000008007650
                0x0000000020001e60                . = ALIGN (0x8)
 *fill*         0x0000000020001e5c        0x4 
                [!provide]                        PROVIDE (end = .)
                0x0000000020001e60                PROVIDE (_end = .)
                0x0000000020002060                . = (. + _Min_Heap_Size)
 *fill*         0x0000000020001e60      0x200 
                0x0000000020002460                . = (. + _Min_Stack_Size)
 *fill*         0x0000000020002060      0x400 
                0x0000000020002460                . = ALIGN (0x8)

/DISCARD/
 libc.a(*)
 libm.a(*)
 libgcc.a(*)

.ARM.attributes
                0x0000000000000000       0x2a
 *(.ARM.attributes)
 .ARM.attributes
                0x0000000000000000       0x1e /Applications/STM32CubeIDE.app/Contents/Eclipse/plugins/com.st.stm32cube.ide.mcu.externaltools.gnu-tools-for-stm32.10.3-2021.10.macos64_1.0.200.202301161003/tools/bin/../lib/gcc/arm-none-eabi/10.3.1/thumb/v7e-m/nofp/crti.o
 .ARM.attributes
                0x000000000000001e       0x2e /Applications/STM32CubeIDE.app/Contents/Eclipse/plugins/com.st.stm32cube.ide.mcu.externaltools.gnu-tools-for-stm32.10.3-2021.10.macos64_1.0.200.202301161003/tools/bin/../lib/gcc/arm-none-eabi/10.3.1/thumb/v7e-m/nofp/crtbegin.o
 .ARM.attributes
                0x000000000000004c       0x2e ./Common/System/system_stm32wlxx.o
 .ARM.attributes
                0x000000000000007a       0x2e ./Core/Src/calendar.o
 .ARM.attributes
                0x00000000000000a8       0x2e ./Core/Src/com_datalink_layer.o
 .ARM.attributes
                0x00000000000000d6       0x2e ./Core/Src/com_presentation_layer.o
 .ARM.attributes
                0x0000000000000104       0x2e ./Core/Src/com_session_layer.o
 .ARM.attributes
                0x0000000000000132       0x2e ./Core/Src/com_transport_layer.o
 .ARM.attributes
                0x0000000000000160       0x2e ./Core/Src/led_debug.o
 .ARM.attributes
                0x000000000000018e       0x2e ./Core/Src/main.o
 .ARM.attributes
                0x00000000000001bc       0x2e ./Core/Src/rtc_alarm_control.o
 .ARM.attributes
                0x00000000000001ea       0x2e ./Core/Src/stm32wlxx_hal_msp.o
 .ARM.attributes
                0x0000000000000218       0x2e ./Core/Src/stm32wlxx_it.o
 .ARM.attributes
                0x0000000000000246       0x2e ./Core/Src/syscalls.o
 .ARM.attributes
                0x0000000000000274       0x2e ./Core/Src/sysmem.o
 .ARM.attributes
                0x00000000000002a2       0x21 ./Core/Startup/startup_stm32wl55jcix.o
 .ARM.attributes
                0x00000000000002c3       0x2e ./Drivers/STM32WLxx_HAL_Driver/stm32wlxx_hal.o
 .ARM.attributes
                0x00000000000002f1       0x2e ./Drivers/STM32WLxx_HAL_Driver/stm32wlxx_hal_cortex.o
 .ARM.attributes
                0x000000000000031f       0x2e ./Drivers/STM32WLxx_HAL_Driver/stm32wlxx_hal_gpio.o
 .ARM.attributes
                0x000000000000034d       0x2e ./Drivers/STM32WLxx_HAL_Driver/stm32wlxx_hal_pwr.o
 .ARM.attributes
                0x000000000000037b       0x2e ./Drivers/STM32WLxx_HAL_Driver/stm32wlxx_hal_pwr_ex.o
 .ARM.attributes
                0x00000000000003a9       0x2e ./Drivers/STM32WLxx_HAL_Driver/stm32wlxx_hal_rcc.o
 .ARM.attributes
                0x00000000000003d7       0x2e ./Drivers/STM32WLxx_HAL_Driver/stm32wlxx_hal_rcc_ex.o
 .ARM.attributes
                0x0000000000000405       0x2e ./Drivers/STM32WLxx_HAL_Driver/stm32wlxx_hal_rtc.o
 .ARM.attributes
                0x0000000000000433       0x2e ./Drivers/STM32WLxx_HAL_Driver/stm32wlxx_hal_rtc_ex.o
 .ARM.attributes
                0x0000000000000461       0x2e ./Drivers/STM32WLxx_HAL_Driver/stm32wlxx_hal_uart.o
 .ARM.attributes
                0x000000000000048f       0x2e ./Drivers/STM32WLxx_HAL_Driver/stm32wlxx_hal_uart_ex.o
 .ARM.attributes
                0x00000000000004bd       0x2e /Applications/STM32CubeIDE.app/Contents/Eclipse/plugins/com.st.stm32cube.ide.mcu.externaltools.gnu-tools-for-stm32.10.3-2021.10.macos64_1.0.200.202301161003/tools/bin/../lib/gcc/arm-none-eabi/10.3.1/../../../../arm-none-eabi/lib/thumb/v7e-m/nofp/libc_nano.a(lib_a-atoi.o)
 .ARM.attributes
                0x00000000000004eb       0x2e /Applications/STM32CubeIDE.app/Contents/Eclipse/plugins/com.st.stm32cube.ide.mcu.externaltools.gnu-tools-for-stm32.10.3-2021.10.macos64_1.0.200.202301161003/tools/bin/../lib/gcc/arm-none-eabi/10.3.1/../../../../arm-none-eabi/lib/thumb/v7e-m/nofp/libc_nano.a(lib_a-errno.o)
 .ARM.attributes
                0x0000000000000519       0x2e /Applications/STM32CubeIDE.app/Contents/Eclipse/plugins/com.st.stm32cube.ide.mcu.externaltools.gnu-tools-for-stm32.10.3-2021.10.macos64_1.0.200.202301161003/tools/bin/../lib/gcc/arm-none-eabi/10.3.1/../../../../arm-none-eabi/lib/thumb/v7e-m/nofp/libc_nano.a(lib_a-impure.o)
 .ARM.attributes
                0x0000000000000547       0x2e /Applications/STM32CubeIDE.app/Contents/Eclipse/plugins/com.st.stm32cube.ide.mcu.externaltools.gnu-tools-for-stm32.10.3-2021.10.macos64_1.0.200.202301161003/tools/bin/../lib/gcc/arm-none-eabi/10.3.1/../../../../arm-none-eabi/lib/thumb/v7e-m/nofp/libc_nano.a(lib_a-init.o)
 .ARM.attributes
                0x0000000000000575       0x2e /Applications/STM32CubeIDE.app/Contents/Eclipse/plugins/com.st.stm32cube.ide.mcu.externaltools.gnu-tools-for-stm32.10.3-2021.10.macos64_1.0.200.202301161003/tools/bin/../lib/gcc/arm-none-eabi/10.3.1/../../../../arm-none-eabi/lib/thumb/v7e-m/nofp/libc_nano.a(lib_a-memcpy-stub.o)
 .ARM.attributes
                0x00000000000005a3       0x2e /Applications/STM32CubeIDE.app/Contents/Eclipse/plugins/com.st.stm32cube.ide.mcu.externaltools.gnu-tools-for-stm32.10.3-2021.10.macos64_1.0.200.202301161003/tools/bin/../lib/gcc/arm-none-eabi/10.3.1/../../../../arm-none-eabi/lib/thumb/v7e-m/nofp/libc_nano.a(lib_a-memset.o)
 .ARM.attributes
                0x00000000000005d1       0x2e /Applications/STM32CubeIDE.app/Contents/Eclipse/plugins/com.st.stm32cube.ide.mcu.externaltools.gnu-tools-for-stm32.10.3-2021.10.macos64_1.0.200.202301161003/tools/bin/../lib/gcc/arm-none-eabi/10.3.1/../../../../arm-none-eabi/lib/thumb/v7e-m/nofp/libc_nano.a(lib_a-snprintf.o)
 .ARM.attributes
                0x00000000000005ff       0x2e /Applications/STM32CubeIDE.app/Contents/Eclipse/plugins/com.st.stm32cube.ide.mcu.externaltools.gnu-tools-for-stm32.10.3-2021.10.macos64_1.0.200.202301161003/tools/bin/../lib/gcc/arm-none-eabi/10.3.1/../../../../arm-none-eabi/lib/thumb/v7e-m/nofp/libc_nano.a(lib_a-strncmp.o)
 .ARM.attributes
                0x000000000000062d       0x2e /Applications/STM32CubeIDE.app/Contents/Eclipse/plugins/com.st.stm32cube.ide.mcu.externaltools.gnu-tools-for-stm32.10.3-2021.10.macos64_1.0.200.202301161003/tools/bin/../lib/gcc/arm-none-eabi/10.3.1/../../../../arm-none-eabi/lib/thumb/v7e-m/nofp/libc_nano.a(lib_a-strtok.o)
 .ARM.attributes
                0x000000000000065b       0x2e /Applications/STM32CubeIDE.app/Contents/Eclipse/plugins/com.st.stm32cube.ide.mcu.externaltools.gnu-tools-for-stm32.10.3-2021.10.macos64_1.0.200.202301161003/tools/bin/../lib/gcc/arm-none-eabi/10.3.1/../../../../arm-none-eabi/lib/thumb/v7e-m/nofp/libc_nano.a(lib_a-strtok_r.o)
 .ARM.attributes
                0x0000000000000689       0x2e /Applications/STM32CubeIDE.app/Contents/Eclipse/plugins/com.st.stm32cube.ide.mcu.externaltools.gnu-tools-for-stm32.10.3-2021.10.macos64_1.0.200.202301161003/tools/bin/../lib/gcc/arm-none-eabi/10.3.1/../../../../arm-none-eabi/lib/thumb/v7e-m/nofp/libc_nano.a(lib_a-strtol.o)
 .ARM.attributes