Archive member included to satisfy reference by file (symbol)

/Applications/STM32CubeIDE.app/Contents/Eclipse/plugins/com.st.stm32cube.ide.mcu.externaltools.gnu-tools-for-stm32.10.3-2021.10.macos64_1.0.200.202301161003/tools/bin/../lib/gcc/arm-none-eabi/10.3.1/../../../../arm-none-eabi/lib/thumb/v7e-m/nofp/libc_nano.a(lib_a-errno.o)
                              ./Core/Src/syscalls.o (__errno)
/Applications/STM32CubeIDE.app/Contents/Eclipse/plugins/com.st.stm32cube.ide.mcu.externaltools.gnu-tools-for-stm32.10.3-2021.10.macos64_1.0.200.202301161003/tools/bin/../lib/gcc/arm-none-eabi/10.3.1/../../../../arm-none-eabi/lib/thumb/v7e-m/nofp/libc_nano.a(lib_a-exit.o)
                              /Applications/STM32CubeIDE.app/Contents/Eclipse/plugins/com.st.stm32cube.ide.mcu.externaltools.gnu-tools-for-stm32.10.3-2021.10.macos64_1.0.200.202301161003/tools/bin/../lib/gcc/arm-none-eabi/10.3.1/../../../../arm-none-eabi/lib/thumb/v7e-m/nofp/crt0.o (exit)
/Applications/STM32CubeIDE.app/Contents/Eclipse/plugins/com.st.stm32cube.ide.mcu.externaltools.gnu-tools-for-stm32.10.3-2021.10.macos64_1.0.200.202301161003/tools/bin/../lib/gcc/arm-none-eabi/10.3.1/../../../../arm-none-eabi/lib/thumb/v7e-m/nofp/libc_nano.a(lib_a-impure.o)
                              /Applications/STM32CubeIDE.app/Contents/Eclipse/plugins/com.st.stm32cube.ide.mcu.externaltools.gnu-tools-for-stm32.10.3-2021.10.macos64_1.0.200.202301161003/tools/bin/../lib/gcc/arm-none-eabi/10.3.1/../../../../arm-none-eabi/lib/thumb/v7e-m/nofp/libc_nano.a(lib_a-exit.o) (_global_impure_ptr)
/Applications/STM32CubeIDE.app/Contents/Eclipse/plugins/com.st.stm32cube.ide.mcu.externaltools.gnu-tools-for-stm32.10.3-2021.10.macos64_1.0.200.202301161003/tools/bin/../lib/gcc/arm-none-eabi/10.3.1/../../../../arm-none-eabi/lib/thumb/v7e-m/nofp/libc_nano.a(lib_a-init.o)
                              /Applications/STM32CubeIDE.app/Contents/Eclipse/plugins/com.st.stm32cube.ide.mcu.externaltools.gnu-tools-for-stm32.10.3-2021.10.macos64_1.0.200.202301161003/tools/bin/../lib/gcc/arm-none-eabi/10.3.1/../../../../arm-none-eabi/lib/thumb/v7e-m/nofp/crt0.o (__libc_init_array)
/Applications/STM32CubeIDE.app/Contents/Eclipse/plugins/com.st.stm32cube.ide.mcu.externaltools.gnu-tools-for-stm32.10.3-2021.10.macos64_1.0.200.202301161003/tools/bin/../lib/gcc/arm-none-eabi/10.3.1/../../../../arm-none-eabi/lib/thumb/v7e-m/nofp/libc_nano.a(lib_a-memcpy-stub.o)
                              ./Core/Src/calendar.o (memcpy)
/Applications/STM32CubeIDE.app/Contents/Eclipse/plugins/com.st.stm32cube.ide.mcu.externaltools.gnu-tools-for-stm32.10.3-2021.10.macos64_1.0.200.202301161003/tools/bin/../lib/gcc/arm-none-eabi/10.3.1/../../../../arm-none-eabi/lib/thumb/v7e-m/nofp/libc_nano.a(lib_a-memset.o)
                              /Applications/STM32CubeIDE.app/Contents/Eclipse/plugins/com.st.stm32cube.ide.mcu.externaltools.gnu-tools-for-stm32.10.3-2021.10.macos64_1.0.200.202301161003/tools/bin/../lib/gcc/arm-none-eabi/10.3.1/../../../../arm-none-eabi/lib/thumb/v7e-m/nofp/crt0.o (memset)
/Applications/STM32CubeIDE.app/Contents/Eclipse/plugins/com.st.stm32cube.ide.mcu.externaltools.gnu-tools-for-stm32.10.3-2021.10.macos64_1.0.200.202301161003/tools/bin/../lib/gcc/arm-none-eabi/10.3.1/../../../../arm-none-eabi/lib/thumb/v7e-m/nofp/libc_nano.a(lib_a-snprintf.o)
                              ./Core/Src/calendar.o (snprintf)
/Applications/STM32CubeIDE.app/Contents/Eclipse/plugins/com.st.stm32cube.ide.mcu.externaltools.gnu-tools-for-stm32.10.3-2021.10.macos64_1.0.200.202301161003/tools/bin/../lib/gcc/arm-none-eabi/10.3.1/../../../../arm-none-eabi/lib/thumb/v7e-m/nofp/libc_nano.a(lib_a-nano-svfprintf.o)
                              /Applications/STM32CubeIDE.app/Contents/Eclipse/plugins/com.st.stm32cube.ide.mcu.externaltools.gnu-tools-for-stm32.10.3-2021.10.macos64_1.0.200.202301161003/tools/bin/../lib/gcc/arm-none-eabi/10.3.1/../../../../arm-none-eabi/lib/thumb/v7e-m/nofp/libc_nano.a(lib_a-snprintf.o) (_svfprintf_r)
/Applications/STM32CubeIDE.app/Contents/Eclipse/plugins/com.st.stm32cube.ide.mcu.externaltools.gnu-tools-for-stm32.10.3-2021.10.macos64_1.0.200.202301161003/tools/bin/../lib/gcc/arm-none-eabi/10.3.1/../../../../arm-none-eabi/lib/thumb/v7e-m/nofp/libc_nano.a(lib_a-nano-vfprintf_i.o)
                              /Applications/STM32CubeIDE.app/Contents/Eclipse/plugins/com.st.stm32cube.ide.mcu.externaltools.gnu-tools-for-stm32.10.3-2021.10.macos64_1.0.200.202301161003/tools/bin/../lib/gcc/arm-none-eabi/10.3.1/../../../../arm-none-eabi/lib/thumb/v7e-m/nofp/libc_nano.a(lib_a-nano-svfprintf.o) (_printf_i)
/Applications/STM32CubeIDE.app/Contents/Eclipse/plugins/com.st.stm32cube.ide.mcu.externaltools.gnu-tools-for-stm32.10.3-2021.10.macos64_1.0.200.202301161003/tools/bin/../lib/gcc/arm-none-eabi/10.3.1/../../../../arm-none-eabi/lib/thumb/v7e-m/nofp/libc_nano.a(lib_a-memchr.o)
[...]
Memory Configuration

Name             Origin             Length             Attributes
RAM              0x0000000020000000 0x0000000000008000 xrw
FLASH            0x0000000008000000 0x0000000000020000 xr
*default*        0x0000000000000000 0xffffffffffffffff

Linker script and memory map

LOAD /Applications/STM32CubeIDE.app/Contents/Eclipse/plugins/com.st.stm32cube.ide.mcu.externaltools.gnu-tools-for-stm32.10.3-2021.10.macos64_1.0.200.202301161003/tools/bin/../lib/gcc/arm-none-eabi/10.3.1/thumb/v7e-m/nofp/crti.o
LOAD /Applications/STM32CubeIDE.app/Contents/Eclipse/plugins/com.st.stm32cube.ide.mcu.externaltools.gnu-tools-for-stm32.10.3-2021.10.macos64_1.0.200.202301161003/tools/bin/../lib/gcc/arm-none-eabi/10.3.1/thumb/v7e-m/nofp/crtbegin.o
LOAD /Applications/STM32CubeIDE.app/Contents/Eclipse/plugins/com.st.stm32cube.ide.mcu.externaltools.gnu-tools-for-stm32.10.3-2021.10.macos64_1.0.200.202301161003/tools/bin/../lib/gcc/arm-none-eabi/10.3.1/../../../../arm-none-eabi/lib/thumb/v7e-m/nofp/crt0.o
LOAD ./Common/System/system_stm32wlxx.o
LOAD ./Core/Src/calendar.o
LOAD ./Core/Src/led_debug.o
LOAD ./Core/Src/main.o
LOAD ./Core/Src/rtc_alarm_control.o
LOAD ./Core/Src/stm32wlxx_hal_msp.o
LOAD ./Core/Src/stm32wlxx_it.o
LOAD ./Core/Src/syscalls.o
LOAD ./Core/Src/sysmem.o
LOAD ./Core/Src/uart_basic_com.o
LOAD ./Core/Src/uart_messge.o
LOAD ./Core/Startup/startup_stm32wl55jcix.o
LOAD ./Drivers/STM32WLxx_HAL_Driver/stm32wlxx_hal.o
LOAD ./Drivers/STM32WLxx_HAL_Driver/stm32wlxx_hal_cortex.o
LOAD ./Drivers/STM32WLxx_HAL_Driver/stm32wlxx_hal_dma.o
LOAD ./Drivers/STM32WLxx_HAL_Driver/stm32wlxx_hal_dma_ex.o
LOAD ./Drivers/STM32WLxx_HAL_Driver/stm32wlxx_hal_exti.o
LOAD ./Drivers/STM32WLxx_HAL_Driver/stm32wlxx_hal_flash.o
LOAD ./Drivers/STM32WLxx_HAL_Driver/stm32wlxx_hal_flash_ex.o
LOAD ./Drivers/STM32WLxx_HAL_Driver/stm32wlxx_hal_gpio.o
LOAD ./Drivers/STM32WLxx_HAL_Driver/stm32wlxx_hal_pwr.o
LOAD ./Drivers/STM32WLxx_HAL_Driver/stm32wlxx_hal_pwr_ex.o
LOAD ./Drivers/STM32WLxx_HAL_Driver/stm32wlxx_hal_rcc.o
LOAD ./Drivers/STM32WLxx_HAL_Driver/stm32wlxx_hal_rcc_ex.o
LOAD ./Drivers/STM32WLxx_HAL_Driver/stm32wlxx_hal_rtc.o
LOAD ./Drivers/STM32WLxx_HAL_Driver/stm32wlxx_hal_rtc_ex.o
LOAD ./Drivers/STM32WLxx_HAL_Driver/stm32wlxx_hal_tim.o
LOAD ./Drivers/STM32WLxx_HAL_Driver/stm32wlxx_hal_tim_ex.o
LOAD ./Drivers/STM32WLxx_HAL_Driver/stm32wlxx_hal_uart.o
LOAD ./Drivers/STM32WLxx_HAL_Driver/stm32wlxx_hal_uart_ex.o
START GROUP
LOAD /Applications/STM32CubeIDE.app/Contents/Eclipse/plugins/com.st.stm32cube.ide.mcu.externaltools.gnu-tools-for-stm32.10.3-2021.10.macos64_1.0.200.202301161003/tools/bin/../lib/gcc/arm-none-eabi/10.3.1/../../../../arm-none-eabi/lib/thumb/v7e-m/nofp/libc_nano.a
LOAD /Applications/STM32CubeIDE.app/Contents/Eclipse/plugins/com.st.stm32cube.ide.mcu.externaltools.gnu-tools-for-stm32.10.3-2021.10.macos64_1.0.200.202301161003/tools/bin/../lib/gcc/arm-none-eabi/10.3.1/../../../../arm-none-eabi/lib/thumb/v7e-m/nofp/libm.a
END GROUP
START GROUP
LOAD /Applications/STM32CubeIDE.app/Contents/Eclipse/plugins/com.st.stm32cube.ide.mcu.externaltools.gnu-tools-for-stm32.10.3-2021.10.macos64_1.0.200.202301161003/tools/bin/../lib/gcc/arm-none-eabi/10.3.1/thumb/v7e-m/nofp/libgcc.a
LOAD /Applications/STM32CubeIDE.app/Contents/Eclipse/plugins/com.st.stm32cube.ide.mcu.externaltools.gnu-tools-for-stm32.10.3-2021.10.macos64_1.0.200.202301161003/tools/bin/../lib/gcc/arm-none-eabi/10.3.1/../../../../arm-none-eabi/lib/thumb/v7e-m/nofp/libc_nano.a
END GROUP
START GROUP
LOAD /Applications/STM32CubeIDE.app/Contents/Eclipse/plugins/com.st.stm32cube.ide.mcu.externaltools.gnu-tools-for-stm32.10.3-2021.10.macos64_1.0.200.202301161003/tools/bin/../lib/gcc/arm-none-eabi/10.3.1/thumb/v7e-m/nofp/libgcc.a
LOAD /Applications/STM32CubeIDE.app/Contents/Eclipse/plugins/com.st.stm32cube.ide.mcu.externaltools.gnu-tools-for-stm32.10.3-2021.10.macos64_1.0.200.202301161003/tools/bin/../lib/gcc/arm-none-eabi/10.3.1/../../../../arm-none-eabi/lib/thumb/v7e-m/nofp/libc_nano.a
LOAD /Applications/STM32CubeIDE.app/Contents/Eclipse/plugins/com.st.stm32cube.ide.mcu.externaltools.gnu-tools-for-stm32.10.3-2021.10.macos64_1.0.200.202301161003/tools/bin/../lib/gcc/arm-none-eabi/10.3.1/../../../../arm-none-eabi/lib/thumb/v7e-m/nofp/libnosys.a
END GROUP
START GROUP
LOAD /Applications/STM32CubeIDE.app/Contents/Eclipse/plugins/com.st.stm32cube.ide.mcu.externaltools.gnu-tools-for-stm32.10.3-2021.10.macos64_1.0.200.202301161003/tools/bin/../lib/gcc/arm-none-eabi/10.3.1/thumb/v7e-m/nofp/libgcc.a
LOAD /Applications/STM32CubeIDE.app/Contents/Eclipse/plugins/com.st.stm32cube.ide.mcu.externaltools.gnu-tools-for-stm32.10.3-2021.10.macos64_1.0.200.202301161003/tools/bin/../lib/gcc/arm-none-eabi/10.3.1/../../../../arm-none-eabi/lib/thumb/v7e-m/nofp/libc_nano.a
LOAD /Applications/STM32CubeIDE.app/Contents/Eclipse/plugins/com.st.stm32cube.ide.mcu.externaltools.gnu-tools-for-stm32.10.3-2021.10.macos64_1.0.200.202301161003/tools/bin/../lib/gcc/arm-none-eabi/10.3.1/../../../../arm-none-eabi/lib/thumb/v7e-m/nofp/libnosys.a
END GROUP
LOAD /Applications/STM32CubeIDE.app/Contents/Eclipse/plugins/com.st.stm32cube.ide.mcu.externaltools.gnu-tools-for-stm32.10.3-2021.10.macos64_1.0.200.202301161003/tools/bin/../lib/gcc/arm-none-eabi/10.3.1/thumb/v7e-m/nofp/crtend.o
LOAD /Applications/STM32CubeIDE.app/Contents/Eclipse/plugins/com.st.stm32cube.ide.mcu.externaltools.gnu-tools-for-stm32.10.3-2021.10.macos64_1.0.200.202301161003/tools/bin/../lib/gcc/arm-none-eabi/10.3.1/thumb/v7e-m/nofp/crtn.o
                0x0000000020008000                _estack = (ORIGIN (RAM) + LENGTH (RAM))
                0x0000000000000200                _Min_Heap_Size = 0x200
                0x0000000000000400                _Min_Stack_Size = 0x400

.isr_vector     0x0000000008000000      0x138
                0x0000000008000000                . = ALIGN (0x4)
 *(.isr_vector)
 .isr_vector    0x0000000008000000      0x138 ./Core/Startup/startup_stm32wl55jcix.o
                0x0000000008000000                g_pfnVectors
                0x0000000008000138                . = ALIGN (0x4)

.text           0x0000000008000140     0x6858
                0x0000000008000140                . = ALIGN (0x4)
 *(.text)
 .text          0x0000000008000140       0x40 /Applications/STM32CubeIDE.app/Contents/Eclipse/plugins/com.st.stm32cube.ide.mcu.externaltools.gnu-tools-for-stm32.10.3-2021.10.macos64_1.0.200.202301161003/tools/bin/../lib/gcc/arm-none-eabi/10.3.1/thumb/v7e-m/nofp/crtbegin.o
 .text          0x0000000008000180       0xa0 /Applications/STM32CubeIDE.app/Contents/Eclipse/plugins/com.st.stm32cube.ide.mcu.externaltools.gnu-tools-for-stm32.10.3-2021.10.macos64_1.0.200.202301161003/tools/bin/../lib/gcc/arm-none-eabi/10.3.1/../../../../arm-none-eabi/lib/thumb/v7e-m/nofp/libc_nano.a(lib_a-memchr.o)
                0x0000000008000180                memchr
 .text          0x0000000008000220       0x30 /Applications/STM32CubeIDE.app/Contents/Eclipse/plugins/com.st.stm32cube.ide.mcu.externaltools.gnu-tools-for-stm32.10.3-2021.10.macos64_1.0.200.202301161003/tools/bin/../lib/gcc/arm-none-eabi/10.3.1/thumb/v7e-m/nofp/libgcc.a(_aeabi_uldivmod.o)
                0x0000000008000220                __aeabi_uldivmod
 .text          0x0000000008000250      0x2d0 /Applications/STM32CubeIDE.app/Contents/Eclipse/plugins/com.st.stm32cube.ide.mcu.externaltools.gnu-tools-for-stm32.10.3-2021.10.macos64_1.0.200.202301161003/tools/bin/../lib/gcc/arm-none-eabi/10.3.1/thumb/v7e-m/nofp/libgcc.a(_udivmoddi4.o)
                0x0000000008000250                __udivmoddi4
 .text          0x0000000008000520        0x4 /Applications/STM32CubeIDE.app/Contents/Eclipse/plugins/com.st.stm32cube.ide.mcu.externaltools.gnu-tools-for-stm32.10.3-2021.10.macos64_1.0.200.202301161003/tools/bin/../lib/gcc/arm-none-eabi/10.3.1/thumb/v7e-m/nofp/libgcc.a(_dvmd_tls.o)
                0x0000000008000520                __aeabi_ldiv0
                0x0000000008000520                __aeabi_idiv0
 *(.text*)
 .text.SystemInit
                0x0000000008000524        0xc ./Common/System/system_stm32wlxx.o
                0x0000000008000524                SystemInit
 .text.calendar_init
                0x0000000008000530       0x20 ./Core/Src/calendar.o
                0x0000000008000530                calendar_init
 .text.calendar_setDateTime
                0x0000000008000550       0x2c ./Core/Src/calendar.o
                0x0000000008000550                calendar_setDateTime
 .text.calendar_getDateTime
                0x000000000800057c       0x32 ./Core/Src/calendar.o
                0x000000000800057c                calendar_getDateTime
 *fill*         0x00000000080005ae        0x2 
 .text.calendar_setEvents
                0x00000000080005b0       0x2c ./Core/Src/calendar.o
                0x00000000080005b0                calendar_setEvents
 .text.calendar_start
                0x00000000080005dc       0x2c ./Core/Src/calendar.o
                0x00000000080005dc                calendar_start
 .text.calendar_handleAlarm
                0x0000000008000608       0x70 ./Core/Src/calendar.o
                0x0000000008000608                calendar_handleAlarm
 .text.calendar_AlarmA_ISR
                0x0000000008000678       0x18 ./Core/Src/calendar.o
                0x0000000008000678                calendar_AlarmA_ISR
 .text.compareDateTime
                0x0000000008000690       0x3c ./Core/Src/calendar.o
                0x0000000008000690                compareDateTime
 .text.dateTimeToSeconds
                0x00000000080006cc       0x68 ./Core/Src/calendar.o
                0x00000000080006cc                dateTimeToSeconds
 .text.getNextAlarm
                0x0000000008000734      0x294 ./Core/Src/calendar.o
                0x0000000008000734                getNextAlarm
 .text.LL_RCC_LSE_SetDriveCapability
                0x00000000080009c8       0x2a ./Core/Src/main.o
 .text.LL_AHB2_GRP1_EnableClock
                0x00000000080009f2       0x30 ./Core/Src/main.o
 *fill*         0x0000000008000a22        0x2 
 .text.HAL_UART_ErrorCallback
                0x0000000008000a24       0x30 ./Core/Src/main.o
                0x0000000008000a24                HAL_UART_ErrorCallback
 .text.HAL_UART_TxCpltCallback
                0x0000000008000a54       0x30 ./Core/Src/main.o
                0x0000000008000a54                HAL_UART_TxCpltCallback
 .text.HAL_UART_RxCpltCallback
                0x0000000008000a84       0x30 ./Core/Src/main.o
                0x0000000008000a84                HAL_UART_RxCpltCallback
 .text.HAL_RTC_AlarmAEventCallback
                0x0000000008000ab4       0x14 ./Core/Src/main.o
                0x0000000008000ab4                HAL_RTC_AlarmAEventCallback
 .text.main     0x0000000008000ac8      0x224 ./Core/Src/main.o
                0x0000000008000ac8                main
 .text.SystemClock_Config
                0x0000000008000cec       0xbc ./Core/Src/main.o
                0x0000000008000cec                SystemClock_Config
 .text.MX_RTC_Init
                0x0000000008000da8      0x13c ./Core/Src/main.o
 .text.MX_USART2_UART_Init
                0x0000000008000ee4       0xac ./Core/Src/main.o
 .text.MX_GPIO_Init
                0x0000000008000f90       0x1a ./Core/Src/main.o
 .text.Error_Handler
                0x0000000008000faa        0xa ./Core/Src/main.o
                0x0000000008000faa                Error_Handler
 .text.rtcAlarmControl_init
                0x0000000008000fb4       0x1c ./Core/Src/rtc_alarm_control.o
                0x0000000008000fb4                rtcAlarmControl_init
 .text.setDateTime
                0x0000000008000fd0      0x194 ./Core/Src/rtc_alarm_control.o
                0x0000000008000fd0                setDateTime
 .text.getDateTime
                0x0000000008001164      0x128 ./Core/Src/rtc_alarm_control.o
                0x0000000008001164                getDateTime
 .text.setAlarm_A
                0x000000000800128c      0x138 ./Core/Src/rtc_alarm_control.o
                0x000000000800128c                setAlarm_A
 .text.LL_RCC_EnableRTC
                0x00000000080013c4       0x20 ./Core/Src/stm32wlxx_hal_msp.o
 .text.LL_AHB2_GRP1_EnableClock
                0x00000000080013e4       0x30 ./Core/Src/stm32wlxx_hal_msp.o
 .text.LL_APB1_GRP1_EnableClock
                0x0000000008001414       0x30 ./Core/Src/stm32wlxx_hal_msp.o
 .text.HAL_MspInit
                0x0000000008001444        0xc ./Core/Src/stm32wlxx_hal_msp.o
                0x0000000008001444                HAL_MspInit
 .text.HAL_RTC_MspInit
                0x0000000008001450       0x58 ./Core/Src/stm32wlxx_hal_msp.o
                0x0000000008001450                HAL_RTC_MspInit
 .text.HAL_UART_MspInit
                0x00000000080014a8       0x9c ./Core/Src/stm32wlxx_hal_msp.o
                0x00000000080014a8                HAL_UART_MspInit
 .text.NMI_Handler
                0x0000000008001544        0x6 ./Core/Src/stm32wlxx_it.o
                0x0000000008001544                NMI_Handler
 .text.HardFault_Handler
                0x000000000800154a        0x6 ./Core/Src/stm32wlxx_it.o
                0x000000000800154a                HardFault_Handler
 .text.MemManage_Handler
                0x0000000008001550        0x6 ./Core/Src/stm32wlxx_it.o
                0x0000000008001550                MemManage_Handler
 .text.BusFault_Handler
                0x0000000008001556        0x6 ./Core/Src/stm32wlxx_it.o
                0x0000000008001556                BusFault_Handler
 .text.UsageFault_Handler
                0x000000000800155c        0x6 ./Core/Src/stm32wlxx_it.o
                0x000000000800155c                UsageFault_Handler
 .text.SVC_Handler
                0x0000000008001562        0xc ./Core/Src/stm32wlxx_it.o
                0x0000000008001562                SVC_Handler
 .text.DebugMon_Handler
                0x000000000800156e        0xc ./Core/Src/stm32wlxx_it.o
                0x000000000800156e                DebugMon_Handler
 .text.PendSV_Handler
                0x000000000800157a        0xc ./Core/Src/stm32wlxx_it.o
                0x000000000800157a                PendSV_Handler
 .text.SysTick_Handler
                0x0000000008001586        0xc ./Core/Src/stm32wlxx_it.o
                0x0000000008001586                SysTick_Handler
 *fill*         0x0000000008001592        0x2 
 .text.USART2_IRQHandler
                0x0000000008001594       0x14 ./Core/Src/stm32wlxx_it.o
                0x0000000008001594                USART2_IRQHandler
 .text.RTC_Alarm_IRQHandler
                0x00000000080015a8       0x14 ./Core/Src/stm32wlxx_it.o
                0x00000000080015a8                RTC_Alarm_IRQHandler
 .text._sbrk    0x00000000080015bc       0x6c ./Core/Src/sysmem.o
                0x00000000080015bc                _sbrk
 .text.uartBasic_init
                0x0000000008001628       0x1c ./Core/Src/uart_basic_com.o
                0x0000000008001628                uartBasic_init
 .text.uartBasic_RX_IT
                0x0000000008001644       0x28 ./Core/Src/uart_basic_com.o
                0x0000000008001644                uartBasic_RX_IT
 .text.uartBasic_TX_Poll
                0x000000000800166c       0x4c ./Core/Src/uart_basic_com.o
                0x000000000800166c                uartBasic_TX_Poll
 .text.uartBasic_get_RX
                0x00000000080016b8       0x54 ./Core/Src/uart_basic_com.o
                0x00000000080016b8                uartBasic_get_RX
 .text.uartBasic_RX_Complete_ISR
                0x000000000800170c       0x18 ./Core/Src/uart_basic_com.o
                0x000000000800170c                uartBasic_RX_Complete_ISR
 .text.uartBasic_TX_Complete_ISR
                0x0000000008001724       0x18 ./Core/Src/uart_basic_com.o
                0x0000000008001724                uartBasic_TX_Complete_ISR
 .text.uartBasic_Error_ISR
                0x000000000800173c        0x6 ./Core/Src/uart_basic_com.o
                0x000000000800173c                uartBasic_Error_ISR
 *fill*         0x0000000008001742        0x2 
 .text._rxMessage_IT
                0x0000000008001744       0x30 ./Core/Src/uart_basic_com.o
                0x0000000008001744                _rxMessage_IT
 .text._txMessage_Poll
                0x0000000008001774       0x30 ./Core/Src/uart_basic_com.o
                0x0000000008001774                _txMessage_Poll
 .text.composeMessage
                0x00000000080017a4       0x2c ./Core/Src/uart_messge.o
                0x00000000080017a4                composeMessage
 .text.decomposeMessage
                0x00000000080017d0       0x2c ./Core/Src/uart_messge.o
                0x00000000080017d0                decomposeMessage
 .text.Reset_Handler
                0x00000000080017fc       0x50 ./Core/Startup/startup_stm32wl55jcix.o
                0x00000000080017fc                Reset_Handler
 .text.Default_Handler
                0x000000000800184c        0x2 ./Core/Startup/startup_stm32wl55jcix.o
                0x000000000800184c                DMA2_Channel3_IRQHandler
                0x000000000800184c                TIM1_CC_IRQHandler
                0x000000000800184c                EXTI3_IRQHandler
                0x000000000800184c                LPTIM2_IRQHandler
                0x000000000800184c                I2C3_ER_IRQHandler
                0x000000000800184c                LPTIM3_IRQHandler
                0x000000000800184c                EXTI0_IRQHandler
                0x000000000800184c                I2C2_EV_IRQHandler
                0x000000000800184c                TAMP_STAMP_LSECSS_SSRU_IRQHandler
                0x000000000800184c                SPI1_IRQHandler
                0x000000000800184c                DMA2_Channel2_IRQHandler
                0x000000000800184c                DMA1_Channel4_IRQHandler
                0x000000000800184c                PKA_IRQHandler
                0x000000000800184c                TIM17_IRQHandler
                0x000000000800184c                DMA1_Channel7_IRQHandler
                0x000000000800184c                SUBGHZSPI_IRQHandler
                0x000000000800184c                IPCC_C1_TX_IRQHandler
                0x000000000800184c                DMA2_Channel1_IRQHandler
                0x000000000800184c                I2C1_EV_IRQHandler
                0x000000000800184c                SUBGHZ_Radio_IRQHandler
                0x000000000800184c                DMAMUX1_OVR_IRQHandler
                0x000000000800184c                DMA1_Channel6_IRQHandler
                0x000000000800184c                TIM16_IRQHandler
                0x000000000800184c                DMA2_Channel4_IRQHandler
                0x000000000800184c                RCC_IRQHandler
                0x000000000800184c                TIM1_TRG_COM_IRQHandler
                0x000000000800184c                DMA1_Channel1_IRQHandler
                0x000000000800184c                Default_Handler
                0x000000000800184c                DMA2_Channel7_IRQHandler
                0x000000000800184c                EXTI15_10_IRQHandler
                0x000000000800184c                IPCC_C1_RX_IRQHandler
                0x000000000800184c                ADC_IRQHandler
                0x000000000800184c                C2SEV_PWR_C2H_IRQHandler
                0x000000000800184c                I2C3_EV_IRQHandler
                0x000000000800184c                EXTI9_5_IRQHandler
                0x000000000800184c                RTC_WKUP_IRQHandler
                0x000000000800184c                PVD_PVM_IRQHandler
                0x000000000800184c                SPI2_IRQHandler
                0x000000000800184c                DMA2_Channel5_IRQHandler
                0x000000000800184c                DMA1_Channel5_IRQHandler
                0x000000000800184c                EXTI4_IRQHandler
                0x000000000800184c                RNG_IRQHandler
                0x000000000800184c                DMA1_Channel3_IRQHandler
                0x000000000800184c                COMP_IRQHandler
                0x000000000800184c                HSEM_IRQHandler
                0x000000000800184c                TIM1_UP_IRQHandler
                0x000000000800184c                WWDG_IRQHandler
                0x000000000800184c                LPUART1_IRQHandler
                0x000000000800184c                DMA2_Channel6_IRQHandler
                0x000000000800184c                TIM2_IRQHandler
                0x000000000800184c                TIM1_BRK_IRQHandler
                0x000000000800184c                DAC_IRQHandler
                0x000000000800184c                EXTI1_IRQHandler
                0x000000000800184c                AES_IRQHandler
                0x000000000800184c                I2C2_ER_IRQHandler
                0x000000000800184c                DMA1_Channel2_IRQHandler
                0x000000000800184c                FLASH_IRQHandler
                0x000000000800184c                USART1_IRQHandler
                0x000000000800184c                I2C1_ER_IRQHandler
                0x000000000800184c                LPTIM1_IRQHandler
                0x000000000800184c                EXTI2_IRQHandler
 *fill*         0x000000000800184e        0x2 
 .text.HAL_Init
                0x0000000008001850       0x40 ./Drivers/STM32WLxx_HAL_Driver/stm32wlxx_hal.o
                0x0000000008001850                HAL_Init
 .text.HAL_InitTick
                0x0000000008001890       0x74 ./Drivers/STM32WLxx_HAL_Driver/stm32wlxx_hal.o
                0x0000000008001890                HAL_InitTick
 .text.HAL_IncTick
                0x0000000008001904       0x24 ./Drivers/STM32WLxx_HAL_Driver/stm32wlxx_hal.o
                0x0000000008001904                HAL_IncTick
 .text.HAL_GetTick
                0x0000000008001928       0x14 ./Drivers/STM32WLxx_HAL_Driver/stm32wlxx_hal.o
                0x0000000008001928                HAL_GetTick
 .text.__NVIC_SetPriorityGrouping
                0x000000000800193c       0x48 ./Drivers/STM32WLxx_HAL_Driver/stm32wlxx_hal_cortex.o
 .text.__NVIC_GetPriorityGrouping
                0x0000000008001984       0x1c ./Drivers/STM32WLxx_HAL_Driver/stm32wlxx_hal_cortex.o
 .text.__NVIC_EnableIRQ
                0x00000000080019a0       0x38 ./Drivers/STM32WLxx_HAL_Driver/stm32wlxx_hal_cortex.o
 .text.__NVIC_SetPriority
                0x00000000080019d8       0x54 ./Drivers/STM32WLxx_HAL_Driver/stm32wlxx_hal_cortex.o
 .text.NVIC_EncodePriority
                0x0000000008001a2c       0x64 ./Drivers/STM32WLxx_HAL_Driver/stm32wlxx_hal_cortex.o
 .text.SysTick_Config
                0x0000000008001a90       0x44 ./Drivers/STM32WLxx_HAL_Driver/stm32wlxx_hal_cortex.o
 .text.HAL_NVIC_SetPriorityGrouping
                0x0000000008001ad4       0x16 ./Drivers/STM32WLxx_HAL_Driver/stm32wlxx_hal_cortex.o
                0x0000000008001ad4                HAL_NVIC_SetPriorityGrouping
 .text.HAL_NVIC_SetPriority
                0x0000000008001aea       0x34 ./Drivers/STM32WLxx_HAL_Driver/stm32wlxx_hal_cortex.o
                0x0000000008001aea                HAL_NVIC_SetPriority
 .text.HAL_NVIC_EnableIRQ
                0x0000000008001b1e       0x1c ./Drivers/STM32WLxx_HAL_Driver/stm32wlxx_hal_cortex.o
                0x0000000008001b1e                HAL_NVIC_EnableIRQ
 .text.HAL_SYSTICK_Config
                0x0000000008001b3a       0x18 ./Drivers/STM32WLxx_HAL_Driver/stm32wlxx_hal_cortex.o
                0x0000000008001b3a                HAL_SYSTICK_Config
 .text.HAL_DMA_Abort
                0x0000000008001b52       0xbc ./Drivers/STM32WLxx_HAL_Driver/stm32wlxx_hal_dma.o
                0x0000000008001b52                HAL_DMA_Abort
 .text.HAL_DMA_Abort_IT
                0x0000000008001c0e       0xbe ./Drivers/STM32WLxx_HAL_Driver/stm32wlxx_hal_dma.o
                0x0000000008001c0e                HAL_DMA_Abort_IT
 .text.HAL_GPIO_Init
                0x0000000008001ccc      0x2c0 ./Drivers/STM32WLxx_HAL_Driver/stm32wlxx_hal_gpio.o
                0x0000000008001ccc                HAL_GPIO_Init
 .text.HAL_PWR_EnableBkUpAccess
                0x0000000008001f8c       0x1c ./Drivers/STM32WLxx_HAL_Driver/stm32wlxx_hal_pwr.o
                0x0000000008001f8c                HAL_PWR_EnableBkUpAccess
 .text.LL_PWR_EnableBootC2
                0x0000000008001fa8       0x1c ./Drivers/STM32WLxx_HAL_Driver/stm32wlxx_hal_pwr_ex.o
 .text.HAL_PWREx_GetVoltageRange
                0x0000000008001fc4       0x18 ./Drivers/STM32WLxx_HAL_Driver/stm32wlxx_hal_pwr_ex.o
                0x0000000008001fc4                HAL_PWREx_GetVoltageRange
 .text.HAL_PWREx_ReleaseCore
                0x0000000008001fdc       0x14 ./Drivers/STM32WLxx_HAL_Driver/stm32wlxx_hal_pwr_ex.o
                0x0000000008001fdc                HAL_PWREx_ReleaseCore
 .text.LL_PWR_IsEnabledBkUpAccess
                0x0000000008001ff0       0x24 ./Drivers/STM32WLxx_HAL_Driver/stm32wlxx_hal_rcc.o
 .text.LL_RCC_HSE_EnableTcxo
                0x0000000008002014       0x1c ./Drivers/STM32WLxx_HAL_Driver/stm32wlxx_hal_rcc.o
 .text.LL_RCC_HSE_DisableTcxo
                0x0000000008002030       0x1c ./Drivers/STM32WLxx_HAL_Driver/stm32wlxx_hal_rcc.o
 .text.LL_RCC_HSE_IsEnabledDiv2
                0x000000000800204c       0x22 ./Drivers/STM32WLxx_HAL_Driver/stm32wlxx_hal_rcc.o
 .text.LL_RCC_HSE_Enable
                0x000000000800206e       0x1c ./Drivers/STM32WLxx_HAL_Driver/stm32wlxx_hal_rcc.o
 .text.LL_RCC_HSE_Disable
                0x000000000800208a       0x1c ./Drivers/STM32WLxx_HAL_Driver/stm32wlxx_hal_rcc.o
 .text.LL_RCC_HSE_IsReady
                0x00000000080020a6       0x22 ./Drivers/STM32WLxx_HAL_Driver/stm32wlxx_hal_rcc.o
 .text.LL_RCC_HSI_Enable
                0x00000000080020c8       0x1c ./Drivers/STM32WLxx_HAL_Driver/stm32wlxx_hal_rcc.o
 .text.LL_RCC_HSI_Disable
                0x00000000080020e4       0x1c ./Drivers/STM32WLxx_HAL_Driver/stm32wlxx_hal_rcc.o
 .text.LL_RCC_HSI_IsReady
                0x0000000008002100       0x22 ./Drivers/STM32WLxx_HAL_Driver/stm32wlxx_hal_rcc.o
 .text.LL_RCC_HSI_SetCalibTrimming
                0x0000000008002122       0x28 ./Drivers/STM32WLxx_HAL_Driver/stm32wlxx_hal_rcc.o
 .text.LL_RCC_LSE_IsReady
                0x000000000800214a       0x22 ./Drivers/STM32WLxx_HAL_Driver/stm32wlxx_hal_rcc.o
 .text.LL_RCC_LSI_Enable
                0x000000000800216c       0x20 ./Drivers/STM32WLxx_HAL_Driver/stm32wlxx_hal_rcc.o
 .text.LL_RCC_LSI_Disable
                0x000000000800218c       0x20 ./Drivers/STM32WLxx_HAL_Driver/stm32wlxx_hal_rcc.o
 .text.LL_RCC_LSI_IsReady
                0x00000000080021ac       0x22 ./Drivers/STM32WLxx_HAL_Driver/stm32wlxx_hal_rcc.o
 .text.LL_RCC_MSI_Enable
                0x00000000080021ce       0x1c ./Drivers/STM32WLxx_HAL_Driver/stm32wlxx_hal_rcc.o
 .text.LL_RCC_MSI_Disable
                0x00000000080021ea       0x1c ./Drivers/STM32WLxx_HAL_Driver/stm32wlxx_hal_rcc.o
 .text.LL_RCC_MSI_IsReady
                0x0000000008002206       0x20 ./Drivers/STM32WLxx_HAL_Driver/stm32wlxx_hal_rcc.o
 .text.LL_RCC_MSI_IsEnabledRangeSelect
                0x0000000008002226       0x20 ./Drivers/STM32WLxx_HAL_Driver/stm32wlxx_hal_rcc.o
 .text.LL_RCC_MSI_GetRange
                0x0000000008002246       0x16 ./Drivers/STM32WLxx_HAL_Driver/stm32wlxx_hal_rcc.o
 .text.LL_RCC_MSI_GetRangeAfterStandby
                0x000000000800225c       0x18 ./Drivers/STM32WLxx_HAL_Driver/stm32wlxx_hal_rcc.o
 .text.LL_RCC_MSI_SetCalibTrimming
                0x0000000008002274       0x28 ./Drivers/STM32WLxx_HAL_Driver/stm32wlxx_hal_rcc.o
 .text.LL_RCC_SetSysClkSource
                0x000000000800229c       0x26 ./Drivers/STM32WLxx_HAL_Driver/stm32wlxx_hal_rcc.o
 .text.LL_RCC_GetSysClkSource
                0x00000000080022c2       0x16 ./Drivers/STM32WLxx_HAL_Driver/stm32wlxx_hal_rcc.o
 .text.LL_RCC_SetAHBPrescaler
                0x00000000080022d8       0x26 ./Drivers/STM32WLxx_HAL_Driver/stm32wlxx_hal_rcc.o
 .text.LL_C2_RCC_SetAHBPrescaler
                0x00000000080022fe       0x2a ./Drivers/STM32WLxx_HAL_Driver/stm32wlxx_hal_rcc.o
 .text.LL_RCC_SetAHB3Prescaler
                0x0000000008002328       0x2c ./Drivers/STM32WLxx_HAL_Driver/stm32wlxx_hal_rcc.o
 .text.LL_RCC_SetAPB1Prescaler
                0x0000000008002354       0x26 ./Drivers/STM32WLxx_HAL_Driver/stm32wlxx_hal_rcc.o
 .text.LL_RCC_SetAPB2Prescaler
                0x000000000800237a       0x26 ./Drivers/STM32WLxx_HAL_Driver/stm32wlxx_hal_rcc.o
 .text.LL_RCC_GetAHBPrescaler
                0x00000000080023a0       0x16 ./Drivers/STM32WLxx_HAL_Driver/stm32wlxx_hal_rcc.o
 .text.LL_RCC_GetAHB3Prescaler
                0x00000000080023b6       0x1a ./Drivers/STM32WLxx_HAL_Driver/stm32wlxx_hal_rcc.o
 .text.LL_RCC_GetAPB1Prescaler
                0x00000000080023d0       0x16 ./Drivers/STM32WLxx_HAL_Driver/stm32wlxx_hal_rcc.o
 .text.LL_RCC_GetAPB2Prescaler
                0x00000000080023e6       0x16 ./Drivers/STM32WLxx_HAL_Driver/stm32wlxx_hal_rcc.o
 .text.LL_RCC_PLL_Enable
                0x00000000080023fc       0x1c ./Drivers/STM32WLxx_HAL_Driver/stm32wlxx_hal_rcc.o
 .text.LL_RCC_PLL_Disable
                0x0000000008002418       0x1c ./Drivers/STM32WLxx_HAL_Driver/stm32wlxx_hal_rcc.o
 .text.LL_RCC_PLL_IsReady
                0x0000000008002434       0x22 ./Drivers/STM32WLxx_HAL_Driver/stm32wlxx_hal_rcc.o
 .text.LL_RCC_PLL_GetN
                0x0000000008002456       0x18 ./Drivers/STM32WLxx_HAL_Driver/stm32wlxx_hal_rcc.o
 .text.LL_RCC_PLL_GetR
                0x000000000800246e       0x16 ./Drivers/STM32WLxx_HAL_Driver/stm32wlxx_hal_rcc.o
 .text.LL_RCC_PLL_GetDivider
                0x0000000008002484       0x16 ./Drivers/STM32WLxx_HAL_Driver/stm32wlxx_hal_rcc.o
 .text.LL_RCC_PLL_GetMainSource
                0x000000000800249a       0x16 ./Drivers/STM32WLxx_HAL_Driver/stm32wlxx_hal_rcc.o
 .text.LL_RCC_IsActiveFlag_HPRE
                0x00000000080024b0       0x22 ./Drivers/STM32WLxx_HAL_Driver/stm32wlxx_hal_rcc.o
 .text.LL_RCC_IsActiveFlag_C2HPRE
                0x00000000080024d2       0x24 ./Drivers/STM32WLxx_HAL_Driver/stm32wlxx_hal_rcc.o
 .text.LL_RCC_IsActiveFlag_SHDHPRE
                0x00000000080024f6       0x24 ./Drivers/STM32WLxx_HAL_Driver/stm32wlxx_hal_rcc.o
 .text.LL_RCC_IsActiveFlag_PPRE1
                0x000000000800251a       0x22 ./Drivers/STM32WLxx_HAL_Driver/stm32wlxx_hal_rcc.o
 .text.LL_RCC_IsActiveFlag_PPRE2
                0x000000000800253c       0x22 ./Drivers/STM32WLxx_HAL_Driver/stm32wlxx_hal_rcc.o
 *fill*         0x000000000800255e        0x2 
 .text.HAL_RCC_OscConfig
                0x0000000008002560      0x704 ./Drivers/STM32WLxx_HAL_Driver/stm32wlxx_hal_rcc.o
                0x0000000008002560                HAL_RCC_OscConfig
 .text.HAL_RCC_ClockConfig
                0x0000000008002c64      0x284 ./Drivers/STM32WLxx_HAL_Driver/stm32wlxx_hal_rcc.o
                0x0000000008002c64                HAL_RCC_ClockConfig
 .text.HAL_RCC_GetSysClockFreq
                0x0000000008002ee8      0x140 ./Drivers/STM32WLxx_HAL_Driver/stm32wlxx_hal_rcc.o
                0x0000000008002ee8                HAL_RCC_GetSysClockFreq
 .text.HAL_RCC_GetHCLKFreq
                0x0000000008003028       0x28 ./Drivers/STM32WLxx_HAL_Driver/stm32wlxx_hal_rcc.o
                0x0000000008003028                HAL_RCC_GetHCLKFreq
 .text.HAL_RCC_GetPCLK1Freq
                0x0000000008003050       0x24 ./Drivers/STM32WLxx_HAL_Driver/stm32wlxx_hal_rcc.o
                0x0000000008003050                HAL_RCC_GetPCLK1Freq
 .text.HAL_RCC_GetPCLK2Freq
                0x0000000008003074       0x24 ./Drivers/STM32WLxx_HAL_Driver/stm32wlxx_hal_rcc.o
                0x0000000008003074                HAL_RCC_GetPCLK2Freq
 .text.RCC_SetFlashLatencyFromMSIRange
                0x0000000008003098       0x60 ./Drivers/STM32WLxx_HAL_Driver/stm32wlxx_hal_rcc.o
 .text.RCC_SetFlashLatency
                0x00000000080030f8      0x104 ./Drivers/STM32WLxx_HAL_Driver/stm32wlxx_hal_rcc.o
 .text.LL_RCC_LSE_IsReady
                0x00000000080031fc       0x22 ./Drivers/STM32WLxx_HAL_Driver/stm32wlxx_hal_rcc_ex.o
 .text.LL_RCC_SetUSARTClockSource
                0x000000000800321e       0x30 ./Drivers/STM32WLxx_HAL_Driver/stm32wlxx_hal_rcc_ex.o
 .text.LL_RCC_SetI2SClockSource
                0x000000000800324e       0x2a ./Drivers/STM32WLxx_HAL_Driver/stm32wlxx_hal_rcc_ex.o
 .text.LL_RCC_SetLPUARTClockSource
                0x0000000008003278       0x2a ./Drivers/STM32WLxx_HAL_Driver/stm32wlxx_hal_rcc_ex.o
 .text.LL_RCC_SetI2CClockSource
                0x00000000080032a2       0x38 ./Drivers/STM32WLxx_HAL_Driver/stm32wlxx_hal_rcc_ex.o
 .text.LL_RCC_SetLPTIMClockSource
                0x00000000080032da       0x32 ./Drivers/STM32WLxx_HAL_Driver/stm32wlxx_hal_rcc_ex.o
 .text.LL_RCC_SetRNGClockSource
                0x000000000800330c       0x2a ./Drivers/STM32WLxx_HAL_Driver/stm32wlxx_hal_rcc_ex.o
 .text.LL_RCC_SetADCClockSource
                0x0000000008003336       0x2a ./Drivers/STM32WLxx_HAL_Driver/stm32wlxx_hal_rcc_ex.o
 .text.LL_RCC_SetRTCClockSource
                0x0000000008003360       0x2a ./Drivers/STM32WLxx_HAL_Driver/stm32wlxx_hal_rcc_ex.o
 .text.LL_RCC_GetRTCClockSource
                0x000000000800338a       0x18 ./Drivers/STM32WLxx_HAL_Driver/stm32wlxx_hal_rcc_ex.o
 .text.LL_RCC_ForceBackupDomainReset
                0x00000000080033a2       0x20 ./Drivers/STM32WLxx_HAL_Driver/stm32wlxx_hal_rcc_ex.o
 .text.LL_RCC_ReleaseBackupDomainReset
                0x00000000080033c2       0x20 ./Drivers/STM32WLxx_HAL_Driver/stm32wlxx_hal_rcc_ex.o
 *fill*         0x00000000080033e2        0x2 
 .text.HAL_RCCEx_PeriphCLKConfig
                0x00000000080033e4      0x234 ./Drivers/STM32WLxx_HAL_Driver/stm32wlxx_hal_rcc_ex.o
                0x00000000080033e4                HAL_RCCEx_PeriphCLKConfig
 .text.HAL_RTC_Init
                0x0000000008003618      0x104 ./Drivers/STM32WLxx_HAL_Driver/stm32wlxx_hal_rtc.o
                0x0000000008003618                HAL_RTC_Init
 .text.HAL_RTC_SetTime
                0x000000000800371c      0x138 ./Drivers/STM32WLxx_HAL_Driver/stm32wlxx_hal_rtc.o
                0x000000000800371c                HAL_RTC_SetTime
 .text.HAL_RTC_GetTime
                0x0000000008003854       0xc4 ./Drivers/STM32WLxx_HAL_Driver/stm32wlxx_hal_rtc.o
                0x0000000008003854                HAL_RTC_GetTime
 .text.HAL_RTC_SetDate
                0x0000000008003918      0x10c ./Drivers/STM32WLxx_HAL_Driver/stm32wlxx_hal_rtc.o
                0x0000000008003918                HAL_RTC_SetDate
 .text.HAL_RTC_GetDate
                0x0000000008003a24       0x9c ./Drivers/STM32WLxx_HAL_Driver/stm32wlxx_hal_rtc.o
                0x0000000008003a24                HAL_RTC_GetDate
 .text.HAL_RTC_SetAlarm_IT
                0x0000000008003ac0      0x218 ./Drivers/STM32WLxx_HAL_Driver/stm32wlxx_hal_rtc.o
                0x0000000008003ac0                HAL_RTC_SetAlarm_IT
 .text.HAL_RTC_AlarmIRQHandler
                0x0000000008003cd8       0x54 ./Drivers/STM32WLxx_HAL_Driver/stm32wlxx_hal_rtc.o
                0x0000000008003cd8                HAL_RTC_AlarmIRQHandler
 .text.HAL_RTC_WaitForSynchro
                0x0000000008003d2c       0x4c ./Drivers/STM32WLxx_HAL_Driver/stm32wlxx_hal_rtc.o
                0x0000000008003d2c                HAL_RTC_WaitForSynchro
 .text.RTC_EnterInitMode
                0x0000000008003d78       0x68 ./Drivers/STM32WLxx_HAL_Driver/stm32wlxx_hal_rtc.o
                0x0000000008003d78                RTC_EnterInitMode
 .text.RTC_ExitInitMode
                0x0000000008003de0       0x7c ./Drivers/STM32WLxx_HAL_Driver/stm32wlxx_hal_rtc.o
                0x0000000008003de0                RTC_ExitInitMode
 .text.RTC_ByteToBcd2
                0x0000000008003e5c       0x3e ./Drivers/STM32WLxx_HAL_Driver/stm32wlxx_hal_rtc.o
                0x0000000008003e5c                RTC_ByteToBcd2
 .text.RTC_Bcd2ToByte
                0x0000000008003e9a       0x36 ./Drivers/STM32WLxx_HAL_Driver/stm32wlxx_hal_rtc.o
                0x0000000008003e9a                RTC_Bcd2ToByte
 .text.HAL_RTCEx_AlarmBEventCallback
                0x0000000008003ed0       0x12 ./Drivers/STM32WLxx_HAL_Driver/stm32wlxx_hal_rtc_ex.o
                0x0000000008003ed0                HAL_RTCEx_AlarmBEventCallback
 .text.LL_RCC_GetUSARTClockSource
                0x0000000008003ee2       0x24 ./Drivers/STM32WLxx_HAL_Driver/stm32wlxx_hal_uart.o
 .text.LL_RCC_GetLPUARTClockSource
                0x0000000008003f06       0x1e ./Drivers/STM32WLxx_HAL_Driver/stm32wlxx_hal_uart.o
 .text.HAL_UART_Init
                0x0000000008003f24       0xa0 ./Drivers/STM32WLxx_HAL_Driver/stm32wlxx_hal_uart.o
                0x0000000008003f24                HAL_UART_Init
 .text.HAL_UART_Transmit
                0x0000000008003fc4      0x10c ./Drivers/STM32WLxx_HAL_Driver/stm32wlxx_hal_uart.o
                0x0000000008003fc4                HAL_UART_Transmit
 .text.HAL_UART_Receive_IT
                0x00000000080040d0       0x98 ./Drivers/STM32WLxx_HAL_Driver/stm32wlxx_hal_uart.o
                0x00000000080040d0                HAL_UART_Receive_IT
 .text.HAL_UART_IRQHandler
                0x0000000008004168      0x648 ./Drivers/STM32WLxx_HAL_Driver/stm32wlxx_hal_uart.o
                0x0000000008004168                HAL_UART_IRQHandler
 .text.HAL_UARTEx_RxEventCallback
                0x00000000080047b0       0x16 ./Drivers/STM32WLxx_HAL_Driver/stm32wlxx_hal_uart.o
                0x00000000080047b0                HAL_UARTEx_RxEventCallback
 *fill*         0x00000000080047c6        0x2 
 .text.UART_SetConfig
                0x00000000080047c8      0x4e8 ./Drivers/STM32WLxx_HAL_Driver/stm32wlxx_hal_uart.o
                0x00000000080047c8                UART_SetConfig
 .text.UART_AdvFeatureConfig
                0x0000000008004cb0      0x142 ./Drivers/STM32WLxx_HAL_Driver/stm32wlxx_hal_uart.o
                0x0000000008004cb0                UART_AdvFeatureConfig
 .text.UART_CheckIdleState
                0x0000000008004df2       0x9c ./Drivers/STM32WLxx_HAL_Driver/stm32wlxx_hal_uart.o
                0x0000000008004df2                UART_CheckIdleState
 .text.UART_WaitOnFlagUntilTimeout
                0x0000000008004e8e      0x190 ./Drivers/STM32WLxx_HAL_Driver/stm32wlxx_hal_uart.o
                0x0000000008004e8e                UART_WaitOnFlagUntilTimeout
 *fill*         0x000000000800501e        0x2 
 .text.UART_Start_Receive_IT
                0x0000000008005020      0x240 ./Drivers/STM32WLxx_HAL_Driver/stm32wlxx_hal_uart.o
                0x0000000008005020                UART_Start_Receive_IT
 .text.UART_EndRxTransfer
                0x0000000008005260       0xca ./Drivers/STM32WLxx_HAL_Driver/stm32wlxx_hal_uart.o
 .text.UART_DMAAbortOnError
                0x000000000800532a       0x2c ./Drivers/STM32WLxx_HAL_Driver/stm32wlxx_hal_uart.o
 .text.UART_EndTransmit_IT
                0x0000000008005356       0x56 ./Drivers/STM32WLxx_HAL_Driver/stm32wlxx_hal_uart.o
 .text.UART_RxISR_8BIT
                0x00000000080053ac      0x1b8 ./Drivers/STM32WLxx_HAL_Driver/stm32wlxx_hal_uart.o
 .text.UART_RxISR_16BIT
                0x0000000008005564      0x1b8 ./Drivers/STM32WLxx_HAL_Driver/stm32wlxx_hal_uart.o
 .text.UART_RxISR_8BIT_FIFOEN
                0x000000000800571c      0x360 ./Drivers/STM32WLxx_HAL_Driver/stm32wlxx_hal_uart.o
 .text.UART_RxISR_16BIT_FIFOEN
                0x0000000008005a7c      0x368 ./Drivers/STM32WLxx_HAL_Driver/stm32wlxx_hal_uart.o
 .text.HAL_UARTEx_WakeupCallback
                0x0000000008005de4       0x12 ./Drivers/STM32WLxx_HAL_Driver/stm32wlxx_hal_uart_ex.o
                0x0000000008005de4                HAL_UARTEx_WakeupCallback
 .text.HAL_UARTEx_RxFifoFullCallback
                0x0000000008005df6       0x12 ./Drivers/STM32WLxx_HAL_Driver/stm32wlxx_hal_uart_ex.o
                0x0000000008005df6                HAL_UARTEx_RxFifoFullCallback
 .text.HAL_UARTEx_TxFifoEmptyCallback
                0x0000000008005e08       0x12 ./Drivers/STM32WLxx_HAL_Driver/stm32wlxx_hal_uart_ex.o
                0x0000000008005e08                HAL_UARTEx_TxFifoEmptyCallback
 .text.HAL_UARTEx_DisableFifoMode
                0x0000000008005e1a       0x70 ./Drivers/STM32WLxx_HAL_Driver/stm32wlxx_hal_uart_ex.o
                0x0000000008005e1a                HAL_UARTEx_DisableFifoMode
 .text.HAL_UARTEx_SetTxFifoThreshold
                0x0000000008005e8a       0x7c ./Drivers/STM32WLxx_HAL_Driver/stm32wlxx_hal_uart_ex.o
                0x0000000008005e8a                HAL_UARTEx_SetTxFifoThreshold
 .text.HAL_UARTEx_SetRxFifoThreshold
                0x0000000008005f06       0x7c ./Drivers/STM32WLxx_HAL_Driver/stm32wlxx_hal_uart_ex.o
                0x0000000008005f06                HAL_UARTEx_SetRxFifoThreshold
 *fill*         0x0000000008005f82        0x2 
 .text.UARTEx_SetNbDataToProcess
                0x0000000008005f84       0x98 ./Drivers/STM32WLxx_HAL_Driver/stm32wlxx_hal_uart_ex.o
 .text.__errno  0x000000000800601c        0xc /Applications/STM32CubeIDE.app/Contents/Eclipse/plugins/com.st.stm32cube.ide.mcu.externaltools.gnu-tools-for-stm32.10.3-2021.10.macos64_1.0.200.202301161003/tools/bin/../lib/gcc/arm-none-eabi/10.3.1/../../../../arm-none-eabi/lib/thumb/v7e-m/nofp/libc_nano.a(lib_a-errno.o)
                0x000000000800601c                __errno
 .text.__libc_init_array
                0x0000000008006028       0x48 /Applications/STM32CubeIDE.app/Contents/Eclipse/plugins/com.st.stm32cube.ide.mcu.externaltools.gnu-tools-for-stm32.10.3-2021.10.macos64_1.0.200.202301161003/tools/bin/../lib/gcc/arm-none-eabi/10.3.1/../../../../arm-none-eabi/lib/thumb/v7e-m/nofp/libc_nano.a(lib_a-init.o)
                0x0000000008006028                __libc_init_array
 .text.memcpy   0x0000000008006070       0x1c /Applications/STM32CubeIDE.app/Contents/Eclipse/plugins/com.st.stm32cube.ide.mcu.externaltools.gnu-tools-for-stm32.10.3-2021.10.macos64_1.0.200.202301161003/tools/bin/../lib/gcc/arm-none-eabi/10.3.1/../../../../arm-none-eabi/lib/thumb/v7e-m/nofp/libc_nano.a(lib_a-memcpy-stub.o)
                0x0000000008006070                memcpy
 .text.memset   0x000000000800608c       0x10 /Applications/STM32CubeIDE.app/Contents/Eclipse/plugins/com.st.stm32cube.ide.mcu.externaltools.gnu-tools-for-stm32.10.3-2021.10.macos64_1.0.200.202301161003/tools/bin/../lib/gcc/arm-none-eabi/10.3.1/../../../../arm-none-eabi/lib/thumb/v7e-m/nofp/libc_nano.a(lib_a-memset.o)
                0x000000000800608c                memset
 .text.snprintf
                0x000000000800609c       0x68 /Applications/STM32CubeIDE.app/Contents/Eclipse/plugins/com.st.stm32cube.ide.mcu.externaltools.gnu-tools-for-stm32.10.3-2021.10.macos64_1.0.200.202301161003/tools/bin/../lib/gcc/arm-none-eabi/10.3.1/../../../../arm-none-eabi/lib/thumb/v7e-m/nofp/libc_nano.a(lib_a-snprintf.o)
                0x000000000800609c                snprintf
                0x000000000800609c                sniprintf
 .text.__ssputs_r
                0x0000000008006104       0xb6 /Applications/STM32CubeIDE.app/Contents/Eclipse/plugins/com.st.stm32cube.ide.mcu.externaltools.gnu-tools-for-stm32.10.3-2021.10.macos64_1.0.200.202301161003/tools/bin/../lib/gcc/arm-none-eabi/10.3.1/../../../../arm-none-eabi/lib/thumb/v7e-m/nofp/libc_nano.a(lib_a-nano-svfprintf.o)
                0x0000000008006104                __ssputs_r
 *fill*         0x00000000080061ba        0x2 
 .text._svfprintf_r
                0x00000000080061bc      0x200 /Applications/STM32CubeIDE.app/Contents/Eclipse/plugins/com.st.stm32cube.ide.mcu.externaltools.gnu-tools-for-stm32.10.3-2021.10.macos64_1.0.200.202301161003/tools/bin/../lib/gcc/arm-none-eabi/10.3.1/../../../../arm-none-eabi/lib/thumb/v7e-m/nofp/libc_nano.a(lib_a-nano-svfprintf.o)
                0x00000000080061bc                _svfprintf_r
                0x00000000080061bc                _svfiprintf_r
 .text._printf_common
                0x00000000080063bc       0xda /Applications/STM32CubeIDE.app/Contents/Eclipse/plugins/com.st.stm32cube.ide.mcu.externaltools.gnu-tools-for-stm32.10.3-2021.10.macos64_1.0.200.202301161003/tools/bin/../lib/gcc/arm-none-eabi/10.3.1/../../../../arm-none-eabi/lib/thumb/v7e-m/nofp/libc_nano.a(lib_a-nano-vfprintf_i.o)
                0x00000000080063bc                _printf_common
 *fill*         0x0000000008006496        0x2 
 .text._printf_i
                0x0000000008006498      0x24c /Applications/STM32CubeIDE.app/Contents/Eclipse/plugins/com.st.stm32cube.ide.mcu.externaltools.gnu-tools-for-stm32.10.3-2021.10.macos64_1.0.200.202301161003/tools/bin/../lib/gcc/arm-none-eabi/10.3.1/../../../../arm-none-eabi/lib/thumb/v7e-m/nofp/libc_nano.a(lib_a-nano-vfprintf_i.o)
                0x0000000008006498                _printf_i
 .text.memmove  0x00000000080066e4       0x34 /Applications/STM32CubeIDE.app/Contents/Eclipse/plugins/com.st.stm32cube.ide.mcu.externaltools.gnu-tools-for-stm32.10.3-2021.10.macos64_1.0.200.202301161003/tools/bin/../lib/gcc/arm-none-eabi/10.3.1/../../../../arm-none-eabi/lib/thumb/v7e-m/nofp/libc_nano.a(lib_a-memmove.o)
                0x00000000080066e4                memmove
 .text._free_r  0x0000000008006718       0x94 /Applications/STM32CubeIDE.app/Contents/Eclipse/plugins/com.st.stm32cube.ide.mcu.externaltools.gnu-tools-for-stm32.10.3-2021.10.macos64_1.0.200.202301161003/tools/bin/../lib/gcc/arm-none-eabi/10.3.1/../../../../arm-none-eabi/lib/thumb/v7e-m/nofp/libc_nano.a(lib_a-nano-freer.o)
                0x0000000008006718                _free_r
 .text.sbrk_aligned
                0x00000000080067ac       0x40 /Applications/STM32CubeIDE.app/Contents/Eclipse/plugins/com.st.stm32cube.ide.mcu.externaltools.gnu-tools-for-stm32.10.3-2021.10.macos64_1.0.200.202301161003/tools/bin/../lib/gcc/arm-none-eabi/10.3.1/../../../../arm-none-eabi/lib/thumb/v7e-m/nofp/libc_nano.a(lib_a-nano-mallocr.o)
 .text._malloc_r
                0x00000000080067ec       0xe8 /Applications/STM32CubeIDE.app/Contents/Eclipse/plugins/com.st.stm32cube.ide.mcu.externaltools.gnu-tools-for-stm32.10.3-2021.10.macos64_1.0.200.202301161003/tools/bin/../lib/gcc/arm-none-eabi/10.3.1/../../../../arm-none-eabi/lib/thumb/v7e-m/nofp/libc_nano.a(lib_a-nano-mallocr.o)
                0x00000000080067ec                _malloc_r
 .text._realloc_r
                0x00000000080068d4       0x5e /Applications/STM32CubeIDE.app/Contents/Eclipse/plugins/com.st.stm32cube.ide.mcu.externaltools.gnu-tools-for-stm32.10.3-2021.10.macos64_1.0.200.202301161003/tools/bin/../lib/gcc/arm-none-eabi/10.3.1/../../../../arm-none-eabi/lib/thumb/v7e-m/nofp/libc_nano.a(lib_a-nano-reallocr.o)
                0x00000000080068d4                _realloc_r
 *fill*         0x0000000008006932        0x2 
 .text._sbrk_r  0x0000000008006934       0x20 /Applications/STM32CubeIDE.app/Contents/Eclipse/plugins/com.st.stm32cube.ide.mcu.externaltools.gnu-tools-for-stm32.10.3-2021.10.macos64_1.0.200.202301161003/tools/bin/../lib/gcc/arm-none-eabi/10.3.1/../../../../arm-none-eabi/lib/thumb/v7e-m/nofp/libc_nano.a(lib_a-sbrkr.o)
                0x0000000008006934                _sbrk_r
 .text.__malloc_lock
                0x0000000008006954        0xc /Applications/STM32CubeIDE.app/Contents/Eclipse/plugins/com.st.stm32cube.ide.mcu.externaltools.gnu-tools-for-stm32.10.3-2021.10.macos64_1.0.200.202301161003/tools/bin/../lib/gcc/arm-none-eabi/10.3.1/../../../../arm-none-eabi/lib/thumb/v7e-m/nofp/libc_nano.a(lib_a-mlock.o)
                0x0000000008006954                __malloc_lock
 .text.__malloc_unlock
                0x0000000008006960        0xc /Applications/STM32CubeIDE.app/Contents/Eclipse/plugins/com.st.stm32cube.ide.mcu.externaltools.gnu-tools-for-stm32.10.3-2021.10.macos64_1.0.200.202301161003/tools/bin/../lib/gcc/arm-none-eabi/10.3.1/../../../../arm-none-eabi/lib/thumb/v7e-m/nofp/libc_nano.a(lib_a-mlock.o)
                0x0000000008006960                __malloc_unlock
 .text._malloc_usable_size_r
                0x000000000800696c       0x10 /Applications/STM32CubeIDE.app/Contents/Eclipse/plugins/com.st.stm32cube.ide.mcu.externaltools.gnu-tools-for-stm32.10.3-2021.10.macos64_1.0.200.202301161003/tools/bin/../lib/gcc/arm-none-eabi/10.3.1/../../../../arm-none-eabi/lib/thumb/v7e-m/nofp/libc_nano.a(lib_a-nano-msizer.o)
                0x000000000800696c                _malloc_usable_size_r
 .text.__retarget_lock_acquire_recursive
                0x000000000800697c        0x2 /Applications/STM32CubeIDE.app/Contents/Eclipse/plugins/com.st.stm32cube.ide.mcu.externaltools.gnu-tools-for-stm32.10.3-2021.10.macos64_1.0.200.202301161003/tools/bin/../lib/gcc/arm-none-eabi/10.3.1/../../../../arm-none-eabi/lib/thumb/v7e-m/nofp/libc_nano.a(lib_a-lock.o)
                0x000000000800697c                __retarget_lock_acquire_recursive
 .text.__retarget_lock_release_recursive
                0x000000000800697e        0x2 /Applications/STM32CubeIDE.app/Contents/Eclipse/plugins/com.st.stm32cube.ide.mcu.externaltools.gnu-tools-for-stm32.10.3-2021.10.macos64_1.0.200.202301161003/tools/bin/../lib/gcc/arm-none-eabi/10.3.1/../../../../arm-none-eabi/lib/thumb/v7e-m/nofp/libc_nano.a(lib_a-lock.o)
                0x000000000800697e                __retarget_lock_release_recursive
 *(.glue_7)
 .glue_7        0x0000000008006980        0x0 linker stubs
 *(.glue_7t)
 .glue_7t       0x0000000008006980        0x0 linker stubs
 *(.eh_frame)
 .eh_frame      0x0000000008006980        0x0 /Applications/STM32CubeIDE.app/Contents/Eclipse/plugins/com.st.stm32cube.ide.mcu.externaltools.gnu-tools-for-stm32.10.3-2021.10.macos64_1.0.200.202301161003/tools/bin/../lib/gcc/arm-none-eabi/10.3.1/thumb/v7e-m/nofp/crtbegin.o
 *(.init)
 .init          0x0000000008006980        0x4 /Applications/STM32CubeIDE.app/Contents/Eclipse/plugins/com.st.stm32cube.ide.mcu.externaltools.gnu-tools-for-stm32.10.3-2021.10.macos64_1.0.200.202301161003/tools/bin/../lib/gcc/arm-none-eabi/10.3.1/thumb/v7e-m/nofp/crti.o
                0x0000000008006980                _init
 .init          0x0000000008006984        0x8 /Applications/STM32CubeIDE.app/Contents/Eclipse/plugins/com.st.stm32cube.ide.mcu.externaltools.gnu-tools-for-stm32.10.3-2021.10.macos64_1.0.200.202301161003/tools/bin/../lib/gcc/arm-none-eabi/10.3.1/thumb/v7e-m/nofp/crtn.o
 *(.fini)
 .fini          0x000000000800698c        0x4 /Applications/STM32CubeIDE.app/Contents/Eclipse/plugins/com.st.stm32cube.ide.mcu.externaltools.gnu-tools-for-stm32.10.3-2021.10.macos64_1.0.200.202301161003/tools/bin/../lib/gcc/arm-none-eabi/10.3.1/thumb/v7e-m/nofp/crti.o
                0x000000000800698c                _fini
 .fini          0x0000000008006990        0x8 /Applications/STM32CubeIDE.app/Contents/Eclipse/plugins/com.st.stm32cube.ide.mcu.externaltools.gnu-tools-for-stm32.10.3-2021.10.macos64_1.0.200.202301161003/tools/bin/../lib/gcc/arm-none-eabi/10.3.1/thumb/v7e-m/nofp/crtn.o
                0x0000000008006998                . = ALIGN (0x4)
                0x0000000008006998                _etext = .

.vfp11_veneer   0x0000000008006998        0x0
 .vfp11_veneer  0x0000000008006998        0x0 linker stubs

.v4_bx          0x0000000008006998        0x0
 .v4_bx         0x0000000008006998        0x0 linker stubs

.iplt           0x0000000008006998        0x0
 .iplt          0x0000000008006998        0x0 /Applications/STM32CubeIDE.app/Contents/Eclipse/plugins/com.st.stm32cube.ide.mcu.externaltools.gnu-tools-for-stm32.10.3-2021.10.macos64_1.0.200.202301161003/tools/bin/../lib/gcc/arm-none-eabi/10.3.1/thumb/v7e-m/nofp/crtbegin.o

.rodata         0x0000000008006998      0x194
                0x0000000008006998                . = ALIGN (0x4)
 *(.rodata)
 .rodata        0x0000000008006998       0x4e ./Core/Src/calendar.o
 *fill*         0x00000000080069e6        0x2 
 .rodata        0x00000000080069e8       0x29 ./Core/Src/main.o
 *fill*         0x0000000008006a11        0x3 
 .rodata        0x0000000008006a14       0x1c ./Drivers/STM32WLxx_HAL_Driver/stm32wlxx_hal_rcc.o
 *(.rodata*)
 .rodata.AHBPrescTable
                0x0000000008006a30       0x40 ./Common/System/system_stm32wlxx.o
                0x0000000008006a30                AHBPrescTable
 .rodata.APBPrescTable
                0x0000000008006a70       0x20 ./Common/System/system_stm32wlxx.o
                0x0000000008006a70                APBPrescTable
 .rodata.MSIRangeTable
                0x0000000008006a90       0x40 ./Common/System/system_stm32wlxx.o
                0x0000000008006a90                MSIRangeTable
 .rodata.UARTPrescTable
                0x0000000008006ad0       0x18 ./Drivers/STM32WLxx_HAL_Driver/stm32wlxx_hal_uart.o
                0x0000000008006ad0                UARTPrescTable
 .rodata.numerator.1
                0x0000000008006ae8        0x8 ./Drivers/STM32WLxx_HAL_Driver/stm32wlxx_hal_uart_ex.o
 .rodata.denominator.0
                0x0000000008006af0        0x8 ./Drivers/STM32WLxx_HAL_Driver/stm32wlxx_hal_uart_ex.o
 .rodata._svfprintf_r.str1.1
                0x0000000008006af8       0x11 /Applications/STM32CubeIDE.app/Contents/Eclipse/plugins/com.st.stm32cube.ide.mcu.externaltools.gnu-tools-for-stm32.10.3-2021.10.macos64_1.0.200.202301161003/tools/bin/../lib/gcc/arm-none-eabi/10.3.1/../../../../arm-none-eabi/lib/thumb/v7e-m/nofp/libc_nano.a(lib_a-nano-svfprintf.o)
 .rodata._printf_i.str1.1
                0x0000000008006b09       0x22 /Applications/STM32CubeIDE.app/Contents/Eclipse/plugins/com.st.stm32cube.ide.mcu.externaltools.gnu-tools-for-stm32.10.3-2021.10.macos64_1.0.200.202301161003/tools/bin/../lib/gcc/arm-none-eabi/10.3.1/../../../../arm-none-eabi/lib/thumb/v7e-m/nofp/libc_nano.a(lib_a-nano-vfprintf_i.o)
                0x0000000008006b2c                . = ALIGN (0x4)
 *fill*         0x0000000008006b2b        0x1 

.ARM.extab      0x0000000008006b2c        0x0
                0x0000000008006b2c                . = ALIGN (0x4)
 *(.ARM.extab* .gnu.linkonce.armextab.*)
                0x0000000008006b2c                . = ALIGN (0x4)

.ARM            0x0000000008006b2c        0x8
                0x0000000008006b2c                . = ALIGN (0x4)
                0x0000000008006b2c                __exidx_start = .
 *(.ARM.exidx*)
 .ARM.exidx     0x0000000008006b2c        0x8 /Applications/STM32CubeIDE.app/Contents/Eclipse/plugins/com.st.stm32cube.ide.mcu.externaltools.gnu-tools-for-stm32.10.3-2021.10.macos64_1.0.200.202301161003/tools/bin/../lib/gcc/arm-none-eabi/10.3.1/thumb/v7e-m/nofp/libgcc.a(_udivmoddi4.o)
                0x0000000008006b34                __exidx_end = .
                0x0000000008006b34                . = ALIGN (0x4)

.rel.dyn        0x0000000008006b34        0x0
 .rel.iplt      0x0000000008006b34        0x0 /Applications/STM32CubeIDE.app/Contents/Eclipse/plugins/com.st.stm32cube.ide.mcu.externaltools.gnu-tools-for-stm32.10.3-2021.10.macos64_1.0.200.202301161003/tools/bin/../lib/gcc/arm-none-eabi/10.3.1/thumb/v7e-m/nofp/crtbegin.o

.preinit_array  0x0000000008006b34        0x0
                0x0000000008006b34                . = ALIGN (0x4)
                0x0000000008006b34                PROVIDE (__preinit_array_start = .)
 *(.preinit_array*)
                0x0000000008006b34                PROVIDE (__preinit_array_end = .)
                0x0000000008006b34                . = ALIGN (0x4)

.init_array     0x0000000008006b34        0x4
                0x0000000008006b34                . = ALIGN (0x4)
                0x0000000008006b34                PROVIDE (__init_array_start = .)
 *(SORT_BY_NAME(.init_array.*))
 *(.init_array*)
 .init_array    0x0000000008006b34        0x4 /Applications/STM32CubeIDE.app/Contents/Eclipse/plugins/com.st.stm32cube.ide.mcu.externaltools.gnu-tools-for-stm32.10.3-2021.10.macos64_1.0.200.202301161003/tools/bin/../lib/gcc/arm-none-eabi/10.3.1/thumb/v7e-m/nofp/crtbegin.o
                0x0000000008006b38                PROVIDE (__init_array_end = .)
                0x0000000008006b38                . = ALIGN (0x4)

.fini_array     0x0000000008006b38        0x4
                0x0000000008006b38                . = ALIGN (0x4)
                [!provide]                        PROVIDE (__fini_array_start = .)
 *(SORT_BY_NAME(.fini_array.*))
 *(.fini_array*)
 .fini_array    0x0000000008006b38        0x4 /Applications/STM32CubeIDE.app/Contents/Eclipse/plugins/com.st.stm32cube.ide.mcu.externaltools.gnu-tools-for-stm32.10.3-2021.10.macos64_1.0.200.202301161003/tools/bin/../lib/gcc/arm-none-eabi/10.3.1/thumb/v7e-m/nofp/crtbegin.o
                [!provide]                        PROVIDE (__fini_array_end = .)
                0x0000000008006b3c                . = ALIGN (0x4)
                0x0000000008006b3c                _sidata = LOADADDR (.data)

.data           0x0000000020000000       0x70 load address 0x0000000008006b3c
                0x0000000020000000                . = ALIGN (0x4)
                0x0000000020000000                _sdata = .
 *(.data)
 *(.data*)
 .data.SystemCoreClock
                0x0000000020000000        0x4 ./Common/System/system_stm32wlxx.o
                0x0000000020000000                SystemCoreClock
 .data.uwTickPrio
                0x0000000020000004        0x4 ./Drivers/STM32WLxx_HAL_Driver/stm32wlxx_hal.o
                0x0000000020000004                uwTickPrio
 .data.uwTickFreq
                0x0000000020000008        0x1 ./Drivers/STM32WLxx_HAL_Driver/stm32wlxx_hal.o
                0x0000000020000008                uwTickFreq
 *fill*         0x0000000020000009        0x3 
 .data._impure_ptr
                0x000000002000000c        0x4 /Applications/STM32CubeIDE.app/Contents/Eclipse/plugins/com.st.stm32cube.ide.mcu.externaltools.gnu-tools-for-stm32.10.3-2021.10.macos64_1.0.200.202301161003/tools/bin/../lib/gcc/arm-none-eabi/10.3.1/../../../../arm-none-eabi/lib/thumb/v7e-m/nofp/libc_nano.a(lib_a-impure.o)
                0x000000002000000c                _impure_ptr
 .data.impure_data
                0x0000000020000010       0x60 /Applications/STM32CubeIDE.app/Contents/Eclipse/plugins/com.st.stm32cube.ide.mcu.externaltools.gnu-tools-for-stm32.10.3-2021.10.macos64_1.0.200.202301161003/tools/bin/../lib/gcc/arm-none-eabi/10.3.1/../../../../arm-none-eabi/lib/thumb/v7e-m/nofp/libc_nano.a(lib_a-impure.o)
 *(.RamFunc)
 *(.RamFunc*)
                0x0000000020000070                . = ALIGN (0x4)
                0x0000000020000070                _edata = .

.igot.plt       0x0000000020000070        0x0 load address 0x0000000008006bac
 .igot.plt      0x0000000020000070        0x0 /Applications/STM32CubeIDE.app/Contents/Eclipse/plugins/com.st.stm32cube.ide.mcu.externaltools.gnu-tools-for-stm32.10.3-2021.10.macos64_1.0.200.202301161003/tools/bin/../lib/gcc/arm-none-eabi/10.3.1/thumb/v7e-m/nofp/crtbegin.o
                0x0000000020000070                . = ALIGN (0x4)

.bss            0x0000000020000070      0x224 load address 0x0000000008006bac
                0x0000000020000070                _sbss = .
                0x0000000020000070                __bss_start__ = _sbss
 *(.bss)
 .bss           0x0000000020000070       0x1c /Applications/STM32CubeIDE.app/Contents/Eclipse/plugins/com.st.stm32cube.ide.mcu.externaltools.gnu-tools-for-stm32.10.3-2021.10.macos64_1.0.200.202301161003/tools/bin/../lib/gcc/arm-none-eabi/10.3.1/thumb/v7e-m/nofp/crtbegin.o
 *(.bss*)
 .bss._calendarEvents
                0x000000002000008c       0xc8 ./Core/Src/calendar.o
 .bss._numberEvents
                0x0000000020000154        0x4 ./Core/Src/calendar.o
 .bss._alarmFired
                0x0000000020000158        0x1 ./Core/Src/calendar.o
                0x0000000020000158                _alarmFired
 *fill*         0x0000000020000159        0x3 
 .bss._hrtc     0x000000002000015c        0x4 ./Core/Src/calendar.o
                0x000000002000015c                _hrtc
 .bss.hrtc      0x0000000020000160       0x38 ./Core/Src/main.o
                0x0000000020000160                hrtc
 .bss.huart2    0x0000000020000198       0x94 ./Core/Src/main.o
                0x0000000020000198                huart2
 .bss._rtc_handle
                0x000000002000022c        0x4 ./Core/Src/rtc_alarm_control.o
                0x000000002000022c                _rtc_handle
 .bss.__sbrk_heap_end
                0x0000000020000230        0x4 ./Core/Src/sysmem.o
 .bss._txError  0x0000000020000234        0x1 ./Core/Src/uart_basic_com.o
 .bss._rxError  0x0000000020000235        0x1 ./Core/Src/uart_basic_com.o
 *fill*         0x0000000020000236        0x2 
 .bss._uartHandle
                0x0000000020000238        0x4 ./Core/Src/uart_basic_com.o
 .bss._txBuffer
                0x000000002000023c       0x20 ./Core/Src/uart_basic_com.o
 .bss._rxBuffer
                0x000000002000025c       0x20 ./Core/Src/uart_basic_com.o
 .bss._txBuffer_full
                0x000000002000027c        0x1 ./Core/Src/uart_basic_com.o
 .bss._rxBuffer_full
                0x000000002000027d        0x1 ./Core/Src/uart_basic_com.o
 *fill*         0x000000002000027e        0x2 
 .bss.uwTick    0x0000000020000280        0x4 ./Drivers/STM32WLxx_HAL_Driver/stm32wlxx_hal.o
                0x0000000020000280                uwTick
 .bss.__malloc_free_list
                0x0000000020000284        0x4 /Applications/STM32CubeIDE.app/Contents/Eclipse/plugins/com.st.stm32cube.ide.mcu.externaltools.gnu-tools-for-stm32.10.3-2021.10.macos64_1.0.200.202301161003/tools/bin/../lib/gcc/arm-none-eabi/10.3.1/../../../../arm-none-eabi/lib/thumb/v7e-m/nofp/libc_nano.a(lib_a-nano-mallocr.o)
                0x0000000020000284                __malloc_free_list
 .bss.__malloc_sbrk_start
                0x0000000020000288        0x4 /Applications/STM32CubeIDE.app/Contents/Eclipse/plugins/com.st.stm32cube.ide.mcu.externaltools.gnu-tools-for-stm32.10.3-2021.10.macos64_1.0.200.202301161003/tools/bin/../lib/gcc/arm-none-eabi/10.3.1/../../../../arm-none-eabi/lib/thumb/v7e-m/nofp/libc_nano.a(lib_a-nano-mallocr.o)
                0x0000000020000288                __malloc_sbrk_start
 .bss.errno     0x000000002000028c        0x4 /Applications/STM32CubeIDE.app/Contents/Eclipse/plugins/com.st.stm32cube.ide.mcu.externaltools.gnu-tools-for-stm32.10.3-2021.10.macos64_1.0.200.202301161003/tools/bin/../lib/gcc/arm-none-eabi/10.3.1/../../../../arm-none-eabi/lib/thumb/v7e-m/nofp/libc_nano.a(lib_a-reent.o)
                0x000000002000028c                errno
 .bss.__lock___malloc_recursive_mutex
                0x0000000020000290        0x1 /Applications/STM32CubeIDE.app/Contents/Eclipse/plugins/com.st.stm32cube.ide.mcu.externaltools.gnu-tools-for-stm32.10.3-2021.10.macos64_1.0.200.202301161003/tools/bin/../lib/gcc/arm-none-eabi/10.3.1/../../../../arm-none-eabi/lib/thumb/v7e-m/nofp/libc_nano.a(lib_a-lock.o)
                0x0000000020000290                __lock___malloc_recursive_mutex
 *(COMMON)
                0x0000000020000294                . = ALIGN (0x4)
 *fill*         0x0000000020000291        0x3 
                0x0000000020000294                _ebss = .
                0x0000000020000294                __bss_end__ = _ebss

._user_heap_stack
                0x0000000020000294      0x604 load address 0x0000000008006bac
                0x0000000020000298                . = ALIGN (0x8)
 *fill*         0x0000000020000294        0x4 
                [!provide]                        PROVIDE (end = .)
                0x0000000020000298                PROVIDE (_end = .)
                0x0000000020000498                . = (. + _Min_Heap_Size)
 *fill*         0x0000000020000298      0x200 
                0x0000000020000898                . = (. + _Min_Stack_Size)
 *fill*         0x0000000020000498      0x400 
                0x0000000020000898                . = ALIGN (0x8)

/DISCARD/
 libc.a(*)
 libm.a(*)
 libgcc.a(*)

.ARM.attributes
                0x0000000000000000       0x2a
 *(.ARM.attributes)
 .ARM.attributes
                0x0000000000000000       0x1e /Applications/STM32CubeIDE.app/Contents/Eclipse/plugins/com.st.stm32cube.ide.mcu.externaltools.gnu-tools-for-stm32.10.3-2021.10.macos64_1.0.200.202301161003/tools/bin/../lib/gcc/arm-none-eabi/10.3.1/thumb/v7e-m/nofp/crti.o
 .ARM.attributes
                0x000000000000001e       0x2e /Applications/STM32CubeIDE.app/Contents/Eclipse/plugins/com.st.stm32cube.ide.mcu.externaltools.gnu-tools-for-stm32.10.3-2021.10.macos64_1.0.200.202301161003/tools/bin/../lib/gcc/arm-none-eabi/10.3.1/thumb/v7e-m/nofp/crtbegin.o
 .ARM.attributes
                0x000000000000004c       0x2e ./Common/System/system_stm32wlxx.o
 .ARM.attributes
                0x000000000000007a       0x2e ./Core/Src/calendar.o
 .ARM.attributes
                0x00000000000000a8       0x2e ./Core/Src/main.o
 .ARM.attributes
                0x00000000000000d6       0x2e ./Core/Src/rtc_alarm_control.o
 .ARM.attributes
                0x0000000000000104       0x2e ./Core/Src/stm32wlxx_hal_msp.o
 .ARM.attributes
                0x0000000000000132       0x2e ./Core/Src/stm32wlxx_it.o
 .ARM.attributes
                0x0000000000000160       0x2e ./Core/Src/sysmem.o
 .ARM.attributes
                0x000000000000018e       0x2e ./Core/Src/uart_basic_com.o
 .ARM.attributes
                0x00000000000001bc       0x2e ./Core/Src/uart_messge.o
 .ARM.attributes
                0x00000000000001ea       0x21 ./Core/Startup/startup_stm32wl55jcix.o
 .ARM.attributes
                0x000000000000020b       0x2e ./Drivers/STM32WLxx_HAL_Driver/stm32wlxx_hal.o
 .ARM.attributes
                0x0000000000000239       0x2e ./Drivers/STM32WLxx_HAL_Driver/stm32wlxx_hal_cortex.o
 .ARM.attributes
                0x0000000000000267       0x2e ./Drivers/STM32WLxx_HAL_Driver/stm32wlxx_hal_dma.o
 .ARM.attributes
                0x0000000000000295       0x2e ./Drivers/STM32WLxx_HAL_Driver/stm32wlxx_hal_gpio.o
 .ARM.attributes
                0x00000000000002c3       0x2e ./Drivers/STM32WLxx_HAL_Driver/stm32wlxx_hal_pwr.o
 .ARM.attributes
                0x00000000000002f1       0x2e ./Drivers/STM32WLxx_HAL_Driver/stm32wlxx_hal_pwr_ex.o
 .ARM.attributes
                0x000000000000031f       0x2e ./Drivers/STM32WLxx_HAL_Driver/stm32wlxx_hal_rcc.o
 .ARM.attributes
                0x000000000000034d       0x2e ./Drivers/STM32WLxx_HAL_Driver/stm32wlxx_hal_rcc_ex.o
 .ARM.attributes
                0x000000000000037b       0x2e ./Drivers/STM32WLxx_HAL_Driver/stm32wlxx_hal_rtc.o
 .ARM.attributes
                0x00000000000003a9       0x2e ./Drivers/STM32WLxx_HAL_Driver/stm32wlxx_hal_rtc_ex.o
 .ARM.attributes
                0x00000000000003d7       0x2e ./Drivers/STM32WLxx_HAL_Driver/stm32wlxx_hal_uart.o
 .ARM.attributes
                0x0000000000000405       0x2e ./Drivers/STM32WLxx_HAL_Driver/stm32wlxx_hal_uart_ex.o
 .ARM.attributes
                0x0000000000000433       0x2e /Applications/STM32CubeIDE.app/Contents/Eclipse/plugins/com.st.stm32cube.ide.mcu.externaltools.gnu-tools-for-stm32.10.3-2021.10.macos64_1.0.200.202301161003/tools/bin/../lib/gcc/arm-none-eabi/10.3.1/../../../../arm-none-eabi/lib/thumb/v7e-m/nofp/libc_nano.a(lib_a-errno.o)
 .ARM.attributes
                0x0000000000000461       0x2e /Applications/STM32CubeIDE.app/Contents/Eclipse/plugins/com.st.stm32cube.ide.mcu.externaltools.gnu-tools-for-stm32.10.3-2021.10.macos64_1.0.200.202301161003/tools/bin/../lib/gcc/arm-none-eabi/10.3.1/../../../../arm-none-eabi/lib/thumb/v7e-m/nofp/libc_nano.a(lib_a-impure.o)
 .ARM.attributes
                0x000000000000048f       0x2e /Applications/STM32CubeIDE.app/Contents/Eclipse/plugins/com.st.stm32cube.ide.mcu.externaltools.gnu-tools-for-stm32.10.3-2021.10.macos64_1.0.200.202301161003/tools/bin/../lib/gcc/arm-none-eabi/10.3.1/../../../../arm-none-eabi/lib/thumb/v7e-m/nofp/libc_nano.a(lib_a-init.o)
 .ARM.attributes
                0x00000000000004bd       0x2e /Applications/STM32CubeIDE.app/Contents/Eclipse/plugins/com.st.stm32cube.ide.mcu.externaltools.gnu-tools-for-stm32.10.3-2021.10.macos64_1.0.200.202301161003/tools/bin/../lib/gcc/arm-none-eabi/10.3.1/../../../../arm-none-eabi/lib/thumb/v7e-m/nofp/libc_nano.a(lib_a-memcpy-stub.o)
 .ARM.attributes
                0x00000000000004eb       0x2e /Applications/STM32CubeIDE.app/Contents/Eclipse/plugins/com.st.stm32cube.ide.mcu.externaltools.gnu-tools-for-stm32.10.3-2021.10.macos64_1.0.200.202301161003/tools/bin/../lib/gcc/arm-none-eabi/10.3.1/../../../../arm-none-eabi/lib/thumb/v7e-m/nofp/libc_nano.a(lib_a-memset.o)
 .ARM.attributes
                0x0000000000000519       0x2e /Applications/STM32CubeIDE.app/Contents/Eclipse/plugins/com.st.stm32cube.ide.mcu.externaltools.gnu-tools-for-stm32.10.3-2021.10.macos64_1.0.200.202301161003/tools/bin/../lib/gcc/arm-none-eabi/10.3.1/../../../../arm-none-eabi/lib/thumb/v7e-m/nofp/libc_nano.a(lib_a-snprintf.o)
 .ARM.attributes
                0x0000000000000547       0x2e /Applications/STM32CubeIDE.app/Contents/Eclipse/plugins/com.st.stm32cube.ide.mcu.externaltools.gnu-tools-for-stm32.10.3-2021.10.macos64_1.0.200.202301161003/tools/bin/../lib/gcc/arm-none-eabi/10.3.1/../../../../arm-none-eabi/lib/thumb/v7e-m/nofp/libc_nano.a(lib_a-nano-svfprintf.o)
 .ARM.attributes
                0x0000000000000575       0x2e /Applications/STM32CubeIDE.app/Contents/Eclipse/plugins/com.st.stm32cube.ide.mcu.externaltools.gnu-tools-for-stm32.10.3-2021.10.macos64_1.0.200.202301161003/tools/bin/../lib/gcc/arm-none-eabi/10.3.1/../../../../arm-none-eabi/lib/thumb/v7e-m/nofp/libc_nano.a(lib_a-nano-vfprintf_i.o)
 .ARM.attributes
                0x00000000000005a3       0x1c /Applications/STM32CubeIDE.app/Contents/Eclipse/plugins/com.st.stm32cube.ide.mcu.externaltools.gnu-tools-for-stm32.10.3-2021.10.macos64_1.0.200.202301161003/tools/bin/../lib/gcc/arm-none-eabi/10.3.1/../../../../arm-none-eabi/lib/thumb/v7e-m/nofp/libc_nano.a(lib_a-memchr.o)
 .ARM.attributes
                0x00000000000005bf       0x2e /Applications/STM32CubeIDE.app/Contents/Eclipse/plugins/com.st.stm32cube.ide.mcu.externaltools.gnu-tools-for-stm32.10.3-2021.10.macos64_1.0.200.202301161003/tools/bin/../lib/gcc/arm-none-eabi/10.3.1/../../../../arm-none-eabi/lib/thumb/v7e-m/nofp/libc_nano.a(lib_a-memmove.o)
 .ARM.attributes
                0x00000000000005ed       0x2e /Applications/STM32CubeIDE.app/Contents/Eclipse/plugins/com.st.stm32cube.ide.mcu.externaltools.gnu-tools-for-stm32.10.3-2021.10.macos64_1.0.200.202301161003/tools/bin/../lib/gcc/arm-none-eabi/10.3.1/../../../../arm-none-eabi/lib/thumb/v7e-m/nofp/libc_nano.a(lib_a-nano-freer.o)
 .ARM.attributes
                0x000000000000061b       0x2e /Applications/STM32CubeIDE.app/Contents/Eclipse/plugins/com.st.stm32cube.ide.mcu.externaltools.gnu-tools-for-stm32.10.3-2021.10.macos64_1.0.200.202301161003/tools/bin/../lib/gcc/arm-none-eabi/10.3.1/../../../../arm-none-eabi/lib/thumb/v7e-m/nofp/libc_nano.a(lib_a-nano-mallocr.o)
 .ARM.attributes
                0x0000000000000649       0x2e /Applications/STM32CubeIDE.app/Contents/Eclipse/plugins/com.st.stm32cube.ide.mcu.externaltools.gnu-tools-for-stm32.10.3-2021.10.macos64_1.0.200.202301161003/tools/bin/../lib/gcc/arm-none-eabi/10.3.1/../../../../arm-none-eabi/lib/thumb/v7e-m/nofp/libc_nano.a(lib_a-nano-reallocr.o)
 .ARM.attributes
                0x0000000000000677       0x2e /Applications/STM32CubeIDE.app/Contents/Eclipse/plugins/com.st.stm32cube.ide.mcu.externaltools.gnu-tools-for-stm32.10.3-2021.10.macos64_1.0.200.202301161003/tools/bin/../lib/gcc/arm-none-eabi/10.3.1/../../../../arm-none-eabi/lib/thumb/v7e-m/nofp/libc_nano.a(lib_a-sbrkr.o)
 .ARM.attributes
                0x00000000000006a5       0x2e /Applications/STM32CubeIDE.app/Contents/Eclipse/plugins/com.st.stm32cube.ide.mcu.externaltools.gnu-tools-for-stm32.10.3-2021.10.macos64_1.0.200.202301161003/tools/bin/../lib/gcc/arm-none-eabi/10.3.1/../../../../arm-none-eabi/lib/thumb/v7e-m/nofp/libc_nano.a(lib_a-mlock.o)
 .ARM.attributes
                0x00000000000006d3       0x2e /Applications/STM32CubeIDE.app/Contents/Eclipse/plugins/com.st.stm32cube.ide.mcu.externaltools.gnu-tools-for-stm32.10.3-2021.10.macos64_1.0.200.202301161003/tools/bin/../lib/gcc/arm-none-eabi/10.3.1/../../../../arm-none-eabi/lib/thumb/v7e-m/nofp/libc_nano.a(lib_a-nano-msizer.o)
 .ARM.attributes
                0x0000000000000701       0x2e /Applications/STM32CubeIDE.app/Contents/Eclipse/plugins/com.st.stm32cube.ide.mcu.externaltools.gnu-tools-for-stm32.10.3-2021.10.macos64_1.0.200.202301161003/tools/bin/../lib/gcc/arm-none-eabi/10.3.1/../../../../arm-none-eabi/lib/thumb/v7e-m/nofp/libc_nano.a(lib_a-reent.o)
 .ARM.attributes
                0x000000000000072f       0x2e /Applications/STM32CubeIDE.app/Contents/Eclipse/plugins/com.st.stm32cube.ide.mcu.externaltools.gnu-tools-for-stm32.10.3-2021.10.macos64_1.0.200.202301161003/tools/bin/../lib/gcc/arm-none-eabi/10.3.1/../../../../arm-none-eabi/lib/thumb/v7e-m/nofp/libc_nano.a(lib_a-lock.o)
 .ARM.attributes
                0x000000000000075d       0x1e /Applications/STM32CubeIDE.app/Contents/Eclipse/plugins/com.st.stm32cube.ide.mcu.externaltools.gnu-tools-for-stm32.10.3-2021.10.macos64_1.0.200.202301161003/tools/bin/../lib/gcc/arm-none-eabi/10.3.1/thumb/v7e-m/nofp/libgcc.a(_aeabi_uldivmod.o)
 .ARM.attributes
                0x000000000000077b       0x2e /Applications/STM32CubeIDE.app/Contents/Eclipse/plugins/com.st.stm32cube.ide.mcu.externaltools.gnu-tools-for-stm32.10.3-2021.10.macos64_1.0.200.202301161003/tools/bin/../lib/gcc/arm-none-eabi/10.3.1/thumb/v7e-m/nofp/libgcc.a(_udivmoddi4.o)
 .ARM.attributes
                0x00000000000007a9       0x1e /Applications/STM32CubeIDE.app/Contents/Eclipse/plugins/com.st.stm32cube.ide.mcu.externaltools.gnu-tools-for-stm32.10.3-2021.10.macos64_1.0.200.202301161003/tools/bin/../lib/gcc/arm-none-eabi/10.3.1/thumb/v7e-m/nofp/libgcc.a(_dvmd_tls.o)
 .ARM.attributes
                0x00000000000007c7       0x1e /Applications/STM32CubeIDE.app/Contents/Eclipse/plugins/com.st.stm32cube.ide.mcu.externaltools.gnu-tools-for-stm32.10.3-2021.10.macos64_1.0.200.202301161003/tools/bin/../lib/gcc/arm-none-eabi/10.3.1/thumb/v7e-m/nofp/crtn.o
OUTPUT(STM32 RTC Scheduler_CM4.elf elf32-littlearm)
LOAD linker stubs
LOAD /Applications/STM32CubeIDE.app/Contents/Eclipse/plugins/com.st.stm32cube.ide.mcu.externaltools.gnu-tools-for-stm32.10.3-2021.10.macos64_1.0.200.202301161003/tools/bin/../lib/gcc/arm-none-eabi/10.3.1/../../../../arm-none-eabi/lib/thumb/v7e-m/nofp/libc.a
LOAD /Applications/STM32CubeIDE.app/Contents/Eclipse/plugins/com.st.stm32cube.ide.mcu.externaltools.gnu-tools-for-stm32.10.3-2021.10.macos64_1.0.200.202301161003/tools/bin/../lib/gcc/arm-none-eabi/10.3.1/../../../../arm-none-eabi/lib/thumb/v7e-m/nofp/libm.a
LOAD /Applications/STM32CubeIDE.app/Contents/Eclipse/plugins/com.st.stm32cube.ide.mcu.externaltools.gnu-tools-for-stm32.10.3-2021.10.macos64_1.0.200.202301161003/tools/bin/../lib/gcc/arm-none-eabi/10.3.1/thumb/v7e-m/nofp/libgcc.a

.debug_info     0x0000000000000000    0x1514c
 .debug_info    0x0000000000000000      0x566 ./Common/System/system_stm32wlxx.o
 .debug_info    0x0000000000000566      0x86b ./Core/Src/calendar.o
 .debug_info    0x0000000000000dd1     0x1b3a ./Core/Src/main.o
 .debug_info    0x000000000000290b      0x8fc ./Core/Src/rtc_alarm_control.o
 .debug_info    0x0000000000003207     0x1466 ./Core/Src/stm32wlxx_hal_msp.o
 .debug_info    0x000000000000466d      0xbf6 ./Core/Src/stm32wlxx_it.o
 .debug_info    0x0000000000005263      0x171 ./Core/Src/sysmem.o
 .debug_info    0x00000000000053d4      0xb08 ./Core/Src/uart_basic_com.o
 .debug_info    0x0000000000005edc      0x13d ./Core/Src/uart_messge.o
 .debug_info    0x0000000000006019       0x22 ./Core/Startup/startup_stm32wl55jcix.o
 .debug_info    0x000000000000603b     0x1209 ./Drivers/STM32WLxx_HAL_Driver/stm32wlxx_hal.o
 .debug_info    0x0000000000007244      0xdc3 ./Drivers/STM32WLxx_HAL_Driver/stm32wlxx_hal_cortex.o
 .debug_info    0x0000000000008007      0x9af ./Drivers/STM32WLxx_HAL_Driver/stm32wlxx_hal_dma.o
 .debug_info    0x00000000000089b6      0x79c ./Drivers/STM32WLxx_HAL_Driver/stm32wlxx_hal_gpio.o
 .debug_info    0x0000000000009152      0x912 ./Drivers/STM32WLxx_HAL_Driver/stm32wlxx_hal_pwr.o
 .debug_info    0x0000000000009a64      0xe53 ./Drivers/STM32WLxx_HAL_Driver/stm32wlxx_hal_pwr_ex.o
 .debug_info    0x000000000000a8b7     0x14a8 ./Drivers/STM32WLxx_HAL_Driver/stm32wlxx_hal_rcc.o
 .debug_info    0x000000000000bd5f     0x102c ./Drivers/STM32WLxx_HAL_Driver/stm32wlxx_hal_rcc_ex.o
 .debug_info    0x000000000000cd8b     0x102f ./Drivers/STM32WLxx_HAL_Driver/stm32wlxx_hal_rtc.o
 .debug_info    0x000000000000ddba     0x1612 ./Drivers/STM32WLxx_HAL_Driver/stm32wlxx_hal_rtc_ex.o
 .debug_info    0x000000000000f3cc     0x4cd9 ./Drivers/STM32WLxx_HAL_Driver/stm32wlxx_hal_uart.o
 .debug_info    0x00000000000140a5     0x10a7 ./Drivers/STM32WLxx_HAL_Driver/stm32wlxx_hal_uart_ex.o

.debug_abbrev   0x0000000000000000     0x2e7c
 .debug_abbrev  0x0000000000000000      0x138 ./Common/System/system_stm32wlxx.o
 .debug_abbrev  0x0000000000000138      0x224 ./Core/Src/calendar.o
 .debug_abbrev  0x000000000000035c      0x341 ./Core/Src/main.o
 .debug_abbrev  0x000000000000069d      0x19f ./Core/Src/rtc_alarm_control.o
 .debug_abbrev  0x000000000000083c      0x22e ./Core/Src/stm32wlxx_hal_msp.o
 .debug_abbrev  0x0000000000000a6a      0x189 ./Core/Src/stm32wlxx_it.o
 .debug_abbrev  0x0000000000000bf3       0xbb ./Core/Src/sysmem.o
 .debug_abbrev  0x0000000000000cae      0x1df ./Core/Src/uart_basic_com.o
 .debug_abbrev  0x0000000000000e8d       0xb6 ./Core/Src/uart_messge.o
 .debug_abbrev  0x0000000000000f43       0x12 ./Core/Startup/startup_stm32wl55jcix.o
 .debug_abbrev  0x0000000000000f55      0x334 ./Drivers/STM32WLxx_HAL_Driver/stm32wlxx_hal.o
 .debug_abbrev  0x0000000000001289      0x2d5 ./Drivers/STM32WLxx_HAL_Driver/stm32wlxx_hal_cortex.o
 .debug_abbrev  0x000000000000155e      0x21f ./Drivers/STM32WLxx_HAL_Driver/stm32wlxx_hal_dma.o
 .debug_abbrev  0x000000000000177d      0x1d9 ./Drivers/STM32WLxx_HAL_Driver/stm32wlxx_hal_gpio.o
 .debug_abbrev  0x0000000000001956      0x203 ./Drivers/STM32WLxx_HAL_Driver/stm32wlxx_hal_pwr.o
 .debug_abbrev  0x0000000000001b59      0x2fa ./Drivers/STM32WLxx_HAL_Driver/stm32wlxx_hal_pwr_ex.o
 .debug_abbrev  0x0000000000001e53      0x324 ./Drivers/STM32WLxx_HAL_Driver/stm32wlxx_hal_rcc.o
 .debug_abbrev  0x0000000000002177      0x2bd ./Drivers/STM32WLxx_HAL_Driver/stm32wlxx_hal_rcc_ex.o
 .debug_abbrev  0x0000000000002434      0x217 ./Drivers/STM32WLxx_HAL_Driver/stm32wlxx_hal_rtc.o
 .debug_abbrev  0x000000000000264b      0x237 ./Drivers/STM32WLxx_HAL_Driver/stm32wlxx_hal_rtc_ex.o
 .debug_abbrev  0x0000000000002882      0x33d ./Drivers/STM32WLxx_HAL_Driver/stm32wlxx_hal_uart.o
 .debug_abbrev  0x0000000000002bbf      0x2bd ./Drivers/STM32WLxx_HAL_Driver/stm32wlxx_hal_uart_ex.o

.debug_aranges  0x0000000000000000     0x13e8
 .debug_aranges
                0x0000000000000000       0x28 ./Common/System/system_stm32wlxx.o
 .debug_aranges
                0x0000000000000028       0x70 ./Core/Src/calendar.o
 .debug_aranges
                0x0000000000000098       0x78 ./Core/Src/main.o
 .debug_aranges
                0x0000000000000110       0x40 ./Core/Src/rtc_alarm_control.o
 .debug_aranges
                0x0000000000000150       0x68 ./Core/Src/stm32wlxx_hal_msp.o
 .debug_aranges
                0x00000000000001b8       0x70 ./Core/Src/stm32wlxx_it.o
 .debug_aranges
                0x0000000000000228       0x20 ./Core/Src/sysmem.o
 .debug_aranges
                0x0000000000000248       0x80 ./Core/Src/uart_basic_com.o
 .debug_aranges
                0x00000000000002c8       0x28 ./Core/Src/uart_messge.o
 .debug_aranges
                0x00000000000002f0       0x28 ./Core/Startup/startup_stm32wl55jcix.o
 .debug_aranges
                0x0000000000000318      0x240 ./Drivers/STM32WLxx_HAL_Driver/stm32wlxx_hal.o
 .debug_aranges
                0x0000000000000558      0x118 ./Drivers/STM32WLxx_HAL_Driver/stm32wlxx_hal_cortex.o
 .debug_aranges
                0x0000000000000670       0xa0 ./Drivers/STM32WLxx_HAL_Driver/stm32wlxx_hal_dma.o
 .debug_aranges
                0x0000000000000710       0x60 ./Drivers/STM32WLxx_HAL_Driver/stm32wlxx_hal_gpio.o
 .debug_aranges
                0x0000000000000770       0xc8 ./Drivers/STM32WLxx_HAL_Driver/stm32wlxx_hal_pwr.o
 .debug_aranges
                0x0000000000000838      0x200 ./Drivers/STM32WLxx_HAL_Driver/stm32wlxx_hal_pwr_ex.o
 .debug_aranges
                0x0000000000000a38      0x230 ./Drivers/STM32WLxx_HAL_Driver/stm32wlxx_hal_rcc.o
 .debug_aranges
                0x0000000000000c68      0x1e8 ./Drivers/STM32WLxx_HAL_Driver/stm32wlxx_hal_rcc_ex.o
 .debug_aranges
                0x0000000000000e50       0xe8 ./Drivers/STM32WLxx_HAL_Driver/stm32wlxx_hal_rtc.o
 .debug_aranges
                0x0000000000000f38      0x1b0 ./Drivers/STM32WLxx_HAL_Driver/stm32wlxx_hal_rtc_ex.o
 .debug_aranges
                0x00000000000010e8      0x258 ./Drivers/STM32WLxx_HAL_Driver/stm32wlxx_hal_uart.o
 .debug_aranges
                0x0000000000001340       0xa8 ./Drivers/STM32WLxx_HAL_Driver/stm32wlxx_hal_uart_ex.o

.debug_ranges   0x0000000000000000     0x12c0
 .debug_ranges  0x0000000000000000       0x18 ./Common/System/system_stm32wlxx.o
 .debug_ranges  0x0000000000000018       0x60 ./Core/Src/calendar.o
 .debug_ranges  0x0000000000000078       0x68 ./Core/Src/main.o
 .debug_ranges  0x00000000000000e0       0x30 ./Core/Src/rtc_alarm_control.o
 .debug_ranges  0x0000000000000110       0x58 ./Core/Src/stm32wlxx_hal_msp.o
 .debug_ranges  0x0000000000000168       0x60 ./Core/Src/stm32wlxx_it.o
 .debug_ranges  0x00000000000001c8       0x10 ./Core/Src/sysmem.o
 .debug_ranges  0x00000000000001d8       0x70 ./Core/Src/uart_basic_com.o
 .debug_ranges  0x0000000000000248       0x18 ./Core/Src/uart_messge.o
 .debug_ranges  0x0000000000000260       0x20 ./Core/Startup/startup_stm32wl55jcix.o
 .debug_ranges  0x0000000000000280      0x230 ./Drivers/STM32WLxx_HAL_Driver/stm32wlxx_hal.o
 .debug_ranges  0x00000000000004b0      0x108 ./Drivers/STM32WLxx_HAL_Driver/stm32wlxx_hal_cortex.o
 .debug_ranges  0x00000000000005b8       0x90 ./Drivers/STM32WLxx_HAL_Driver/stm32wlxx_hal_dma.o
 .debug_ranges  0x0000000000000648       0x50 ./Drivers/STM32WLxx_HAL_Driver/stm32wlxx_hal_gpio.o
 .debug_ranges  0x0000000000000698       0xb8 ./Drivers/STM32WLxx_HAL_Driver/stm32wlxx_hal_pwr.o
 .debug_ranges  0x0000000000000750      0x1f0 ./Drivers/STM32WLxx_HAL_Driver/stm32wlxx_hal_pwr_ex.o
 .debug_ranges  0x0000000000000940      0x220 ./Drivers/STM32WLxx_HAL_Driver/stm32wlxx_hal_rcc.o
 .debug_ranges  0x0000000000000b60      0x1d8 ./Drivers/STM32WLxx_HAL_Driver/stm32wlxx_hal_rcc_ex.o
 .debug_ranges  0x0000000000000d38       0xd8 ./Drivers/STM32WLxx_HAL_Driver/stm32wlxx_hal_rtc.o
 .debug_ranges  0x0000000000000e10      0x1a0 ./Drivers/STM32WLxx_HAL_Driver/stm32wlxx_hal_rtc_ex.o
 .debug_ranges  0x0000000000000fb0      0x278 ./Drivers/STM32WLxx_HAL_Driver/stm32wlxx_hal_uart.o
 .debug_ranges  0x0000000000001228       0x98 ./Drivers/STM32WLxx_HAL_Driver/stm32wlxx_hal_uart_ex.o

.debug_macro    0x0000000000000000    0x1df28
 .debug_macro   0x0000000000000000      0x21e ./Common/System/system_stm32wlxx.o
 .debug_macro   0x000000000000021e      0xa72 ./Common/System/system_stm32wlxx.o
 .debug_macro   0x0000000000000c90       0x2e ./Common/System/system_stm32wlxx.o
 .debug_macro   0x0000000000000cbe       0x3a ./Common/System/system_stm32wlxx.o
 .debug_macro   0x0000000000000cf8       0x22 ./Common/System/system_stm32wlxx.o
 .debug_macro   0x0000000000000d1a       0x8e ./Common/System/system_stm32wlxx.o
 .debug_macro   0x0000000000000da8       0x51 ./Common/System/system_stm32wlxx.o
 .debug_macro   0x0000000000000df9      0x103 ./Common/System/system_stm32wlxx.o
 .debug_macro   0x0000000000000efc       0x6a ./Common/System/system_stm32wlxx.o
 .debug_macro   0x0000000000000f66      0x1df ./Common/System/system_stm32wlxx.o
 .debug_macro   0x0000000000001145       0x1c ./Common/System/system_stm32wlxx.o
 .debug_macro   0x0000000000001161       0x22 ./Common/System/system_stm32wlxx.o
 .debug_macro   0x0000000000001183       0xfb ./Common/System/system_stm32wlxx.o
 .debug_macro   0x000000000000127e     0x1011 ./Common/System/system_stm32wlxx.o
 .debug_macro   0x000000000000228f      0x11f ./Common/System/system_stm32wlxx.o
 .debug_macro   0x00000000000023ae     0xf31a ./Common/System/system_stm32wlxx.o
 .debug_macro   0x00000000000116c8       0x6d ./Common/System/system_stm32wlxx.o
 .debug_macro   0x0000000000011735      0x124 ./Common/System/system_stm32wlxx.o
 .debug_macro   0x0000000000011859     0x341d ./Common/System/system_stm32wlxx.o
 .debug_macro   0x0000000000014c76      0x174 ./Common/System/system_stm32wlxx.o
 .debug_macro   0x0000000000014dea       0x5c ./Common/System/system_stm32wlxx.o
 .debug_macro   0x0000000000014e46      0x416 ./Common/System/system_stm32wlxx.o
 .debug_macro   0x000000000001525c      0x29c ./Common/System/system_stm32wlxx.o
 .debug_macro   0x00000000000154f8      0x35a ./Common/System/system_stm32wlxx.o
 .debug_macro   0x0000000000015852      0x196 ./Common/System/system_stm32wlxx.o
 .debug_macro   0x00000000000159e8       0x4a ./Common/System/system_stm32wlxx.o
 .debug_macro   0x0000000000015a32      0x236 ./Common/System/system_stm32wlxx.o
 .debug_macro   0x0000000000015c68      0x229 ./Common/System/system_stm32wlxx.o
 .debug_macro   0x0000000000015e91      0x3fa ./Common/System/system_stm32wlxx.o
 .debug_macro   0x000000000001628b       0x2e ./Common/System/system_stm32wlxx.o
 .debug_macro   0x00000000000162b9      0x107 ./Common/System/system_stm32wlxx.o
 .debug_macro   0x00000000000163c0      0x1ba ./Common/System/system_stm32wlxx.o
 .debug_macro   0x000000000001657a       0xe6 ./Common/System/system_stm32wlxx.o
 .debug_macro   0x0000000000016660      0x283 ./Common/System/system_stm32wlxx.o
 .debug_macro   0x00000000000168e3      0x133 ./Common/System/system_stm32wlxx.o
 .debug_macro   0x0000000000016a16      0x36f ./Common/System/system_stm32wlxx.o
 .debug_macro   0x0000000000016d85      0x683 ./Common/System/system_stm32wlxx.o
 .debug_macro   0x0000000000017408      0x20e ./Common/System/system_stm32wlxx.o
 .debug_macro   0x0000000000017616      0xfb4 ./Common/System/system_stm32wlxx.o
 .debug_macro   0x00000000000185ca      0x136 ./Common/System/system_stm32wlxx.o
 .debug_macro   0x0000000000018700      0x2db ./Common/System/system_stm32wlxx.o
 .debug_macro   0x00000000000189db      0x32f ./Common/System/system_stm32wlxx.o
 .debug_macro   0x0000000000018d0a      0x679 ./Common/System/system_stm32wlxx.o
 .debug_macro   0x0000000000019383       0xeb ./Common/System/system_stm32wlxx.o
 .debug_macro   0x000000000001946e      0x693 ./Common/System/system_stm32wlxx.o
 .debug_macro   0x0000000000019b01       0xa6 ./Common/System/system_stm32wlxx.o
 .debug_macro   0x0000000000019ba7      0x45a ./Common/System/system_stm32wlxx.o
 .debug_macro   0x000000000001a001      0x3c0 ./Common/System/system_stm32wlxx.o
 .debug_macro   0x000000000001a3c1      0x327 ./Core/Src/calendar.o
 .debug_macro   0x000000000001a6e8       0x1c ./Core/Src/calendar.o
 .debug_macro   0x000000000001a704       0x22 ./Core/Src/calendar.o
 .debug_macro   0x000000000001a726       0x10 ./Core/Src/calendar.o
 .debug_macro   0x000000000001a736       0x52 ./Core/Src/calendar.o
 .debug_macro   0x000000000001a788       0x18 ./Core/Src/calendar.o
 .debug_macro   0x000000000001a7a0       0x3c ./Core/Src/calendar.o
 .debug_macro   0x000000000001a7dc       0x34 ./Core/Src/calendar.o
 .debug_macro   0x000000000001a810       0x16 ./Core/Src/calendar.o
 .debug_macro   0x000000000001a826       0x43 ./Core/Src/calendar.o
 .debug_macro   0x000000000001a869       0x34 ./Core/Src/calendar.o
 .debug_macro   0x000000000001a89d       0x10 ./Core/Src/calendar.o
 .debug_macro   0x000000000001a8ad       0x58 ./Core/Src/calendar.o
 .debug_macro   0x000000000001a905       0x71 ./Core/Src/calendar.o
 .debug_macro   0x000000000001a976       0x1c ./Core/Src/calendar.o
 .debug_macro   0x000000000001a992      0x12a ./Core/Src/calendar.o
 .debug_macro   0x000000000001aabc      0x341 ./Core/Src/calendar.o
 .debug_macro   0x000000000001adfd       0x10 ./Core/Src/calendar.o
 .debug_macro   0x000000000001ae0d       0x35 ./Core/Src/calendar.o
 .debug_macro   0x000000000001ae42       0x20 ./Core/Src/calendar.o
 .debug_macro   0x000000000001ae62      0x401 ./Core/Src/main.o
 .debug_macro   0x000000000001b263       0x1c ./Core/Src/main.o
 .debug_macro   0x000000000001b27f       0x1c ./Core/Src/main.o
 .debug_macro   0x000000000001b29b       0x10 ./Core/Src/main.o
 .debug_macro   0x000000000001b2ab       0x10 ./Core/Src/main.o
 .debug_macro   0x000000000001b2bb       0x1c ./Core/Src/main.o
 .debug_macro   0x000000000001b2d7       0x52 ./Core/Src/main.o
 .debug_macro   0x000000000001b329       0x22 ./Core/Src/main.o
 .debug_macro   0x000000000001b34b       0x10 ./Core/Src/main.o
 .debug_macro   0x000000000001b35b       0x52 ./Core/Src/main.o
 .debug_macro   0x000000000001b3ad       0xd5 ./Core/Src/main.o
 .debug_macro   0x000000000001b482       0x1c ./Core/Src/main.o
 .debug_macro   0x000000000001b49e       0x3d ./Core/Src/main.o
 .debug_macro   0x000000000001b4db       0x16 ./Core/Src/main.o
 .debug_macro   0x000000000001b4f1      0x145 ./Core/Src/main.o
 .debug_macro   0x000000000001b636      0x237 ./Core/Src/rtc_alarm_control.o
 .debug_macro   0x000000000001b86d      0x22d ./Core/Src/stm32wlxx_hal_msp.o
 .debug_macro   0x000000000001ba9a      0x237 ./Core/Src/stm32wlxx_it.o
 .debug_macro   0x000000000001bcd1       0xff ./Core/Src/sysmem.o
 .debug_macro   0x000000000001bdd0      0x23b ./Core/Src/sysmem.o
 .debug_macro   0x000000000001c00b      0x313 ./Core/Src/uart_basic_com.o
 .debug_macro   0x000000000001c31e       0x16 ./Core/Src/uart_basic_com.o
 .debug_macro   0x000000000001c334      0x145 ./Core/Src/uart_messge.o
 .debug_macro   0x000000000001c479      0x242 ./Drivers/STM32WLxx_HAL_Driver/stm32wlxx_hal.o
 .debug_macro   0x000000000001c6bb      0x21e ./Drivers/STM32WLxx_HAL_Driver/stm32wlxx_hal_cortex.o
 .debug_macro   0x000000000001c8d9      0x21e ./Drivers/STM32WLxx_HAL_Driver/stm32wlxx_hal_dma.o
 .debug_macro   0x000000000001caf7      0x224 ./Drivers/STM32WLxx_HAL_Driver/stm32wlxx_hal_gpio.o
 .debug_macro   0x000000000001cd1b      0x278 ./Drivers/STM32WLxx_HAL_Driver/stm32wlxx_hal_pwr.o
 .debug_macro   0x000000000001cf93      0x230 ./Drivers/STM32WLxx_HAL_Driver/stm32wlxx_hal_pwr_ex.o
 .debug_macro   0x000000000001d1c3      0x27e ./Drivers/STM32WLxx_HAL_Driver/stm32wlxx_hal_rcc.o
 .debug_macro   0x000000000001d441      0x230 ./Drivers/STM32WLxx_HAL_Driver/stm32wlxx_hal_rcc_ex.o
 .debug_macro   0x000000000001d671      0x21f ./Drivers/STM32WLxx_HAL_Driver/stm32wlxx_hal_rtc.o
 .debug_macro   0x000000000001d890      0x225 ./Drivers/STM32WLxx_HAL_Driver/stm32wlxx_hal_rtc_ex.o
 .debug_macro   0x000000000001dab5      0x249 ./Drivers/STM32WLxx_HAL_Driver/stm32wlxx_hal_uart.o
 .debug_macro   0x000000000001dcfe      0x22a ./Drivers/STM32WLxx_HAL_Driver/stm32wlxx_hal_uart_ex.o

.debug_line     0x0000000000000000    0x140e0
 .debug_line    0x0000000000000000      0x888 ./Common/System/system_stm32wlxx.o
 .debug_line    0x0000000000000888      0xb5b ./Core/Src/calendar.o
 .debug_line    0x00000000000013e3      0xd02 ./Core/Src/main.o
 .debug_line    0x00000000000020e5      0x9e3 ./Core/Src/rtc_alarm_control.o
 .debug_line    0x0000000000002ac8      0x8df ./Core/Src/stm32wlxx_hal_msp.o
 .debug_line    0x00000000000033a7      0x889 ./Core/Src/stm32wlxx_it.o
 .debug_line    0x0000000000003c30      0x52b ./Core/Src/sysmem.o
 .debug_line    0x000000000000415b      0xaa8 ./Core/Src/uart_basic_com.o
 .debug_line    0x0000000000004c03      0x570 ./Core/Src/uart_messge.o
 .debug_line    0x0000000000005173       0x89 ./Core/Startup/startup_stm32wl55jcix.o
 .debug_line    0x00000000000051fc      0xf9c ./Drivers/STM32WLxx_HAL_Driver/stm32wlxx_hal.o
 .debug_line    0x0000000000006198      0xd83 ./Drivers/STM32WLxx_HAL_Driver/stm32wlxx_hal_cortex.o
 .debug_line    0x0000000000006f1b      0xfe2 ./Drivers/STM32WLxx_HAL_Driver/stm32wlxx_hal_dma.o
 .debug_line    0x0000000000007efd      0xbf8 ./Drivers/STM32WLxx_HAL_Driver/stm32wlxx_hal_gpio.o
 .debug_line    0x0000000000008af5      0xa7c ./Drivers/STM32WLxx_HAL_Driver/stm32wlxx_hal_pwr.o
 .debug_line    0x0000000000009571      0xf5a ./Drivers/STM32WLxx_HAL_Driver/stm32wlxx_hal_pwr_ex.o
 .debug_line    0x000000000000a4cb     0x17b2 ./Drivers/STM32WLxx_HAL_Driver/stm32wlxx_hal_rcc.o
 .debug_line    0x000000000000bc7d     0x13f4 ./Drivers/STM32WLxx_HAL_Driver/stm32wlxx_hal_rcc_ex.o
 .debug_line    0x000000000000d071     0x104d ./Drivers/STM32WLxx_HAL_Driver/stm32wlxx_hal_rtc.o
 .debug_line    0x000000000000e0be     0x1504 ./Drivers/STM32WLxx_HAL_Driver/stm32wlxx_hal_rtc_ex.o
 .debug_line    0x000000000000f5c2     0x3cdd ./Drivers/STM32WLxx_HAL_Driver/stm32wlxx_hal_uart.o
 .debug_line    0x000000000001329f      0xe41 ./Drivers/STM32WLxx_HAL_Driver/stm32wlxx_hal_uart_ex.o

.debug_str      0x0000000000000000    0xb8809
 .debug_str     0x0000000000000000    0xae3f6 ./Common/System/system_stm32wlxx.o
                                      0xae9c8 (size before relaxing)
 .debug_str     0x00000000000ae3f6     0x3358 ./Core/Src/calendar.o
                                      0xb1aa4 (size before relaxing)
 .debug_str     0x00000000000b174e     0x1f39 ./Core/Src/main.o
                                      0xb3af8 (size before relaxing)
 .debug_str     0x00000000000b3687       0x88 ./Core/Src/rtc_alarm_control.o
                                      0xaeb9c (size before relaxing)
 .debug_str     0x00000000000b370f      0x2c5 ./Core/Src/stm32wlxx_hal_msp.o
                                      0xaf7ab (size before relaxing)
 .debug_str     0x00000000000b39d4      0x11c ./Core/Src/stm32wlxx_it.o
                                      0xaef90 (size before relaxing)
 .debug_str     0x00000000000b3af0      0x4da ./Core/Src/sysmem.o
                                       0x5dab (size before relaxing)
 .debug_str     0x00000000000b3fca      0x13c ./Core/Src/uart_basic_com.o
                                      0xb1d5b (size before relaxing)
 .debug_str     0x00000000000b4106       0x1a ./Core/Src/uart_messge.o
                                       0x6e29 (size before relaxing)
 .debug_str     0x00000000000b4120       0x36 ./Core/Startup/startup_stm32wl55jcix.o
                                         0x9c (size before relaxing)
 .debug_str     0x00000000000b4156      0x947 ./Drivers/STM32WLxx_HAL_Driver/stm32wlxx_hal.o
                                      0xaf7ab (size before relaxing)
 .debug_str     0x00000000000b4a9d      0x3b6 ./Drivers/STM32WLxx_HAL_Driver/stm32wlxx_hal_cortex.o
                                      0xaf0a9 (size before relaxing)
 .debug_str     0x00000000000b4e53      0x35a ./Drivers/STM32WLxx_HAL_Driver/stm32wlxx_hal_dma.o
                                      0xaed78 (size before relaxing)