../Modules/Calendar/Src/calendar.c:49:16:calendar_init	16	static
../Modules/Calendar/Src/calendar.c:82:16:calendar_resetEvents	8	static
../Modules/Calendar/Src/calendar.c:107:16:calendar_start	8	static
../Modules/Calendar/Src/calendar.c:144:16:calendar_pause	4	static
../Modules/Calendar/Src/calendar.c:176:16:calendar_setDateTime	32	static
../Modules/Calendar/Src/calendar.c:200:16:calendar_getDateTime	32	static
../Modules/Calendar/Src/calendar.c:228:16:calendar_addEvent	16	static
../Modules/Calendar/Src/calendar.c:257:16:calendar_peekEvent	16	static
../Modules/Calendar/Src/calendar.c:280:16:calendar_removeEvent	16	static
../Modules/Calendar/Src/calendar.c:308:16:calendar_update	8	static
../Modules/Calendar/Src/calendar.c:348:6:calendar_AlarmA_ISR	4	static
../Modules/Calendar/Src/calendar.c:363:6:_update	48	static
