../Modules/Calendar/Src/calendar.c:40:16:calendar_init	16	static
../Modules/Calendar/Src/calendar.c:73:16:calendar_resetEvents	8	static
../Modules/Calendar/Src/calendar.c:98:16:calendar_start	8	static
../Modules/Calendar/Src/calendar.c:135:16:calendar_pause	4	static
../Modules/Calendar/Src/calendar.c:167:16:calendar_setDateTime	32	static
../Modules/Calendar/Src/calendar.c:191:16:calendar_getDateTime	32	static
../Modules/Calendar/Src/calendar.c:219:16:calendar_addEvent	16	static
../Modules/Calendar/Src/calendar.c:248:16:calendar_peekEvent	16	static
../Modules/Calendar/Src/calendar.c:277:16:calendar_removeEvent	16	static
../Modules/Calendar/Src/calendar.c:305:16:calendar_update	8	static
../Modules/Calendar/Src/calendar.c:345:6:calendar_AlarmA_ISR	4	static
../Modules/Calendar/Src/calendar.c:360:6:_update	48	static
