../Modules/Calendar/Src/calendar.c:40:16:calendar_init	16	static
../Modules/Calendar/Src/calendar.c:73:16:calendar_resetEvents	8	static
../Modules/Calendar/Src/calendar.c:98:16:calendar_startScheduler	8	static
../Modules/Calendar/Src/calendar.c:135:16:calendar_pauseScheduler	4	static
../Modules/Calendar/Src/calendar.c:167:16:calendar_setDateTime	32	static
../Modules/Calendar/Src/calendar.c:200:16:calendar_getDateTime	32	static
../Modules/Calendar/Src/calendar.c:225:16:calendar_addEvent	16	static
../Modules/Calendar/Src/calendar.c:263:16:calendar_peekEvent	16	static
../Modules/Calendar/Src/calendar.c:292:16:calendar_removeEvent	16	static
../Modules/Calendar/Src/calendar.c:335:16:calendar_updateScheduler	8	static
../Modules/Calendar/Src/calendar.c:375:6:calendar_AlarmA_ISR	4	static
../Modules/Calendar/Src/calendar.c:390:6:_update	48	static
