../Modules/Calendar/Src/calendar.c:70:16:calendar_init	16	static
../Modules/Calendar/Src/calendar.c:103:16:calendar_resetEvents	8	static
../Modules/Calendar/Src/calendar.c:128:16:calendar_start	24	static
../Modules/Calendar/Src/calendar.c:193:16:calendar_pause	4	static
../Modules/Calendar/Src/calendar.c:225:16:calendar_setDateTime	32	static
../Modules/Calendar/Src/calendar.c:249:16:calendar_getDateTime	32	static
../Modules/Calendar/Src/calendar.c:277:16:calendar_addEvent	16	static
../Modules/Calendar/Src/calendar.c:306:16:calendar_peekEvent	16	static
../Modules/Calendar/Src/calendar.c:329:16:calendar_removeEvent	16	static
../Modules/Calendar/Src/calendar.c:357:16:calendar_update	8	static
../Modules/Calendar/Src/calendar.c:393:6:calendar_AlarmA_ISR	4	static
../Modules/Calendar/Src/calendar.c:406:9:_compareDateTime	40	static
../Modules/Calendar/Src/calendar.c:426:10:_dateTimeToSeconds	16	static
../Modules/Calendar/Src/calendar.c:443:6:_getNextAlarm	64	static
../Modules/Calendar/Src/calendar.c:522:6:_addEvent	24	static
../Modules/Calendar/Src/calendar.c:579:6:_copyEvent	16	static
../Modules/Calendar/Src/calendar.c:606:6:_update	88	static
../Modules/Calendar/Src/calendar.c:694:6:_resetEvents	16	static
