../Modules/Calendar/Src/calendar.c:68:16:calendar_init	16	static
../Modules/Calendar/Src/calendar.c:100:16:calendar_resetEvents	8	static
../Modules/Calendar/Src/calendar.c:119:16:calendar_start	24	static
../Modules/Calendar/Src/calendar.c:177:16:calendar_pause	4	static
../Modules/Calendar/Src/calendar.c:204:16:calendar_setDateTime	32	static
../Modules/Calendar/Src/calendar.c:224:16:calendar_getDateTime	32	static
../Modules/Calendar/Src/calendar.c:245:16:calendar_addEvent	16	static
../Modules/Calendar/Src/calendar.c:272:16:calendar_peekEvent	16	static
../Modules/Calendar/Src/calendar.c:291:16:calendar_removeEvent	16	static
../Modules/Calendar/Src/calendar.c:310:16:calendar_update	8	static
../Modules/Calendar/Src/calendar.c:339:6:calendar_AlarmA_ISR	4	static
../Modules/Calendar/Src/calendar.c:350:9:_compareDateTime	40	static
../Modules/Calendar/Src/calendar.c:365:10:_dateTimeToSeconds	16	static
../Modules/Calendar/Src/calendar.c:382:6:_getNextAlarm	64	static
../Modules/Calendar/Src/calendar.c:458:6:_addEvent	24	static
../Modules/Calendar/Src/calendar.c:514:6:_copyEvent	16	static
../Modules/Calendar/Src/calendar.c:536:6:_update	88	static
../Modules/Calendar/Src/calendar.c:623:6:_resetEvents	16	static
