../Modules/Calendar/Src/calendar.c:58:6:calendar_init	24	static
../Modules/Calendar/Src/calendar.c:89:6:calendar_start	24	static
../Modules/Calendar/Src/calendar.c:139:6:calendar_pause	4	static
../Modules/Calendar/Src/calendar.c:158:6:calendar_setDateTime	32	static
../Modules/Calendar/Src/calendar.c:168:6:calendar_getDateTime	32	static
../Modules/Calendar/Src/calendar.c:178:16:calendar_addEvent	16	static
../Modules/Calendar/Src/calendar.c:205:6:calendar_peekEvent	16	static
../Modules/Calendar/Src/calendar.c:214:6:calendar_removeEvent	16	static
../Modules/Calendar/Src/calendar.c:223:6:calendar_update	88	static
../Modules/Calendar/Src/calendar.c:312:6:calendar_AlarmA_ISR	4	static
../Modules/Calendar/Src/calendar.c:323:9:compareDateTime	40	static
../Modules/Calendar/Src/calendar.c:338:10:dateTimeToSeconds	16	static
../Modules/Calendar/Src/calendar.c:355:6:getNextAlarm	64	static
../Modules/Calendar/Src/calendar.c:431:6:_addEvent	24	static
../Modules/Calendar/Src/calendar.c:487:6:_copyEvent	16	static
