../Modules/Calendar/Src/rtc_calendar_control.c:24:16:rtcCalendarControl_init	16	static
../Modules/Calendar/Src/rtc_calendar_control.c:41:16:rtcCalendarControl_setDateTime	48	static
../Modules/Calendar/Src/rtc_calendar_control.c:83:16:rtcCalendarControl_getDateTime	48	static
../Modules/Calendar/Src/rtc_calendar_control.c:117:16:rtcCalendarControl_setAlarm_A	72	static
../Modules/Calendar/Src/rtc_calendar_control.c:151:16:rtcCalendarControl_getAlarm_A	72	static
../Modules/Calendar/Src/rtc_calendar_control.c:183:16:rtcCalendarControl_diableAlarm_A	8	static
