../Core/Src/desktop_app_communication.c:41:6:initDesktopCommunication	16	static
../Core/Src/desktop_app_communication.c:55:21:reportToDesktopApp	56	static
../Core/Src/desktop_app_communication.c:81:22:retrieveFromDesktopApp	56	static
../Core/Src/desktop_app_communication.c:109:6:checkRxTxError	4	static
../Core/Src/desktop_app_communication.c:117:6:flushReportQueue	8	static
../Core/Src/desktop_app_communication.c:133:6:startDesktopAppCommunication	8	static
../Core/Src/desktop_app_communication.c:144:6:deskAppRxCompleteISR	8	static
../Core/Src/desktop_app_communication.c:167:6:deskAppTxCompleteISR	4	static
../Core/Src/desktop_app_communication.c:178:6:_txMessage_IT	8	static
../Core/Src/desktop_app_communication.c:187:6:_rxMessage_IT	8	static
../Core/Src/desktop_app_communication.c:196:6:_txMessage_Poll	8	static
../Core/Src/desktop_app_communication.c:205:6:_rxMessage_Poll	8	static
