../Core/Src/desktop_app_communication.c:41:6:initDesktopCommunication	16	static
../Core/Src/desktop_app_communication.c:55:21:reportToDesktopApp	48	static
../Core/Src/desktop_app_communication.c:96:22:retrieveFromDesktopApp	48	static
../Core/Src/desktop_app_communication.c:138:6:checkRxTxError	4	static
../Core/Src/desktop_app_communication.c:146:6:flushReportQueue	8	static
../Core/Src/desktop_app_communication.c:162:6:startDesktopAppCommunication	8	static
../Core/Src/desktop_app_communication.c:173:6:deskAppRxCompleteISR	8	static
../Core/Src/desktop_app_communication.c:197:6:deskAppTxCompleteISR	4	static
../Core/Src/desktop_app_communication.c:205:6:deskAppErrorISR	4	static
../Core/Src/desktop_app_communication.c:216:6:_txMessage_IT	8	static
../Core/Src/desktop_app_communication.c:225:6:_rxMessage_IT	8	static
../Core/Src/desktop_app_communication.c:234:6:_txMessage_Poll	8	static
../Core/Src/desktop_app_communication.c:243:6:_rxMessage_Poll	8	static
