../../Drivers/STM32WLxx_HAL_Driver/Inc/stm32wlxx_ll_rcc.h:1257:22:LL_RCC_LSE_SetDriveCapability	16	static
../../Drivers/STM32WLxx_HAL_Driver/Inc/stm32wlxx_ll_bus.h:449:22:LL_AHB2_GRP1_EnableClock	24	static
../Core/Src/main.c:63:6:HAL_UART_ErrorCallback	16	static
../Core/Src/main.c:72:6:HAL_UART_TxCpltCallback	16	static
../Core/Src/main.c:82:6:HAL_UART_RxCpltCallback	16	static
../Core/Src/main.c:96:5:main	48	static
../Core/Src/main.c:166:6:SystemClock_Config	112	static
../Core/Src/main.c:216:13:MX_USART2_UART_Init	8	static
../Core/Src/main.c:266:13:MX_GPIO_Init	8	static
../Core/Src/main.c:288:6:Error_Handler	4	static,ignoring_inline_asm
