../../Drivers/STM32WLxx_HAL_Driver/Inc/stm32wlxx_ll_rcc.h:1257:22:LL_RCC_LSE_SetDriveCapability	16	static
../../Drivers/STM32WLxx_HAL_Driver/Inc/stm32wlxx_ll_bus.h:449:22:LL_AHB2_GRP1_EnableClock	24	static
../Core/Src/main.c:62:6:HAL_UART_ErrorCallback	16	static
../Core/Src/main.c:67:6:HAL_UART_TxCpltCallback	16	static
../Core/Src/main.c:73:6:HAL_UART_RxCpltCallback	16	static
../Core/Src/main.c:87:5:main	8	static
../Core/Src/main.c:155:6:SystemClock_Config	112	static
../Core/Src/main.c:205:13:MX_USART2_UART_Init	8	static
../Core/Src/main.c:255:13:MX_GPIO_Init	8	static
../Core/Src/main.c:277:6:Error_Handler	4	static,ignoring_inline_asm
