../Core/Src/uart_basic_com.c:41:6:uartBasic_init	16	static
../Core/Src/uart_basic_com.c:51:6:uartBasic_TX_IT	16	static
../Core/Src/uart_basic_com.c:79:6:uartBasic_RX_IT	8	static
../Core/Src/uart_basic_com.c:103:6:uartBasic_get_RX	56	static
../Core/Src/uart_basic_com.c:137:6:uartBasic_RX_Complete_ISR	4	static
../Core/Src/uart_basic_com.c:146:6:uartBasic_TX_Complete_ISR	4	static
../Core/Src/uart_basic_com.c:155:6:uartBasic_Error_ISR	4	static
../Core/Src/uart_basic_com.c:167:6:_txMessage_IT	8	static
../Core/Src/uart_basic_com.c:177:6:_rxMessage_IT	8	static
../Core/Src/uart_basic_com.c:187:6:_txMessage_Poll	8	static
../Core/Src/uart_basic_com.c:197:6:_rxMessage_Poll	8	static
